#
# Start of map file
#
NAME stations
STATUS ON
SIZE 300 300
#SYMBOLSET symbols/symbol.sym
FONTSET "/mesonet/www/html/GIS/data/fonts/fonts.list"
EXTENT -104 37 -87 49
UNITS DD
SHAPEPATH "/mesonet/www/html/GIS/data/"
SYMBOLSET "/mesonet/www/html/GIS/data/symbols/stations.sym"
IMAGECOLOR 255 255 255
IMAGETYPE PNG
TRANSPARENT off
INTERLACE off

#
# Projection definition, consult the PROJ.4 documentation for parameter discussion
#
PROJECTION
   "proj=latlong"
#  "proj=merc"
#  "lat_ts=0"
#  "lon_0=0"
#  "k_0=1"
#  "x_0=0"
#  "y_0 0"
END

#
# Start of web interface definition
#
WEB
  HEADER q_header.html
  TEMPLATE warning0.html
  FOOTER q_footer.html
  MINSCALE 90000
  MAXSCALE 40000000
  IMAGEPATH "/home/httpd/html/tmp/"
  IMAGEURL "/tmp/"
  LOG "/home/httpd/html/tmp/warning0.log"
END



SCALEBAR
  IMAGECOLOR 255 255 255
  LABEL
    COLOR 0 0 0
    SIZE tiny
  END
  STYLE 1
  SIZE 50 2
  COLOR 0 0 0
  UNITS MILES
  INTERVALS 1
  TRANSPARENT TRUE
  STATUS TRUE
END

LAYER
  NAME radar
  DATA /mesonet/data/gis/DMX_N0R.tif
  TYPE RASTER
  STATUS ON
  PROJECTION
   "proj=lcc"
   "lat_1=42.0666"
   "lat_2=43.2666"
   "lat_0=41.5"
   "lon_0=-93.5"
   "x_0=1500000"
   "y_0=1000000"
  END
  OFFSITE 0
END


LAYER
  NAME states
  STATUS DEFAULT
  TYPE POLYGON
  DATA shape/states.shp
  PROJECTION
   "proj=latlong"
  END
  CLASS
    OUTLINECOLOR 0 0 0
  END
END

LAYER
  NAME iowa_counties
  STATUS ON
  TYPE POLYGON
  DATA /mesonet/data/gis/shape/unproj/iem/cwa_counties.shp
  PROJECTION
   "proj=latlong"
  END
  CLASSITEM 'FIPS'
  CLASS
    EXPRESSION /19043/
    OUTLINECOLOR 0 0 0
    COLOR 0 0 0
    BACKGROUNDCOLOR 0 0 0
    SYMBOL 1
    SIZE 3
  END
  CLASS
    OUTLINECOLOR 255 0 0
    COLOR -1 -1 -1
  END
END

LAYER
  NAME more_counties
  STATUS ON
  TYPE POLYGON
  DATA /mesonet/data/gis/shape/unproj/iem/sd_cwa_counties.shp
  PROJECTION
   "proj=latlong"
  END
  CLASS
    OUTLINECOLOR 255 0 0
    COLOR -1 -1 -1
  END
END



LAYER
  NAME cwas
  STATUS ON
  TYPE POLYGON
  DATA /mesonet/data/gis/shape/unproj/us/cwas.shp
  PROJECTION
   "proj=latlong"
  END
  LABELITEM "WFO"
  CLASSITEM "WFO"
  CLASS
    EXPRESSION /DMX|ABR/
    OUTLINECOLOR -1 -1 -1
    COLOR 200 200 200
    LABEL
      COLOR 0 0 255
      BACKGROUNDCOLOR -1 -1 -1
      OUTLINECOLOR -1 -1 -1
      TYPE TRUETYPE
      SIZE 12
      FONT 'arial'
      POSITION CC
      PARTIALS FALSE
    END
  END
  CLASS
    EXPRESSION /DVN|FSD/
    OUTLINECOLOR -1 -1 -1
    COLOR 240 248 255
    LABEL
      COLOR 0 0 255
      BACKGROUNDCOLOR -1 -1 -1
      OUTLINECOLOR -1 -1 -1
      TYPE TRUETYPE
      SIZE 12
      FONT 'arial'
      POSITION CC
      PARTIALS FALSE
    END
  END
  CLASS
    EXPRESSION /MPX|EAX|UNR/
    OUTLINECOLOR -1 -1 -1
    COLOR 250 235 215
    LABEL
      COLOR 0 0 255
      BACKGROUNDCOLOR -1 -1 -1
      OUTLINECOLOR -1 -1 -1
      TYPE TRUETYPE
      SIZE 12
      FONT 'arial'
      POSITION CC
      PARTIALS FALSE
    END
  END
  CLASS
    EXPRESSION /OAX|ARX/
    OUTLINECOLOR -1 -1 -1
    COLOR 255 182 193
    LABEL
      COLOR 0 0 255
      BACKGROUNDCOLOR -1 -1 -1
      OUTLINECOLOR -1 -1 -1
      TYPE TRUETYPE
      SIZE 12
      FONT 'arial'
      POSITION CC
      PARTIALS FALSE
    END
  END
END



LAYER
  CONNECTIONTYPE postgis
  NAME warnings0_c
  CONNECTION "user=akrherz dbname=postgis host=mesonet.agron.iastate.edu"
  DATA "geom from (select oid, * from warnings) as foo"
  STATUS DEFAULT
  TYPE POLYGON
  TEMPLATE q_template.html
  FILTER "expire > CURRENT_TIMESTAMP and gtype = 'C'"
  PROJECTION
   "proj=latlong"
  END
  CLASSITEM "TYPE"
  CLASS
    EXPRESSION /SVR/
    COLOR 250 250 0
    OUTLINECOLOR 0 0 0
#    SYMBOL 1
#    SIZE 2
  END
END


LAYER
  CONNECTIONTYPE postgis
  NAME warnings0_p
  CONNECTION "user=akrherz dbname=postgis host=mesonet.agron.iastate.edu"
  DATA "geom from warnings"
  STATUS ON
  TYPE POLYGON
  TEMPLATE q_template.html
  FILTER "expire > CURRENT_TIMESTAMP and gtype = 'P'"
  PROJECTION
   "proj=latlong"
  END
  CLASS
    COLOR -1 -1 -1
    BACKGROUNDCOLOR 255 0 0
    OUTLINECOLOR 255 0 0
    SYMBOL 1
    SIZE 2
  END
END

LAYER
  TYPE RASTER
  STATUS DEFAULT
  DATA /mesonet/data/gis/images/unproj/MWCOMP/n0r_0.tif
  PROJECTION
    "proj=latlong"
  END
  TRANSPARENCY 80
END

END
