MAP
#
# Start of map file
#
NAME precip
STATUS ON
SIZE 450 350
#SYMBOLSET symbols/symbol.sym
FONTSET "/mesonet/data/gis/fonts/fonts.list"
EXTENT -98.50 37.00 -89.30 46.0
UNITS DD
SHAPEPATH "/mesonet/data/gis/"
SYMBOLSET "/mesonet/data/gis/symbols/stations.sym"
IMAGECOLOR -1 -1 -1
IMAGETYPE PNG
TRANSPARENT off
INTERLACE off

#
# Projection definition, consult the PROJ.4 documentation for parameter discussion
#
PROJECTION
#  "proj=utm"
#  "ellps=GRS80"
#  "zone=15"
#  "north"
#  "no_defs"
  "proj=latlong"
END

#
# Start of web interface definition
#
WEB
  HEADER q_header.html
  TEMPLATE precip.html
  FOOTER q_footer.html
  MINSCALE 90000
  MAXSCALE 6650000
  IMAGEPATH "/var/www/htdocs/tmp/"
  IMAGEURL "/tmp/"
  LOG "/var/www/htdocs/tmp/stations.log"
  METADATA
   "wms_title" "IEM Precipitation Analysis"
   "wms_onlineresource" "http://mesonet.agron.iastate.edu/cgi-bin/mapserv/mapserv"
   "wms_srs" "EPSG:4269 EPSG:4326"
  END
END

REFERENCE
  COLOR 255 255 255
  EXTENT -96.7 39.35 -90 44.12
  IMAGE /mesonet/data/gis/images/iowabase.png
  OUTLINECOLOR 255 0 0
  STATUS ON
  SIZE 100 59
END



SCALEBAR
  IMAGECOLOR 255 255 255
  LABEL
    COLOR 0 0 0
    SIZE tiny
  END
  STYLE 1
  SIZE 50 2
  COLOR 0 0 0
  UNITS MILES
  INTERVALS 1
  TRANSPARENT TRUE
  STATUS TRUE
END

LAYER
  NAME states
  STATUS DEFAULT
  TYPE POLYGON
  DATA shape/iem/states.shp
  CLASS
    OUTLINECOLOR 0 0 0
    COLOR 128 128 128
  END
END


LAYER
  NAME rtn1p
  TYPE RASTER
  DATA images/nexrad/rt_n1p.tif
  STATUS ON
  OFFSITE 0
  METADATA
   "wms_title" "NEXRAD 1 hr Precip Est"
  END
END

LAYER
  NAME rtntp
  TYPE RASTER
  DATA images/nexrad/rt_ntp.tif
  STATUS ON
  OFFSITE 0
  METADATA
   "wms_title" "NEXRAD Storm Total Precip"
  END
END


LAYER
  NAME counties
  STATUS DEFAULT
  TYPE POLYGON
  DATA shape/iem/counties.shp
  LABELITEM 'Name'
  LABELMAXSCALE 1800000
  CLASS
    OUTLINECOLOR 240 255 255
#    COLOR 128 128 128
    COLOR -1 -1 -1
    LABEL
      COLOR 240 255 255
      OUTLINECOLOR -1 -1 -1
      TYPE BITMAP
      SIZE TINY
      POSITION CC
      PARTIALS FALSE
    END
  END
END


LAYER
  NAME iards
  TYPE LINE
  STATUS ON
  DATA shape/iards.shp
  CLASSITEM "FCC"
  CLASS
    EXPRESSION /A1[0-9]/
    COLOR 255 0 0
    SYMBOL 1
    SIZE 1
  END
END

LAYER
  NAME iards
  TYPE LINE
  STATUS ON
  DATA shape/iards.shp
  MAXSCALE 2500000
  CLASSITEM "FCC"
  CLASS
    EXPRESSION /A[2-3][0-9]/
    COLOR 0 0 0 
    SYMBOL 1
    SIZE 1
  END
END


LAYER
    NAME iards
    DATA shape/iards.shp
    STATUS ON
    TYPE ANNOTATION
#    MINSCALE 50000
    MAXSCALE 600000
    SYMBOLSCALE 2500000
    LABELITEM 'hwyname'
    CLASSITEM "FCC"
    CLASS
      EXPRESSION /A1[0-9]/
      COLOR 0 0 0
      SYMBOL 'interstate_shield'
      LABEL
        ANGLE AUTO
        MINFEATURESIZE 50
        MINDISTANCE 150
        POSITION CC
        SIZE SMALL
        TYPE TRUETYPE
        FONT "arial"
        COLOR 255 255 255
        WRAP 'Y'
      END
    END
    CLASS
      EXPRESSION /A[2-3][0-9]/
      COLOR 0 0 0
      LABEL
        ANGLE AUTO
        MINFEATURESIZE 50
        MINDISTANCE 150
        POSITION AUTO
        SIZE SMALL
        COLOR 0 0 0
        FONT "arial"
        ANTIALIAS FALSE
        TYPE TRUETYPE
      END
    END
  END


#
#

#
# Start of layer definitions
#

#-----------> RIVERS <---------
#
LAYER
  NAME rivers
  STATUS ON
  TYPE LINE
  DATA shape/iarivers.shp
  MAXSCALE 1400000
  CLASS 
   COLOR 0 0 255
  END
END

LAYER
  NAME basins
  STATUS ON
  TYPE POLYGON
  DATA shape/ia/basins.shp
  LABELITEM 'Name'
  LABELMAXSCALE 1800000
  CLASS
    OUTLINECOLOR 255 255 255
    LABEL
      COLOR 255 255 255
      OUTLINECOLOR -1 -1 -1
      TYPE BITMAP
      SIZE TINY
      POSITION CC
      PARTIALS FALSE 
    END
  END
END

LAYER
  NAME cities
  STATUS ON
  TYPE POINT
  DATA shape/iacities.shp
  LABELITEM 'Name'
  LABELMAXSCALE 600000
  MAXSCALE 1600000
  CLASS
    OUTLINECOLOR 255 255 0
    SIZE 4
    SYMBOL 1
    LABEL
      COLOR 255 255 0
      OUTLINECOLOR -1 -1 -1
      TYPE BITMAP
      SIZE SMALL
      POSITION UL
      PARTIALS FALSE 
    END
  END
END


##
LAYER
  CONNECTIONTYPE postgis
  NAME twofourhour
  CONNECTION "user=nobody dbname=postgis"
  DATA "geom from current"
  FILTER "p24i > 0"
  STATUS ON
  TYPE POINT
#  LABELMAXSCALE 600000
#  MINSCALE 600000
  CLASS
    COLOR 198 226 255
    BACKGROUNDCOLOR 198 226 255
    SYMBOL 1
    SIZE 5
    TEXT ([ p24i ])
    LABEL
      COLOR 255 255 0
      BACKGROUNDCOLOR -1 -1 -1
      TYPE TRUETYPE
      SIZE 8
      FORCE true
      MINSIZE 6
      MAXSIZE 18
      FONT arial
      ANTIALIAS true
      POSITION UL
      BUFFER 4
    END
  END
END

LAYER
  CONNECTIONTYPE postgis
  NAME pday
  CONNECTION "user=nobody dbname=postgis"
  DATA "geom from current"
  FILTER "pday > 0"
  STATUS ON
  TYPE POINT
#  LABELMAXSCALE 600000
#  MINSCALE 600000
  CLASS
    COLOR 198 226 255
    BACKGROUNDCOLOR 198 226 255
    SYMBOL 1
    SIZE 5
    TEXT ([ pday ])
    LABEL
      COLOR 255 255 0
      BACKGROUNDCOLOR -1 -1 -1
      TYPE TRUETYPE
      SIZE 8
      FORCE true
      MINSIZE 6
      MAXSIZE 18
      FONT arial
      ANTIALIAS true
      POSITION LR
      BUFFER 4
    END
  END
END

LAYER
  CONNECTIONTYPE postgis
  NAME phour
  CONNECTION "user=nobody dbname=postgis"
  DATA "geom from current"
  FILTER "p01i > 0"
  STATUS ON
  TYPE POINT
#  LABELMAXSCALE 600000
#  MINSCALE 600000
  CLASS
    COLOR 198 226 255
    BACKGROUNDCOLOR 198 226 255
    SYMBOL 1
    SIZE 5
    TEXT ([ p01i ])
    LABEL
      COLOR 255 255 0
      BACKGROUNDCOLOR -1 -1 -1
      TYPE TRUETYPE
      SIZE 8
      FORCE true
      MINSIZE 6
      MAXSIZE 18
      FONT arial
      ANTIALIAS true
      POSITION UR
      BUFFER 4
    END
  END
END

LAYER
  CONNECTIONTYPE postgis
  NAME p12z
  CONNECTION "user=nobody dbname=postgis"
  DATA "geom from current"
  FILTER "p12z > 0"
  STATUS ON
  TYPE POINT
#  LABELMAXSCALE 600000
#  MINSCALE 600000
  CLASS
    COLOR 198 226 255
    BACKGROUNDCOLOR 198 226 255
    SYMBOL 1
    SIZE 5
    TEXT ([ p12z ])
    LABEL
      COLOR 255 255 0
      BACKGROUNDCOLOR -1 -1 -1
      TYPE TRUETYPE
      SIZE 8
      FORCE true
      MINSIZE 6
      MAXSIZE 18
      FONT arial
      ANTIALIAS true
      POSITION LL
      BUFFER 4
    END
  END
END

LAYER
  CONNECTIONTYPE postgis
  NAME tmpf
  CONNECTION "user=nobody dbname=postgis"
  DATA "geom from current"
  FILTER "tmpf > 0"
  STATUS ON
  TYPE POINT
#  LABELMAXSCALE 600000
#  MINSCALE 600000
  CLASS
    COLOR 198 226 255
    BACKGROUNDCOLOR 198 226 255
    SYMBOL 1
    SIZE 5
    TEXT ([ tmpf ])
    LABEL
      COLOR 255 255 0
      BACKGROUNDCOLOR -1 -1 -1
      TYPE TRUETYPE
      SIZE 8
      FORCE true
      MINSIZE 6
      MAXSIZE 18
      FONT arial
      ANTIALIAS true
      POSITION LL
      BUFFER 4
    END
  END
END

END
