# Mapserver mapfile for IDEP 
MAP
NAME "IDEP"
STATUS ON
SIZE 800 600
EXTENT -179 1 -40 89
UNITS DD
SHAPEPATH "/mesonet/data/gis/"
IMAGECOLOR -1 -1 -1

PROJECTION
   "init=epsg:4326"
END

WEB
  MINSCALE 90000
  MAXSCALE 4650000
  IMAGEPATH "/var/webtmp/"
  IMAGEURL "/tmp/"
  #LOG "/var/webtmp/w0.log"
  METADATA
   "wms_title" "IEM WMS IDEP Service"
   "wms_onlineresource" "https://mesonet.agron.iastate.edu/cgi-bin/wms/idep.cgi?"
   "wms_srs" "EPSG:4326 EPSG:3857"
   "wms_abstract" "IEM generated IDEP imagery."
   "wms_keywords" "WEPP"
   "wms_accessconstraints" "None"
   "wms_contactperson" "Daryl Herzmann"
   "wms_contactorganization" "Iowa State University"
   "wms_enable_request" "*"
  END
END

LAYER
  VALIDATION
    year                   "^[0-9]{4}$"
    month                   "^[0-9]{2}$"
    day                   "^[0-9]{2}$"
  END
  DATA "/mesonet/ARCHIVE/data/%year%/%month%/%day%/GIS/mrms_calday_%year%%month%%day%.png"
  NAME "mrms-calday"
  PROJECTION
    "init=epsg:4326"
  END
  STATUS ON
  OFFSITE 0 0 0
  TYPE RASTER
END

LAYER
  VALIDATION
    year                   "^[0-9]{4}$"
    month                   "^[0-9]{2}$"
    day                   "^[0-9]{2}$"
  END
  DATA "/mesonet/ARCHIVE/data/%year%/%month%/%day%/GIS/mrms/p24h_%year%%month%%day%1200.png"
  NAME "mrms-12z24h"
  PROJECTION
    "init=epsg:4326"
  END
  STATUS ON
  OFFSITE 0 0 0
  TYPE RASTER
END

LAYER
  VALIDATION
    date                   "^[0-9]{4}-[0-9]{2}-[0-9]{2}$"
    year                   "^[0-9]{4}$"
  END
    CLASSITEM "da"
    CONNECTION "user=nobody dbname=wepp host=iemdb-wepp.local"
    CONNECTIONTYPE POSTGIS
    DATA "the_geom from (select random() as oid, (coalesce(rainfall,0) / 25.4) as da, 
     h.the_geom from daily_rainfall_%year% d left join hrap_polygons h 
     using (hrap_i) WHERE d.valid = '%date%') as foo 
     using unique oid using srid=5070"
    NAME "precip-in"
    PROJECTION
      "init=epsg:5070"
    END # PROJECTION
    STATUS ON
    TILEITEM "location"
    TYPE POLYGON
    UNITS METERS
    CLASS
      EXPRESSION ([da] == 0)
      #STYLE
      #  COLOR 180 180 180
      #END # STYLE
    END # CLASS
    CLASS
      EXPRESSION ([da] < 0.1)
      STYLE
        ANGLE 0
        COLOR 0 0 255
        OFFSET 0 0
        OUTLINECOLOR 0 0 255
      END # STYLE
    END # CLASS
    CLASS
      EXPRESSION ([da] < 0.25)
      STYLE
        ANGLE 0
        COLOR 0 102 255
        OFFSET 0 0
        OUTLINECOLOR 0 102 255
      END # STYLE
    END # CLASS
    CLASS
      EXPRESSION ([da] < 0.5)
      STYLE
        ANGLE 0
        COLOR 0 212 255
        OFFSET 0 0
        OUTLINECOLOR 0 212 255
      END # STYLE
    END # CLASS
    CLASS
      EXPRESSION ([da] < 1)
      STYLE
        ANGLE 0
        COLOR 24 255 255
        OFFSET 0 0
        OUTLINECOLOR 24 255 255
      END # STYLE
    END # CLASS
    CLASS
      EXPRESSION ([da] < 1.5)
      STYLE
        ANGLE 0
        COLOR 102 255 153
        OFFSET 0 0
        OUTLINECOLOR 102 255 153
      END # STYLE
    END # CLASS
    CLASS
      EXPRESSION ([da] < 2)
      STYLE
        ANGLE 0
        COLOR 51 255 0
        OFFSET 0 0
        OUTLINECOLOR 51 255 0
      END # STYLE
    END # CLASS
    CLASS
      EXPRESSION ([da] < 3)
      STYLE
        ANGLE 0
        COLOR 204 255 0
        OFFSET 0 0
        OUTLINECOLOR 204 255 0
      END # STYLE
    END # CLASS
    CLASS
      EXPRESSION ([da] < 5)
      STYLE
        ANGLE 0
        COLOR 255 255 0
        OFFSET 0 0
        OUTLINECOLOR 255 255 0
      END # STYLE
    END # CLASS
    CLASS
      EXPRESSION ([da] < 6)
      STYLE
        ANGLE 0
        COLOR 255 232 0
        OFFSET 0 0
        OUTLINECOLOR 255 232 0
      END # STYLE
    END # CLASS
    CLASS
      EXPRESSION ([da] < 7)
      STYLE
        ANGLE 0
        COLOR 255 204 0
        OFFSET 0 0
        OUTLINECOLOR 255 204 0
      END # STYLE
    END # CLASS
    CLASS
      EXPRESSION ([da] < 8)
      STYLE
        ANGLE 0
        COLOR 255 153 0
        OFFSET 0 0
        OUTLINECOLOR 255 153 0
      END # STYLE
    END # CLASS
    CLASS
      EXPRESSION ([da] >= 8)
      STYLE
        ANGLE 0
        COLOR 255 102 0
        OFFSET 0 0
        OUTLINECOLOR 255 102 0
      END # STYLE
    END # CLASS
  END # LAYER

LAYER
   VALIDATION
    date                   "^[0-9]{4}-[0-9]{2}-[0-9]{2}$"
  END
    CLASSITEM "da"
    CONNECTION "user=nobody dbname=wepp host=iemdb-wepp.local"
    CONNECTIONTYPE POSTGIS
    DATA "the_geom from (select random() as oid, 
   (vsm) as da, h.the_geom from 
   waterbalance_by_twp d left join iatwp h using (model_twp) 
   WHERE d.valid = '%date%' ) as foo 
   using unique oid using srid=5070"
    NAME "vsm"
    PROJECTION
      "init=epsg:5070"
    END # PROJECTION
    STATUS ON
    TILEITEM "location"
    TYPE POLYGON
    UNITS METERS
    CLASS
      EXPRESSION ([da] == 0)
    END # CLASS
    CLASS
      EXPRESSION ([da] < 10)
      STYLE
        ANGLE 0
        COLOR 255 102 0
        OFFSET 0 0
        OUTLINECOLOR 255 102 0
      END # STYLE
    END # CLASS
    CLASS
      EXPRESSION ([da] < 15)
      STYLE
        ANGLE 0
        COLOR 255 153 0
        OFFSET 0 0
        OUTLINECOLOR 255 153 0
      END # STYLE
    END # CLASS
    CLASS
      EXPRESSION ([da] < 20)
      STYLE
        ANGLE 0
        COLOR 255 204 0
        OFFSET 0 0
        OUTLINECOLOR 255 204 0
      END # STYLE
    END # CLASS
    CLASS
      EXPRESSION ([da] < 24)
      STYLE
        ANGLE 0
        COLOR 255 232 0
        OFFSET 0 0
        OUTLINECOLOR 255 232 0
      END # STYLE
    END # CLASS
    CLASS
      EXPRESSION ([da] < 27)
      STYLE
        ANGLE 0
        COLOR 255 255 0
        OFFSET 0 0
        OUTLINECOLOR 255 255 0
      END # STYLE
    END # CLASS
    CLASS
      EXPRESSION ([da] < 30)
      STYLE
        ANGLE 0
        COLOR 204 255 0
        OFFSET 0 0
        OUTLINECOLOR 204 255 0
      END # STYLE
    END # CLASS
    CLASS
      EXPRESSION ([da] < 33)
      STYLE
        ANGLE 0
        COLOR 51 255 0
        OFFSET 0 0
        OUTLINECOLOR 51 255 0
      END # STYLE
    END # CLASS
    CLASS
      EXPRESSION ([da] < 36)
      STYLE
        ANGLE 0
        COLOR 102 255 153
        OFFSET 0 0
        OUTLINECOLOR 102 255 153
      END # STYLE
    END # CLASS
    CLASS
      EXPRESSION ([da] < 40)
      STYLE
        ANGLE 0
        COLOR 24 255 255
        OFFSET 0 0
        OUTLINECOLOR 24 255 255
      END # STYLE
    END # CLASS
    CLASS
      EXPRESSION ([da] < 45)
      STYLE
        ANGLE 0
        COLOR 0 212 255
        OFFSET 0 0
        OUTLINECOLOR 0 212 255
      END # STYLE
    END # CLASS
    CLASS
      EXPRESSION ([da] < 50)
      STYLE
        ANGLE 0
        COLOR 0 102 255
        OFFSET 0 0
        OUTLINECOLOR 0 102 255
      END # STYLE
    END # CLASS
    CLASS
      EXPRESSION ([da] >= 50)
      STYLE
        ANGLE 0
        COLOR 0 0 255
        OFFSET 0 0
        OUTLINECOLOR 0 0 255
      END # STYLE
    END # CLASS
  END # LAYER

LAYER
   VALIDATION
    date                   "^[0-9]{4}-[0-9]{2}-[0-9]{2}$"
  END
    CLASSITEM "da"
    CONNECTION "user=nobody dbname=wepp host=iemdb-wepp.local"
    CONNECTIONTYPE POSTGIS
    DATA "the_geom from (select random() as oid, 
   (s10cm) as da, h.the_geom from 
   waterbalance_by_twp d left join iatwp h using (model_twp) 
   WHERE d.valid = '%date%' ) as foo 
   using unique oid using srid=5070"
    NAME "sm10"
    PROJECTION
      "init=epsg:5070"
    END # PROJECTION
    STATUS ON
    TILEITEM "location"
    TYPE POLYGON
    UNITS METERS
    CLASS
      EXPRESSION ([da] == 0)
    END # CLASS
    CLASS
      EXPRESSION ([da] < 10)
      STYLE
        ANGLE 0
        COLOR 255 102 0
        OFFSET 0 0
        OUTLINECOLOR 255 102 0
      END # STYLE
    END # CLASS
    CLASS
      EXPRESSION ([da] < 15)
      STYLE
        ANGLE 0
        COLOR 255 153 0
        OFFSET 0 0
        OUTLINECOLOR 255 153 0
      END # STYLE
    END # CLASS
    CLASS
      EXPRESSION ([da] < 20)
      STYLE
        ANGLE 0
        COLOR 255 204 0
        OFFSET 0 0
        OUTLINECOLOR 255 204 0
      END # STYLE
    END # CLASS
    CLASS
      EXPRESSION ([da] < 24)
      STYLE
        ANGLE 0
        COLOR 255 232 0
        OFFSET 0 0
        OUTLINECOLOR 255 232 0
      END # STYLE
    END # CLASS
    CLASS
      EXPRESSION ([da] < 27)
      STYLE
        ANGLE 0
        COLOR 255 255 0
        OFFSET 0 0
        OUTLINECOLOR 255 255 0
      END # STYLE
    END # CLASS
    CLASS
      EXPRESSION ([da] < 30)
      STYLE
        ANGLE 0
        COLOR 204 255 0
        OFFSET 0 0
        OUTLINECOLOR 204 255 0
      END # STYLE
    END # CLASS
    CLASS
      EXPRESSION ([da] < 33)
      STYLE
        ANGLE 0
        COLOR 51 255 0
        OFFSET 0 0
        OUTLINECOLOR 51 255 0
      END # STYLE
    END # CLASS
    CLASS
      EXPRESSION ([da] < 36)
      STYLE
        ANGLE 0
        COLOR 102 255 153
        OFFSET 0 0
        OUTLINECOLOR 102 255 153
      END # STYLE
    END # CLASS
    CLASS
      EXPRESSION ([da] < 40)
      STYLE
        ANGLE 0
        COLOR 24 255 255
        OFFSET 0 0
        OUTLINECOLOR 24 255 255
      END # STYLE
    END # CLASS
    CLASS
      EXPRESSION ([da] < 45)
      STYLE
        ANGLE 0
        COLOR 0 212 255
        OFFSET 0 0
        OUTLINECOLOR 0 212 255
      END # STYLE
    END # CLASS
    CLASS
      EXPRESSION ([da] < 50)
      STYLE
        ANGLE 0
        COLOR 0 102 255
        OFFSET 0 0
        OUTLINECOLOR 0 102 255
      END # STYLE
    END # CLASS
    CLASS
      EXPRESSION ([da] >= 50)
      STYLE
        ANGLE 0
        COLOR 0 0 255
        OFFSET 0 0
        OUTLINECOLOR 0 0 255
      END # STYLE
    END # CLASS
  END # LAYER

LAYER
  VALIDATION
    date                   "^[0-9]{4}-[0-9]{2}-[0-9]{2}$"
  END
    CLASSITEM "da"
    CONNECTION "user=nobody dbname=wepp host=iemdb-wepp.local"
    CONNECTIONTYPE POSTGIS
    DATA "the_geom from (select random() as oid, 
   (coalesce(avg_runoff,0) / 25.4) as da, h.the_geom from 
   results_by_twp d left join iatwp h using (model_twp) 
   WHERE d.valid = '%date%' ) as foo 
   using unique oid using srid=5070"
    NAME "runoff"
    PROJECTION
      "init=epsg:5070"
    END # PROJECTION
    STATUS ON
    TILEITEM "location"
    TYPE POLYGON
    UNITS METERS
    CLASS
      EXPRESSION ([da] == 0)
      #STYLE
      #  COLOR 180 180 180
      #END # STYLE
    END # CLASS
    CLASS
      EXPRESSION ([da] < 0.05)
      STYLE
        ANGLE 0
        COLOR 0 0 255
        OFFSET 0 0
        OUTLINECOLOR 0 0 255
      END # STYLE
    END # CLASS
    CLASS
      EXPRESSION ([da] < 0.1)
      STYLE
        ANGLE 0
        COLOR 0 102 255
        OFFSET 0 0
        OUTLINECOLOR 0 102 255
      END # STYLE
    END # CLASS
    CLASS
      EXPRESSION ([da] < 0.25)
      STYLE
        ANGLE 0
        COLOR 0 212 255
        OFFSET 0 0
        OUTLINECOLOR 0 212 255
      END # STYLE
    END # CLASS
    CLASS
      EXPRESSION ([da] < 0.5)
      STYLE
        ANGLE 0
        COLOR 24 255 255
        OFFSET 0 0
        OUTLINECOLOR 24 255 255
      END # STYLE
    END # CLASS
    CLASS
      EXPRESSION ([da] < 0.75)
      STYLE
        ANGLE 0
        COLOR 102 255 153
        OFFSET 0 0
        OUTLINECOLOR 102 255 153
      END # STYLE
    END # CLASS
    CLASS
      EXPRESSION ([da] < 1)
      STYLE
        ANGLE 0
        COLOR 51 255 0
        OFFSET 0 0
        OUTLINECOLOR 51 255 0
      END # STYLE
    END # CLASS
    CLASS
      EXPRESSION ([da] < 1.5)
      STYLE
        ANGLE 0
        COLOR 204 255 0
        OFFSET 0 0
        OUTLINECOLOR 204 255 0
      END # STYLE
    END # CLASS
    CLASS
      EXPRESSION ([da] < 2)
      STYLE
        ANGLE 0
        COLOR 255 255 0
        OFFSET 0 0
        OUTLINECOLOR 255 255 0
      END # STYLE
    END # CLASS
    CLASS
      EXPRESSION ([da] < 3)
      STYLE
        ANGLE 0
        COLOR 255 232 0
        OFFSET 0 0
        OUTLINECOLOR 255 232 0
      END # STYLE
    END # CLASS
    CLASS
      EXPRESSION ([da] < 5)
      STYLE
        ANGLE 0
        COLOR 255 204 0
        OFFSET 0 0
        OUTLINECOLOR 255 204 0
      END # STYLE
    END # CLASS
    CLASS
      EXPRESSION ([da] < 7)
      STYLE
        ANGLE 0
        COLOR 255 153 0
        OFFSET 0 0
        OUTLINECOLOR 255 153 0
      END # STYLE
    END # CLASS
    CLASS
      EXPRESSION ([da] >= 7)
      STYLE
        ANGLE 0
        COLOR 255 102 0
        OFFSET 0 0
        OUTLINECOLOR 255 102 0
      END # STYLE
    END # CLASS
  END # LAYER

  LAYER
    VALIDATION
    	date                   "^[0-9]{4}-[0-9]{2}-[0-9]{2}$"
  	END
    CLASSITEM "da"
    CONNECTION "user=nobody dbname=wepp host=iemdb-wepp.local"
    CONNECTIONTYPE POSTGIS
    DATA "the_geom from (select random() as oid, 
   (coalesce(avg_loss,0) * 4.463) as da, h.the_geom from 
   results_by_twp d left join iatwp h using (model_twp) 
   WHERE d.valid = '%date%' ) as foo 
   using unique oid using srid=5070"
    NAME "loss"
    PROJECTION
      "init=epsg:5070"
    END # PROJECTION
    STATUS ON
    TILEITEM "location"
    TYPE POLYGON
    UNITS METERS
    CLASS
      EXPRESSION ([da] == 0)
      #STYLE
      #  COLOR 180 180 180
      #END # STYLE
    END # CLASS
    CLASS
      EXPRESSION ([da] < 0.05)
      STYLE
        ANGLE 0
        COLOR 0 0 255
        OFFSET 0 0
        OUTLINECOLOR 0 0 255
      END # STYLE
    END # CLASS
    CLASS
      EXPRESSION ([da] < 0.1)
      STYLE
        ANGLE 0
        COLOR 0 102 255
        OFFSET 0 0
        OUTLINECOLOR 0 102 255
      END # STYLE
    END # CLASS
    CLASS
      EXPRESSION ([da] < 0.25)
      STYLE
        ANGLE 0
        COLOR 0 212 255
        OFFSET 0 0
        OUTLINECOLOR 0 212 255
      END # STYLE
    END # CLASS
    CLASS
      EXPRESSION ([da] < 0.5)
      STYLE
        ANGLE 0
        COLOR 24 255 255
        OFFSET 0 0
        OUTLINECOLOR 24 255 255
      END # STYLE
    END # CLASS
    CLASS
      EXPRESSION ([da] < 0.75)
      STYLE
        ANGLE 0
        COLOR 102 255 153
        OFFSET 0 0
        OUTLINECOLOR 102 255 153
      END # STYLE
    END # CLASS
    CLASS
      EXPRESSION ([da] < 1)
      STYLE
        ANGLE 0
        COLOR 51 255 0
        OFFSET 0 0
        OUTLINECOLOR 51 255 0
      END # STYLE
    END # CLASS
    CLASS
      EXPRESSION ([da] < 1.5)
      STYLE
        ANGLE 0
        COLOR 204 255 0
        OFFSET 0 0
        OUTLINECOLOR 204 255 0
      END # STYLE
    END # CLASS
    CLASS
      EXPRESSION ([da] < 2)
      STYLE
        ANGLE 0
        COLOR 255 255 0
        OFFSET 0 0
        OUTLINECOLOR 255 255 0
      END # STYLE
    END # CLASS
    CLASS
      EXPRESSION ([da] < 3)
      STYLE
        ANGLE 0
        COLOR 255 232 0
        OFFSET 0 0
        OUTLINECOLOR 255 232 0
      END # STYLE
    END # CLASS
    CLASS
      EXPRESSION ([da] < 5)
      STYLE
        ANGLE 0
        COLOR 255 204 0
        OFFSET 0 0
        OUTLINECOLOR 255 204 0
      END # STYLE
    END # CLASS
    CLASS
      EXPRESSION ([da] < 7)
      STYLE
        ANGLE 0
        COLOR 255 153 0
        OFFSET 0 0
        OUTLINECOLOR 255 153 0
      END # STYLE
    END # CLASS
    CLASS
      EXPRESSION ([da] >= 7)
      STYLE
        ANGLE 0
        COLOR 255 102 0
        OFFSET 0 0
        OUTLINECOLOR 255 102 0
      END # STYLE
    END # CLASS
END # LAYER

#
# -------------------------------------------------------------------------
#  IDEP v2 follows below!
# -------------------------------------------------------------------------
#

LAYER
  VALIDATION
    date                   "^[0-9]{4}-[0-9]{2}-[0-9]{2}$"
    year                   "^[0-9]{4}$"
    scenario "^[0-9]+$"
  END
    CLASSITEM "da"
    CONNECTION "user=nobody dbname=idep host=iemdb-idep.local"
    CONNECTIONTYPE POSTGIS
    DATA "geom from (
      SELECT h.huc_12 as oid, da, h.geom from
      huc12 h LEFT OUTER JOIN (
        SELECT huc_12, coalesce(qc_precip,0) / 25.4 as da from results_by_huc12
        WHERE valid = '%date%' and scenario = %scenario% 
      ) as r USING (huc_12)
    ) as foo USING unique oid USING srid=5070"
    NAME "precip-in2"
    PROJECTION
      "init=epsg:5070"
    END # PROJECTION
    STATUS ON
    TILEITEM "location"
    TYPE POLYGON
    UNITS METERS
    CLASS
      EXPRESSION ([da] == 0)
      #STYLE
      #  COLOR 180 180 180
      #END # STYLE
    END # CLASS
    CLASS
      EXPRESSION ([da] < 0.1)
      STYLE
        ANGLE 0
        COLOR 0 0 255
        OFFSET 0 0
        OUTLINECOLOR 0 0 255
      END # STYLE
    END # CLASS
    CLASS
      EXPRESSION ([da] < 0.25)
      STYLE
        ANGLE 0
        COLOR 0 102 255
        OFFSET 0 0
        OUTLINECOLOR 0 102 255
      END # STYLE
    END # CLASS
    CLASS
      EXPRESSION ([da] < 0.5)
      STYLE
        ANGLE 0
        COLOR 0 212 255
        OFFSET 0 0
        OUTLINECOLOR 0 212 255
      END # STYLE
    END # CLASS
    CLASS
      EXPRESSION ([da] < 1)
      STYLE
        ANGLE 0
        COLOR 24 255 255
        OFFSET 0 0
        OUTLINECOLOR 24 255 255
      END # STYLE
    END # CLASS
    CLASS
      EXPRESSION ([da] < 1.5)
      STYLE
        ANGLE 0
        COLOR 102 255 153
        OFFSET 0 0
        OUTLINECOLOR 102 255 153
      END # STYLE
    END # CLASS
    CLASS
      EXPRESSION ([da] < 2)
      STYLE
        ANGLE 0
        COLOR 51 255 0
        OFFSET 0 0
        OUTLINECOLOR 51 255 0
      END # STYLE
    END # CLASS
    CLASS
      EXPRESSION ([da] < 3)
      STYLE
        ANGLE 0
        COLOR 204 255 0
        OFFSET 0 0
        OUTLINECOLOR 204 255 0
      END # STYLE
    END # CLASS
    CLASS
      EXPRESSION ([da] < 5)
      STYLE
        ANGLE 0
        COLOR 255 255 0
        OFFSET 0 0
        OUTLINECOLOR 255 255 0
      END # STYLE
    END # CLASS
    CLASS
      EXPRESSION ([da] < 6)
      STYLE
        ANGLE 0
        COLOR 255 232 0
        OFFSET 0 0
        OUTLINECOLOR 255 232 0
      END # STYLE
    END # CLASS
    CLASS
      EXPRESSION ([da] < 7)
      STYLE
        ANGLE 0
        COLOR 255 204 0
        OFFSET 0 0
        OUTLINECOLOR 255 204 0
      END # STYLE
    END # CLASS
    CLASS
      EXPRESSION ([da] < 8)
      STYLE
        ANGLE 0
        COLOR 255 153 0
        OFFSET 0 0
        OUTLINECOLOR 255 153 0
      END # STYLE
    END # CLASS
    CLASS
      EXPRESSION ([da] >= 8)
      STYLE
        ANGLE 0
        COLOR 255 102 0
        OFFSET 0 0
        OUTLINECOLOR 255 102 0
      END # STYLE
    END # CLASS
  END # LAYER

LAYER
   VALIDATION
    date                   "^[0-9]{4}-[0-9]{2}-[0-9]{2}$"
  END
    CLASSITEM "da"
    CONNECTION "user=nobody dbname=idep host=iemdb-idep.local"
    CONNECTIONTYPE POSTGIS
    DATA "geom from (select d.huc_12 as oid, 
   (vsm) as da, h.geom from 
   waterbalance_by_huc12 d left join huc12 h using (huc_12) 
   WHERE d.valid = '%date%' ) as foo 
   using unique oid using srid=5070"
    NAME "vsm2"
    PROJECTION
      "init=epsg:5070"
    END # PROJECTION
    STATUS ON
    TILEITEM "location"
    TYPE POLYGON
    UNITS METERS
    CLASS
      EXPRESSION ([da] == 0)
    END # CLASS
    CLASS
      EXPRESSION ([da] < 10)
      STYLE
        ANGLE 0
        COLOR 255 102 0
        OFFSET 0 0
        OUTLINECOLOR 255 102 0
      END # STYLE
    END # CLASS
    CLASS
      EXPRESSION ([da] < 15)
      STYLE
        ANGLE 0
        COLOR 255 153 0
        OFFSET 0 0
        OUTLINECOLOR 255 153 0
      END # STYLE
    END # CLASS
    CLASS
      EXPRESSION ([da] < 20)
      STYLE
        ANGLE 0
        COLOR 255 204 0
        OFFSET 0 0
        OUTLINECOLOR 255 204 0
      END # STYLE
    END # CLASS
    CLASS
      EXPRESSION ([da] < 24)
      STYLE
        ANGLE 0
        COLOR 255 232 0
        OFFSET 0 0
        OUTLINECOLOR 255 232 0
      END # STYLE
    END # CLASS
    CLASS
      EXPRESSION ([da] < 27)
      STYLE
        ANGLE 0
        COLOR 255 255 0
        OFFSET 0 0
        OUTLINECOLOR 255 255 0
      END # STYLE
    END # CLASS
    CLASS
      EXPRESSION ([da] < 30)
      STYLE
        ANGLE 0
        COLOR 204 255 0
        OFFSET 0 0
        OUTLINECOLOR 204 255 0
      END # STYLE
    END # CLASS
    CLASS
      EXPRESSION ([da] < 33)
      STYLE
        ANGLE 0
        COLOR 51 255 0
        OFFSET 0 0
        OUTLINECOLOR 51 255 0
      END # STYLE
    END # CLASS
    CLASS
      EXPRESSION ([da] < 36)
      STYLE
        ANGLE 0
        COLOR 102 255 153
        OFFSET 0 0
        OUTLINECOLOR 102 255 153
      END # STYLE
    END # CLASS
    CLASS
      EXPRESSION ([da] < 40)
      STYLE
        ANGLE 0
        COLOR 24 255 255
        OFFSET 0 0
        OUTLINECOLOR 24 255 255
      END # STYLE
    END # CLASS
    CLASS
      EXPRESSION ([da] < 45)
      STYLE
        ANGLE 0
        COLOR 0 212 255
        OFFSET 0 0
        OUTLINECOLOR 0 212 255
      END # STYLE
    END # CLASS
    CLASS
      EXPRESSION ([da] < 50)
      STYLE
        ANGLE 0
        COLOR 0 102 255
        OFFSET 0 0
        OUTLINECOLOR 0 102 255
      END # STYLE
    END # CLASS
    CLASS
      EXPRESSION ([da] >= 50)
      STYLE
        ANGLE 0
        COLOR 0 0 255
        OFFSET 0 0
        OUTLINECOLOR 0 0 255
      END # STYLE
    END # CLASS
  END # LAYER

LAYER
   VALIDATION
    date                   "^[0-9]{4}-[0-9]{2}-[0-9]{2}$"
  END
    CLASSITEM "da"
    CONNECTION "user=nobody dbname=idep host=iemdb-idep.local"
    CONNECTIONTYPE POSTGIS
    DATA "geom from (select d.huc_12 as oid, 
   (s10cm) as da, h.geom from 
   waterbalance_by_huc12 d left join huc12 h using (huc_12) 
   WHERE d.valid = '%date%' ) as foo 
   using unique oid using srid=5070"
    NAME "sm102"
    PROJECTION
      "init=epsg:5070"
    END # PROJECTION
    STATUS ON
    TILEITEM "location"
    TYPE POLYGON
    UNITS METERS
    CLASS
      EXPRESSION ([da] == 0)
    END # CLASS
    CLASS
      EXPRESSION ([da] < 10)
      STYLE
        ANGLE 0
        COLOR 255 102 0
        OFFSET 0 0
        OUTLINECOLOR 255 102 0
      END # STYLE
    END # CLASS
    CLASS
      EXPRESSION ([da] < 15)
      STYLE
        ANGLE 0
        COLOR 255 153 0
        OFFSET 0 0
        OUTLINECOLOR 255 153 0
      END # STYLE
    END # CLASS
    CLASS
      EXPRESSION ([da] < 20)
      STYLE
        ANGLE 0
        COLOR 255 204 0
        OFFSET 0 0
        OUTLINECOLOR 255 204 0
      END # STYLE
    END # CLASS
    CLASS
      EXPRESSION ([da] < 24)
      STYLE
        ANGLE 0
        COLOR 255 232 0
        OFFSET 0 0
        OUTLINECOLOR 255 232 0
      END # STYLE
    END # CLASS
    CLASS
      EXPRESSION ([da] < 27)
      STYLE
        ANGLE 0
        COLOR 255 255 0
        OFFSET 0 0
        OUTLINECOLOR 255 255 0
      END # STYLE
    END # CLASS
    CLASS
      EXPRESSION ([da] < 30)
      STYLE
        ANGLE 0
        COLOR 204 255 0
        OFFSET 0 0
        OUTLINECOLOR 204 255 0
      END # STYLE
    END # CLASS
    CLASS
      EXPRESSION ([da] < 33)
      STYLE
        ANGLE 0
        COLOR 51 255 0
        OFFSET 0 0
        OUTLINECOLOR 51 255 0
      END # STYLE
    END # CLASS
    CLASS
      EXPRESSION ([da] < 36)
      STYLE
        ANGLE 0
        COLOR 102 255 153
        OFFSET 0 0
        OUTLINECOLOR 102 255 153
      END # STYLE
    END # CLASS
    CLASS
      EXPRESSION ([da] < 40)
      STYLE
        ANGLE 0
        COLOR 24 255 255
        OFFSET 0 0
        OUTLINECOLOR 24 255 255
      END # STYLE
    END # CLASS
    CLASS
      EXPRESSION ([da] < 45)
      STYLE
        ANGLE 0
        COLOR 0 212 255
        OFFSET 0 0
        OUTLINECOLOR 0 212 255
      END # STYLE
    END # CLASS
    CLASS
      EXPRESSION ([da] < 50)
      STYLE
        ANGLE 0
        COLOR 0 102 255
        OFFSET 0 0
        OUTLINECOLOR 0 102 255
      END # STYLE
    END # CLASS
    CLASS
      EXPRESSION ([da] >= 50)
      STYLE
        ANGLE 0
        COLOR 0 0 255
        OFFSET 0 0
        OUTLINECOLOR 0 0 255
      END # STYLE
    END # CLASS
  END # LAYER

LAYER
  VALIDATION
    date                   "^[0-9]{4}-[0-9]{2}-[0-9]{2}$"
    scenario "^[0-9]+$"
  END
    CLASSITEM "da"
    CONNECTION "user=nobody dbname=idep host=iemdb-idep.local"
    CONNECTIONTYPE POSTGIS
    DATA "geom from (
      SELECT h.huc_12 as oid, da, h.geom from
      huc12 h LEFT OUTER JOIN (
        SELECT huc_12, coalesce(avg_runoff,0) / 25.4 as da from results_by_huc12
        WHERE valid = '%date%' and scenario = %scenario% 
      ) as r USING (huc_12)
    ) as foo USING unique oid USING srid=5070"
    NAME "runoff2"
    PROJECTION
      "init=epsg:5070"
    END # PROJECTION
    STATUS ON
    TILEITEM "location"
    TYPE POLYGON
    UNITS METERS
    CLASS
      EXPRESSION ([da] == 0)
      #STYLE
      #  COLOR 180 180 180
      #END # STYLE
    END # CLASS
    CLASS
      EXPRESSION ([da] < 0.05)
      STYLE
        ANGLE 0
        COLOR 0 0 255
        OFFSET 0 0
        OUTLINECOLOR 0 0 255
      END # STYLE
    END # CLASS
    CLASS
      EXPRESSION ([da] < 0.1)
      STYLE
        ANGLE 0
        COLOR 0 102 255
        OFFSET 0 0
        OUTLINECOLOR 0 102 255
      END # STYLE
    END # CLASS
    CLASS
      EXPRESSION ([da] < 0.25)
      STYLE
        ANGLE 0
        COLOR 0 212 255
        OFFSET 0 0
        OUTLINECOLOR 0 212 255
      END # STYLE
    END # CLASS
    CLASS
      EXPRESSION ([da] < 0.5)
      STYLE
        ANGLE 0
        COLOR 24 255 255
        OFFSET 0 0
        OUTLINECOLOR 24 255 255
      END # STYLE
    END # CLASS
    CLASS
      EXPRESSION ([da] < 0.75)
      STYLE
        ANGLE 0
        COLOR 102 255 153
        OFFSET 0 0
        OUTLINECOLOR 102 255 153
      END # STYLE
    END # CLASS
    CLASS
      EXPRESSION ([da] < 1)
      STYLE
        ANGLE 0
        COLOR 51 255 0
        OFFSET 0 0
        OUTLINECOLOR 51 255 0
      END # STYLE
    END # CLASS
    CLASS
      EXPRESSION ([da] < 1.5)
      STYLE
        ANGLE 0
        COLOR 204 255 0
        OFFSET 0 0
        OUTLINECOLOR 204 255 0
      END # STYLE
    END # CLASS
    CLASS
      EXPRESSION ([da] < 2)
      STYLE
        ANGLE 0
        COLOR 255 255 0
        OFFSET 0 0
        OUTLINECOLOR 255 255 0
      END # STYLE
    END # CLASS
    CLASS
      EXPRESSION ([da] < 3)
      STYLE
        ANGLE 0
        COLOR 255 232 0
        OFFSET 0 0
        OUTLINECOLOR 255 232 0
      END # STYLE
    END # CLASS
    CLASS
      EXPRESSION ([da] < 5)
      STYLE
        ANGLE 0
        COLOR 255 204 0
        OFFSET 0 0
        OUTLINECOLOR 255 204 0
      END # STYLE
    END # CLASS
    CLASS
      EXPRESSION ([da] < 7)
      STYLE
        ANGLE 0
        COLOR 255 153 0
        OFFSET 0 0
        OUTLINECOLOR 255 153 0
      END # STYLE
    END # CLASS
    CLASS
      EXPRESSION ([da] >= 7)
      STYLE
        ANGLE 0
        COLOR 255 102 0
        OFFSET 0 0
        OUTLINECOLOR 255 102 0
      END # STYLE
    END # CLASS
  END # LAYER

  LAYER
    VALIDATION
    	date                   "^[0-9]{4}-[0-9]{2}-[0-9]{2}$"
    	scenario "^[0-9]+$"
  	END
    CLASSITEM "da"
    CONNECTION "user=nobody dbname=idep host=iemdb-idep.local"
    CONNECTIONTYPE POSTGIS
    DATA "geom from (
      SELECT h.huc_12 as oid, da, h.geom from
      huc12 h LEFT OUTER JOIN (
        SELECT huc_12, coalesce(avg_loss,0) * 4.463 as da from results_by_huc12
        WHERE valid = '%date%' and scenario = %scenario% 
      ) as r USING (huc_12)
    ) as foo USING unique oid USING srid=5070"
    NAME "loss2"
    PROJECTION
      "init=epsg:5070"
    END # PROJECTION
    STATUS ON
    TILEITEM "location"
    TYPE POLYGON
    UNITS METERS
    CLASS
      EXPRESSION ([da] == 0)
      #STYLE
      #  COLOR 180 180 180
      #END # STYLE
    END # CLASS
    CLASS
      EXPRESSION ([da] < 0.05)
      STYLE
        ANGLE 0
        COLOR 0 0 255
        OFFSET 0 0
        OUTLINECOLOR 0 0 255
      END # STYLE
    END # CLASS
    CLASS
      EXPRESSION ([da] < 0.1)
      STYLE
        ANGLE 0
        COLOR 0 102 255
        OFFSET 0 0
        OUTLINECOLOR 0 102 255
      END # STYLE
    END # CLASS
    CLASS
      EXPRESSION ([da] < 0.25)
      STYLE
        ANGLE 0
        COLOR 0 212 255
        OFFSET 0 0
        OUTLINECOLOR 0 212 255
      END # STYLE
    END # CLASS
    CLASS
      EXPRESSION ([da] < 0.5)
      STYLE
        ANGLE 0
        COLOR 24 255 255
        OFFSET 0 0
        OUTLINECOLOR 24 255 255
      END # STYLE
    END # CLASS
    CLASS
      EXPRESSION ([da] < 0.75)
      STYLE
        ANGLE 0
        COLOR 102 255 153
        OFFSET 0 0
        OUTLINECOLOR 102 255 153
      END # STYLE
    END # CLASS
    CLASS
      EXPRESSION ([da] < 1)
      STYLE
        ANGLE 0
        COLOR 51 255 0
        OFFSET 0 0
        OUTLINECOLOR 51 255 0
      END # STYLE
    END # CLASS
    CLASS
      EXPRESSION ([da] < 1.5)
      STYLE
        ANGLE 0
        COLOR 204 255 0
        OFFSET 0 0
        OUTLINECOLOR 204 255 0
      END # STYLE
    END # CLASS
    CLASS
      EXPRESSION ([da] < 2)
      STYLE
        ANGLE 0
        COLOR 255 255 0
        OFFSET 0 0
        OUTLINECOLOR 255 255 0
      END # STYLE
    END # CLASS
    CLASS
      EXPRESSION ([da] < 3)
      STYLE
        ANGLE 0
        COLOR 255 232 0
        OFFSET 0 0
        OUTLINECOLOR 255 232 0
      END # STYLE
    END # CLASS
    CLASS
      EXPRESSION ([da] < 5)
      STYLE
        ANGLE 0
        COLOR 255 204 0
        OFFSET 0 0
        OUTLINECOLOR 255 204 0
      END # STYLE
    END # CLASS
    CLASS
      EXPRESSION ([da] < 7)
      STYLE
        ANGLE 0
        COLOR 255 153 0
        OFFSET 0 0
        OUTLINECOLOR 255 153 0
      END # STYLE
    END # CLASS
    CLASS
      EXPRESSION ([da] >= 7)
      STYLE
        ANGLE 0
        COLOR 255 102 0
        OFFSET 0 0
        OUTLINECOLOR 255 102 0
      END # STYLE
    END # CLASS
END # LAYER

LAYER
    VALIDATION
    	date                   "^[0-9]{4}-[0-9]{2}-[0-9]{2}$"
    	scenario "^[0-9]+$"
  	END
    CLASSITEM "da"
    CONNECTION "user=nobody dbname=idep host=iemdb-idep.local"
    CONNECTIONTYPE POSTGIS
    DATA "geom from (
      SELECT h.huc_12 as oid, da, h.geom from
      huc12 h LEFT OUTER JOIN (
        SELECT huc_12, coalesce(avg_delivery,0) * 4.463 as da from results_by_huc12
        WHERE valid = '%date%' and scenario = %scenario% 
      ) as r USING (huc_12)
    ) as foo USING unique oid USING srid=5070"
    NAME "delivery2"
    PROJECTION
      "init=epsg:5070"
    END # PROJECTION
    STATUS ON
    TILEITEM "location"
    TYPE POLYGON
    UNITS METERS
    CLASS
      EXPRESSION ([da] == 0)
      #STYLE
      #  COLOR 180 180 180
      #END # STYLE
    END # CLASS
    CLASS
      EXPRESSION ([da] < 0.05)
      STYLE
        ANGLE 0
        COLOR 0 0 255
        OFFSET 0 0
        OUTLINECOLOR 0 0 255
      END # STYLE
    END # CLASS
    CLASS
      EXPRESSION ([da] < 0.1)
      STYLE
        ANGLE 0
        COLOR 0 102 255
        OFFSET 0 0
        OUTLINECOLOR 0 102 255
      END # STYLE
    END # CLASS
    CLASS
      EXPRESSION ([da] < 0.25)
      STYLE
        ANGLE 0
        COLOR 0 212 255
        OFFSET 0 0
        OUTLINECOLOR 0 212 255
      END # STYLE
    END # CLASS
    CLASS
      EXPRESSION ([da] < 0.5)
      STYLE
        ANGLE 0
        COLOR 24 255 255
        OFFSET 0 0
        OUTLINECOLOR 24 255 255
      END # STYLE
    END # CLASS
    CLASS
      EXPRESSION ([da] < 0.75)
      STYLE
        ANGLE 0
        COLOR 102 255 153
        OFFSET 0 0
        OUTLINECOLOR 102 255 153
      END # STYLE
    END # CLASS
    CLASS
      EXPRESSION ([da] < 1)
      STYLE
        ANGLE 0
        COLOR 51 255 0
        OFFSET 0 0
        OUTLINECOLOR 51 255 0
      END # STYLE
    END # CLASS
    CLASS
      EXPRESSION ([da] < 1.5)
      STYLE
        ANGLE 0
        COLOR 204 255 0
        OFFSET 0 0
        OUTLINECOLOR 204 255 0
      END # STYLE
    END # CLASS
    CLASS
      EXPRESSION ([da] < 2)
      STYLE
        ANGLE 0
        COLOR 255 255 0
        OFFSET 0 0
        OUTLINECOLOR 255 255 0
      END # STYLE
    END # CLASS
    CLASS
      EXPRESSION ([da] < 3)
      STYLE
        ANGLE 0
        COLOR 255 232 0
        OFFSET 0 0
        OUTLINECOLOR 255 232 0
      END # STYLE
    END # CLASS
    CLASS
      EXPRESSION ([da] < 5)
      STYLE
        ANGLE 0
        COLOR 255 204 0
        OFFSET 0 0
        OUTLINECOLOR 255 204 0
      END # STYLE
    END # CLASS
    CLASS
      EXPRESSION ([da] < 7)
      STYLE
        ANGLE 0
        COLOR 255 153 0
        OFFSET 0 0
        OUTLINECOLOR 255 153 0
      END # STYLE
    END # CLASS
    CLASS
      EXPRESSION ([da] >= 7)
      STYLE
        ANGLE 0
        COLOR 255 102 0
        OFFSET 0 0
        OUTLINECOLOR 255 102 0
      END # STYLE
    END # CLASS
END # LAYER

LAYER
  NAME "huc8"
  DATA "/mesonet/data/gis/static/shape/4326/us/huc8_01.shp"
  TYPE LINE
  PROJECTION
    "init=epsg:4326"
  END # PROJECTION
  STATUS ON
  TYPE LINE
  CLASS
    STYLE
      WIDTH 3
      SIZE 3
      COLOR 0 0 0
    END # STYLE
  END # CLASS
END # LAYER

LAYER
  NAME "flowpaths"
  CONNECTION "user=nobody dbname=idep host=iemdb-idep.local"
  CONNECTIONTYPE POSTGIS
  DATA "geom from (select fid, geom, fpath from flowpaths WHERE fpath > 0 and scenario = 0) as foo using srid=5070 using unique fid"
  PROJECTION
    "init=epsg:5070"
  END # PROJECTION
  STATUS ON
  TYPE LINE
  UNITS METERS
  LABELITEM fpath
  CLASS
    LABEL
      MAXSCALEDENOM 240000
      COLOR 0 0 0
      OUTLINECOLOR 255 255 255
      SIZE MEDIUM
      TYPE BITMAP
      POSITION LL
      OFFSET 3 3
    END
    STYLE
      SIZE 1.5
      WIDTH 1.5
      COLOR 255 0 0
    END # STYLE
  END # CLASS
END # LAYER


LAYER
  NAME "iahuc12"
  CONNECTION "user=nobody dbname=idep host=iemdb-idep.local"
  CONNECTIONTYPE POSTGIS
  DATA "geom from huc12 using srid=5070"
  PROJECTION
    "init=epsg:5070"
  END # PROJECTION
  STATUS ON
  TYPE LINE
  UNITS METERS
  CLASS
    STYLE
      SIZE 1.5
      WIDTH 1.5
      COLOR 180 180 180
    END # STYLE
  END # CLASS
END # LAYER

END
