MAP
#
# Start of map file
#
NAME "q2"
STATUS OFF
SIZE 450 350
EXTENT -126 24 -66 50
UNITS DD
SHAPEPATH "/mesonet/data/gis/"
IMAGECOLOR -1 -1 -1

#
PROJECTION
   "init=epsg:4326"
END

#
WEB
  TEMPLATE ia.html
  IMAGEPATH "/var/webtmp/"
  IMAGEURL "/tmp/"
  METADATA
   "wms_title" "IEM MRMS WMS Service"
   "wms_onlineresource" "https://mesonet.agron.iastate.edu/cgi-bin/mapserv/mapserv?map=/opt/iem/data/wms/q2.map&SERVICE=WMS&"
   "wms_srs" "EPSG:4326 EPSG:3857"
   "wms_abstract" "IEM generated MRMS Precipitation Products."
   "wms_keywords" "MRMS"
   "wms_accessconstraints" "None"
   "wms_contactperson" "Daryl Herzmann"
   "wms_contactorganization" "Iowa State University"
      "wms_enable_request" "*"
      "wms_allow_getmap_without_styles" "true"
  END
END
#------------------------------------------------------
#
LAYER
  NAME "q2_hsr"
  STATUS OFF
  DATA "/mesonet/ldmdata/gis/images/4326/mrms/lcref.png"
  TYPE RASTER
  PROJECTION
    "init=epsg:4326"
  END
  METADATA
    "wms_title" "MRMS Hybrid Scan Reflectivity"
    "wms_srs"   "EPSG:4326 EPSG:26915"
    "wms_extent" "-126 24 -66 50"
  END
  OFFSITE 0 0 0
  PROCESSING "CLOSE_CONNECTION=NORMAL"
END


#------------------------------------------------------
#
LAYER
  NAME "q2_n1p"
  STATUS OFF
  DATA "/mesonet/ldmdata/gis/images/4326/mrms/p1h.png"
  TYPE RASTER
  PROJECTION
    "init=epsg:4326"
  END
  METADATA
    "wms_title" "MRMS Q3 1 Hour Precip"
    "wms_srs"   "EPSG:4326 EPSG:26915"
    "wms_extent" "-126 24 -66 50"
  END
  OFFSITE 0 0 0
  PROCESSING "CLOSE_CONNECTION=NORMAL"
END

LAYER
  NAME "q2_p24h"
  STATUS OFF
  DATA "/mesonet/ldmdata/gis/images/4326/mrms/p24h.png"
  TYPE RASTER
  PROJECTION
    "init=epsg:4326"
  END
  METADATA
    "wms_title" "MRMS Q3 24 Hour Precipitation"
    "wms_srs"   "EPSG:4326 EPSG:26915"
    "wms_extent" "-126 24 -66 50"
    "wms_style_default_legendurl_href" "https://mesonet.agron.iastate.edu/images/mrms_q3_p24h.png"
    "wms_style_default_legendurl_format" "image/png"
    "wms_style_default_legendurl_height" "30"
    "wms_style_default_legendurl_width" "256"
    "wms_style" "default"
  END
  OFFSITE 0 0 0
  PROCESSING "CLOSE_CONNECTION=NORMAL"
END

LAYER
  NAME "q2_p48h"
  STATUS OFF
  DATA "/mesonet/ldmdata/gis/images/4326/mrms/p48h.png"
  TYPE RASTER
  PROJECTION
    "init=epsg:4326"
  END
  METADATA
    "wms_title" "MRMS Q3 48 Hour Precipitation"
    "wms_srs"   "EPSG:4326 EPSG:26915"
    "wms_extent" "-126 24 -66 50"
    "wms_style_default_legendurl_href" "https://mesonet.agron.iastate.edu/images/mrms_q3_p24h.png"
    "wms_style_default_legendurl_format" "image/png"
    "wms_style_default_legendurl_height" "30"
    "wms_style_default_legendurl_width" "256"
    "wms_style" "default"
  END
  OFFSITE 0 0 0
  PROCESSING "CLOSE_CONNECTION=NORMAL"
END

LAYER
  NAME "q2_p72h"
  STATUS OFF
  DATA "/mesonet/ldmdata/gis/images/4326/mrms/p72h.png"
  TYPE RASTER
  PROJECTION
    "init=epsg:4326"
  END
  METADATA
    "wms_title" "MRMS Q3 72 Hour Precipitation"
    "wms_srs"   "EPSG:4326 EPSG:26915"
    "wms_extent" "-126 24 -66 50"
    "wms_style_default_legendurl_href" "https://mesonet.agron.iastate.edu/images/mrms_q3_p24h.png"
    "wms_style_default_legendurl_format" "image/png"
    "wms_style_default_legendurl_height" "30"
    "wms_style_default_legendurl_width" "256"
    "wms_style" "default"
  END
  OFFSITE 0 0 0
  PROCESSING "CLOSE_CONNECTION=NORMAL"
END

END
