MAP
#
# Start of map file
#
NAME fancybase
STATUS ON
SIZE 450 350
#SYMBOLSET symbols/symbol.sym
FONTSET "/mesonet/data/gis/static/fonts/fonts.list"
EXTENT -2223813 -1746393 2207341 1701506
UNITS METERS
SHAPEPATH "/mesonet/data/gis/"
SYMBOLSET "/mesonet/data/gis/static/symbols/stations.sym"
IMAGECOLOR 255 255 255
IMAGETYPE PNG24
TRANSPARENT off
INTERLACE off

#
# Projection definition, consult the PROJ.4 documentation for parameter discussion
#
PROJECTION
    "proj=tmerc"
    "lat_0=41.5"
    "lon_0=-93.65"
    "x_0=0"
    "y_0=0"
    "k=0.9999"
END

#
# Start of web interface definition
#
WEB
  HEADER q_header.html
  TEMPLATE fancy.html
  FOOTER q_footer.html
  MINSCALE 90000
  MAXSCALE 40000000
  IMAGEPATH "/var/www/htdocs/tmp/"
  IMAGEURL "/tmp/"
  LOG "/var/www/htdocs/tmp/fancy.log"
END



SCALEBAR
  IMAGECOLOR 255 255 255
  LABEL
    COLOR 0 0 0
    SIZE tiny
  END
  STYLE 1
  SIZE 50 2
  COLOR 0 0 0
  UNITS MILES
  INTERVALS 1
  TRANSPARENT TRUE
  STATUS TRUE
END

LAYER
  NAME counties
  STATUS ON
  TYPE POLYGON
  DATA static/shape/26915/iowa/iacounties.shp
  PROJECTION
    "init=epsg:26915"
  END
  LABELCACHE OFF
#  LABELITEM 'NAME'
  CLASS
    OUTLINECOLOR 182 182 182
    COLOR 200 200 200
  END
END

LAYER
  NAME snet
  STATUS ON
  TYPE POINT
  LABELCACHE OFF
  PROJECTION
   "init=epsg:4326"
  END
  CLASS
    LABEL
      COLOR  255 255 0
      OUTLINECOLOR  0 0 0
      SHADOWCOLOR 0 0 0
      SHADOWSIZE 1 1
      SIZE 20
      #MINSIZE 4
      #MAXSIZE 18
      TYPE TRUETYPE
      FONT kcci
      ANTIALIAS TRUE
      BUFFER 2
      FORCE TRUE
      POSITION UC
      OFFSET 0 5
    END
  END
  CLASS
    LABEL
      COLOR 0 0 0
      SIZE 14
      MINSIZE 4
      MAXSIZE 18
      TYPE TRUETYPE
      FONT arial
      ANTIALIAS true
      BUFFER 0
      FORCE TRUE
      POSITION CR
      OFFSET 2 0
    END
  END
  CLASS
    LABEL
      COLOR  255 255 0
      OUTLINECOLOR  0 0 0
      SHADOWCOLOR 0 0 0
      SHADOWSIZE 1 1
      SIZE 20
      #MINSIZE 4
      #MAXSIZE 18
      TYPE TRUETYPE
      FONT kcci
      ANTIALIAS TRUE
      BUFFER 2
      FORCE TRUE
      POSITION LC
      OFFSET 0 5
    END
  END
  CLASS
    LABEL
      COLOR 0 0 0
      SIZE 14
      MINSIZE 4
      MAXSIZE 18
      TYPE TRUETYPE
      FONT arial
      ANTIALIAS true
      BUFFER 0
      FORCE TRUE
      POSITION CL
      OFFSET 2 0
    END
  END
END

LAYER
  NAME iards
  TYPE LINE
  STATUS ON
  PROJECTION
   "init=epsg:26915"
  END
  DATA static/shape/26915/iowa/iaroads.shp
  #CLASSITEM "STATE"
  CLASS
    EXPRESSION "[NAME] = 'Interstate Route 35'"
    COLOR 119 136 153
    SYMBOL 1
    SIZE 2
  END
END


LAYER
  NAME credits
  TYPE ANNOTATION
  STATUS default
  TRANSFORM FALSE
  LABELCACHE ON
  CLASS
    LABEL
      BUFFER 4
      ANTIALIAS TRUE
      COLOR 255 255 255
      BACKGROUNDCOLOR 0 0 0
      #SHADOWSIZE 1 1
      #SHADOWCOLOR 255 255 0
      #BACKGROUNDSHADOWCOLOR 255 255 0
      #BACKGROUNDSHADOWSIZE 1 1
      TYPE TRUETYPE
      SIZE 14
      FONT 'vera'
      POSITION CR
      FORCE TRUE
      PARTIALS TRUE
    END
  END
  CLASS
    LABEL
      COLOR 0 0 0
      BACKGROUNDCOLOR 255 255 255
      BUFFER 2
      TYPE BITMAP
      SIZE MEDIUM
      POSITION UR
      OFFSET 2 2
      FORCE TRUE
      PARTIALS TRUE
      WRAP '|'
    END
  END
END

LAYER
  NAME logo
  TYPE POINT
  STATUS default
  TRANSFORM FALSE
  LABELCACHE OFF
#  TRANSPARENCY 10
  CLASS
    SYMBOL 'iem_logo'
    COLOR 0 0 0
  END
END

LAYER
  TYPE POINT
  NAME pointonly
  STATUS OFF
  PROJECTION
   "proj=latlong"
  END
  LABELCACHE OFF
  CLASS 
   SYMBOL 1
   COLOR 255 0 0
   SIZE 5
  END
END

END
