MAP
# Defaults 
NAME iem
STATUS ON
SIZE 480 400
FONTSET "/mesonet/data/gis/fonts/fonts.list"
#  Iowa, yeah!
#EXTENT 190000 4400000 740000 4900000 
EXTENT 340000 4480000 562000 4822000 
UNITS METERS
SHAPEPATH "/mesonet/data/gis/"
SYMBOLSET "/mesonet/data/gis/symbols/stations.sym"
IMAGECOLOR -1 -1 -1
IMAGETYPE PNG
TRANSPARENT off
INTERLACE off

#PROJECTION
#  "init=epsg:26915"
#END
PROJECTION
 "init=epsg:26915"
END

###-----------------------
# Web section
#-----------------------
WEB
  MINSCALE 90000
  MAXSCALE 40000000
  IMAGEPATH "/var/www/htdocs/tmp/"
  IMAGEURL "/tmp/"
  LOG "/var/www/htdocs/tmp/fancy.log"
  TEMPLATE test.html
END

LAYER
  NAME states
  STATUS DEFAULT
  TYPE POLYGON
  DATA shape/iem/states.shp
  PROJECTION
   "proj=latlong"
  END
  CLASS
    OUTLINECOLOR 0 255 0
    COLOR 110 135 95
  END
END


LAYER
  NAME counties
  STATUS DEFAULT
  TYPE POLYGON
  DATA shape/iacounties3.shp
  PROJECTION
   "proj=latlong"
  END
  CLASS
    OUTLINECOLOR 120 0 0
    COLOR 200 200 200
  END
END

LEGEND
  STATUS EMBED
  LABEL
    TYPE BITMAP
    SIZE MEDIUM
    COLOR 148 0 0
    BACKGROUNDCOLOR 255 255 255
  END
  KEYSIZE 18 12
END

LAYER
  NAME sites
  TYPE POINT
  DATA datasets/snet_current
  STATUS DEFAULT
  LABELCACHE ON
  PROJECTION
   "proj=latlong"
  END
  TOLERANCE 10
  LABELITEM 'SITE_NAME'
  CLASS
    COLOR 100 200 164
    SYMBOL 'circle'
    SIZE 7
    LABEL
      TYPE TRUETYPE
      SIZE 10
      COLOR 255 255 255
      FORCE TRUE
      BUFFER 1
      FONT arialblk
      POSITION AUTO
    END
  END
END

LAYER
  NAME credits
  TYPE annotation
  STATUS default
  TRANSFORM FALSE
  CLASS
    NAME 'credits'
    LABEL
      TYPE BITMAP
      SIZE MEDIUM
    END
  END
END

END
