MAP
#
# Start of map file
#
NAME mosaic
STATUS ON
SIZE 900 600
FONTSET "/mesonet/data/gis/fonts/fonts.list"
# 3 x 2  1200 x 800 km
EXTENT -200000 4300000 1000000 5100000
#EXTENT -104 37 -87 49
UNITS METERS
SHAPEPATH "/mesonet/data/gis/"
SYMBOLSET "/mesonet/data/gis/symbols/stations.sym"
IMAGECOLOR 0 0 250
IMAGETYPE PNG
TRANSPARENT OFF
INTERLACE off

#
PROJECTION
#  "proj=latlong"
  "init=epsg:26915"
END

#
WEB
  HEADER q_header.html
  FOOTER q_footer.html
  MINSCALE 90000
  MAXSCALE 40000000
  IMAGEPATH "/var/www/htdocs/tmp/"
  IMAGEURL "/tmp/"
  LOG "/var/www/htdocs/tmp/warning0.log"
  METADATA
   "wms_title" "IEM WMS Service"
   "wms_onlineresource" "http://mesonet.agron.iastate.edu/cgi-bin/mapserv/mapserv.wms?map=/mesonet/www/html/GIS/apps/warning0/warning0.map&amp;"
   "wms_srs" "EPSG:4269"
   "wms_abstract" "Ba Ba Ba"
#   "wms_fees" "None"
   "wms_keywords" "Ba"
   "wms_accessconstraints" "None"
   "wms_contactperson" "Daryl Herzmann"
   "wms_contactorganization" "Iowa State University"
  END

END

#
SCALEBAR
  IMAGECOLOR 255 255 255
  LABEL
    COLOR 0 0 0
    SIZE tiny
  END
  STYLE 1
  SIZE 50 2
  COLOR 0 0 0
  UNITS MILES
  INTERVALS 1
  TRANSPARENT TRUE
  STATUS TRUE
END

LAYER
  TYPE POLYGON
  NAME rect
  STATUS ON
  METADATA
    "wms_title"  "Rect Layer"
     "wms_srs"   "EPSG:26915"
  END
  PROJECTION
    "proj=latlong"
  END
  CLASS
    OUTLINECOLOR 250 250 250
  END
END

LAYER
 NAME KCCI
 DATA /mesonet/data/gis/images/26915/KCCI/KCCI_N0R_0.tif
 TYPE RASTER
 STATUS ON
 PROJECTION
   "init=epsg:26915"
 END
 OFFSITE 0 0 0
END

LAYER
  NAME radar
  DATA /mesonet/data/gis/images/unproj/USCOMP/n0r_0.tif
  TYPE RASTER
  STATUS ON
  METADATA
    "wms_title" "Composite NEXRAD"
     "wms_srs" "EPSG:4269"  # Specify as Latlong?
  END
  PROJECTION
    "proj=latlong"
  END
  OFFSITE 0 0 0
  TRANSPARENCY 70
END

LAYER
  NAME DMX
  DATA /mesonet/data/gis/images/unproj/DMX/n0r_0.tif
  TYPE RASTER
  STATUS ON
  METADATA
    "wms_title" "DMX NEXRAD"
     "wms_srs" "EPSG:4269"  # Specify as Latlong?
  END
  PROJECTION
    "proj=latlong"
  END
  OFFSITE 0 0 0
END



LAYER
  NAME radar2
  DATA /mesonet/data/gis/images/unproj/USCOMP/n0r_0.tif
  TYPE RASTER
  STATUS ON
  METADATA
    "wms_title" "Composite NEXRAD"
     "wms_srs" "EPSG:4269"  # Specify as Latlong?
  END
  PROJECTION
    "proj=latlong"
  END
  OFFSITE 0 0 0
  TRANSPARENCY 70
END




LAYER
  NAME credits
  TYPE ANNOTATION
  STATUS default
  TRANSFORM FALSE
  CLASS
    NAME 'credits'
    LABEL
      COLOR 0 0 0
      BACKGROUNDCOLOR 250 250 250
#      SHADOWSIZE 1 1
#      SHADOWCOLOR 0 0 0
#      BACKGROUNDSHADOWCOLOR 0 0 0
#      BACKGROUNDSHADOWSIZE 1 1
      TYPE TRUETYPE
      SIZE 16
      FONT 'kcci'
      POSITION CR
      FORCE TRUE
      PARTIALS TRUE
      BUFFER 2
    END
  END
END

LAYER
  NAME namerica
  STATUS ON
  TYPE POLYGON
  DATA /mesonet/data/gis/shape/4326/world/world_borders.shp
  PROJECTION
   "init=epsg:4326"
  END
  CLASSITEM "FIPS_CNTRY"
  CLASS
    EXPRESSION /US/
    COLOR  105 105 105
  END
  CLASS
    COLOR 191 191 191
  END
END

LAYER
  NAME inex
  STATUS ON
  TYPE POLYGON
  DATA shape/iem/nex_rings.shp
  PROJECTION
   "proj=latlong"
  END
  CLASS
    OUTLINECOLOR 255 0 0
  END
END

LAYER
  NAME icwa
  STATUS ON
  TYPE POLYGON
  DATA shape/iem/cwas.shp
  PROJECTION
   "proj=latlong"
  END
  LABELITEM "CWA"
  CLASS
    OUTLINECOLOR 0 0 255
    LABEL
        TYPE BITMAP
        SIZE MEDIUM
	FORCE TRUE
        COLOR 0 0 0
    END
  END
END

LAYER
  NAME states
  STATUS DEFAULT
  TYPE LINE
  DATA /mesonet/data/gis/shape/4326/us/states.shp
  METADATA
    "wms_title" "US States"
     "wms_srs" "EPSG:4326"  # Specify as Latlong?
  END
  PROJECTION
    "init=epsg:4326"
  END
  CLASS
    STYLE
      SYMBOL 'circle'
      COLOR 0 0 0
      SIZE 2
    END
  END
END

LAYER
  NAME counties
  STATUS ON
  TYPE LINE
  DATA /mesonet/data/gis/shape/26915/mw/mwcounties.shp
  PROJECTION
   "init=epsg:26915"
  END
  CLASS
    SYMBOL "circle"
    COLOR 105 105 105
    SIZE 1
  END
END

LAYER
  NAME counties_unproj
  STATUS ON
  TYPE LINE
  DATA /mesonet/data/gis/shape/4326/us/uscounties.shp
  PROJECTION
   "init=epsg:4326"
  END
  CLASS
    SYMBOL "circle"
    COLOR 141 141 141
    SIZE 1
  END
END


LAYER
  NAME uscounties
  STATUS ON
  TYPE LINE
  DATA /mesonet/data/gis/shape/unproj/us/uscounties.shp
  PROJECTION
   "proj=latlong"
  END
  CLASS
    SYMBOL "circle"
    COLOR 105 105 105
    SIZE 2
  END
END

LAYER
 CONNECTIONTYPE postgis
 NAME watches
 CONNECTION "user=akrherz dbname=postgis host=iemdb"
 DATA "geom from watches"
 PROJECTION
  "proj=latlong"
 END
 TYPE LINE
 FILTER "expired > CURRENT_TIMESTAMP"
 CLASSITEM 'type'
  CLASS
    EXPRESSION /SVR/
    STYLE
      COLOR 0 0 0
      SIZE 4
      SYMBOL 1
    END
    STYLE
      COLOR 255 255 0
      SIZE 2
      SYMBOL 1
    END
  END
  CLASS
    EXPRESSION /TOR/
    STYLE
      COLOR 0 0 0
      SIZE 4
      SYMBOL 1
    END
    STYLE
      COLOR 255 0 0
      SIZE 2
      SYMBOL 1
    END
  END
END


LAYER
  CONNECTIONTYPE postgis
  NAME warnings0_c
  CONNECTION "user=akrherz dbname=postgis host=iemdb"
  DATA "geom from warnings"
# DATA "geom from (select type, geom, oid from warnings WHERE gtype = 'C' and 
#	expire > CURRENT_TIMESTAMP  ORDER by expire, type ASC) as foo"
  STATUS ON
  TYPE LINE
  METADATA
    "wms_title" "Current County Warnings"
     "wms_srs" "EPSG:4269"  # Specify as Latlong?
  END
  TEMPLATE q_template.html
  FILTER "expire > CURRENT_TIMESTAMP and gtype = 'C'"
  PROJECTION
   "proj=latlong"
  END
  CLASSITEM 'phenomena'
  CLASS
    EXPRESSION /FF|MA/
    STYLE
      COLOR 0 255 0
      SIZE 2
      SYMBOL 1
    END
  END
  CLASS
    EXPRESSION /SV/
    STYLE
      COLOR 0 0 0
      SIZE 4
      SYMBOL 1
    END
    STYLE
      COLOR 255 255 0
      SIZE 2
      SYMBOL 1
    END
  END
  CLASS
    EXPRESSION /TO/
    STYLE
      COLOR 0 0 0
      SIZE 4
      SYMBOL 1
    END
    STYLE
      COLOR 255 0 0
      SIZE 2
      SYMBOL 1
    END
  END
  CLASS
    STYLE
      COLOR 0 0 0
      SIZE 4
      SYMBOL 1
    END
    STYLE
      COLOR 255 0 255
      SIZE 2
      SYMBOL 1
    END
  END
END


LAYER
  CONNECTIONTYPE postgis
  NAME warnings1d_c
  CONNECTION "user=akrherz dbname=postgis host=iemdb"
  DATA "geom from warnings"
  STATUS ON
  TYPE POLYGON
  METADATA
    "wms_title" "Todays County Warnings"
     "wms_srs" "EPSG:4269"  # Specify as Latlong?
  END
  TEMPLATE q_template.html
  FILTER "issue > 'YESTERDAY'::timestamp and gtype = 'C'"
  PROJECTION
   "proj=latlong"
  END
  CLASS
    COLOR 255 0 0
    BACKGROUNDCOLOR 255 0 0
    OUTLINECOLOR 255 0 0
#    SYMBOL 1
#    SIZE 10
  END
END

LAYER
  CONNECTIONTYPE postgis
  NAME warnings0_p
  CONNECTION "user=akrherz dbname=postgis host=iemdb"
  DATA "geom from warnings"
  STATUS ON
  TYPE POLYGON
  METADATA
    "wms_title" "Current Polygon Warnings"
     "wms_srs" "EPSG:4269"  # Specify as Latlong?
  END
  TEMPLATE q_template.html
  FILTER "expire > CURRENT_TIMESTAMP and gtype = 'P'"
  PROJECTION
   "proj=latlong"
  END
  CLASSITEM 'phenomena'
  CLASS
	EXPRESSION /TO|SV/
    COLOR -1 -1 -1
    OUTLINECOLOR 255 255 255
#    SYMBOL 1
#    SIZE 10
  END
END

LAYER
  CONNECTIONTYPE postgis
  NAME lsrs
  CONNECTION "user=akrherz dbname=postgis host=iemdb"
  DATA "geom from (select distinct city, magnitude, valid, geom, type as ltype, city || magnitude || x(geom) || y(geom) as k from lsrs) as foo USING unique k USING SRID=4326 "
  STATUS ON
  TYPE POINT
  TEMPLATE q_template.html
  FILTER "valid > 'YESTERDAY'::timestamp"
  PROJECTION
   "proj=latlong"
  END
  CLASSITEM "ltype"
  CLASS
    EXPRESSION /G/
    TEXT (G[magnitude] MPH)
    LABEL
      OUTLINECOLOR 0 0 0
      COLOR 255 255 255
      TYPE BITMAP
      SIZE MEDIUM
      POSITION AUTO
      PARTIALS FALSE
    END
    COLOR 255 255 255
    SYMBOL 'triangle'
    SIZE 10
  END
  CLASS
    EXPRESSION /T/
    TEXT (TORNADO [magnitude])
    LABEL
      OUTLINECOLOR 0 0 0
      COLOR 255 255 255
      TYPE BITMAP
      SIZE MEDIUM
      POSITION AUTO
      PARTIALS FALSE
    END
    COLOR 255 255 255
    SYMBOL 'triangle'
    SIZE 10
  END
  CLASS
    EXPRESSION /H/
    TEXT (HAIL [magnitude])
    LABEL
      OUTLINECOLOR 0 0 0
      COLOR 255 255 255
      TYPE BITMAP
      SIZE MEDIUM
      POSITION AUTO
      PARTIALS FALSE
    END
    COLOR 255 255 255
    SYMBOL 'triangle'
    SIZE 10
  END
  CLASS
    EXPRESSION /D/
    TEXT (WND DMG [city])
    LABEL
      OUTLINECOLOR 0 0 0
      COLOR 255 255 255
      TYPE BITMAP
      SIZE MEDIUM
      POSITION AUTO
      PARTIALS FALSE
    END
    COLOR 255 255 255
    SYMBOL 'triangle'
    SIZE 10
  END
END


LAYER
  CONNECTIONTYPE postgis
  NAME warnings1d_p
  CONNECTION "user=akrherz dbname=postgis host=iemdb"
  DATA "geom from warnings"
  STATUS ON
  TYPE POLYGON
  METADATA
    "wms_title" "Todays Polygon Warnings"
     "wms_srs" "EPSG:4269"  # Specify as Latlong?
  END
  TEMPLATE q_template.html
  FILTER "issue > 'YESTERDAY'::timestamp and gtype = 'P'"
  PROJECTION
   "proj=latlong"
  END
  CLASS
    COLOR -1 -1 -1
    BACKGROUNDCOLOR -1 -1 -1
    OUTLINECOLOR 0 0 0
#    SYMBOL 1
#    SIZE 10
  END
END

LAYER 
  NAME logo
  TYPE POINT
  STATUS default
  TRANSFORM FALSE
  TRANSPARENCY 10
  CLASS
    SYMBOL 'iem_logo'
    SIZE 40
	COLOR 0 0 0
  END
END

LAYER
  NAME iowa_counties
  STATUS ON
  TYPE POLYGON
  DATA /mesonet/data/gis/shape/unproj/iem/cwa_counties.shp
  PROJECTION
   "proj=latlong"
  END
  CLASSITEM 'FIPS'
  CLASS
    EXPRESSION /19043/
    OUTLINECOLOR 0 0 0
    COLOR 0 0 0
    BACKGROUNDCOLOR 0 0 0
    SYMBOL 1
    SIZE 3
  END
  CLASS
    OUTLINECOLOR 255 0 0
    COLOR -1 -1 -1
  END
END

LAYER
  NAME lakes
  STATUS ON
  TYPE POLYGON
  DATA /mesonet/data/gis/shape/4326/us/major_lakes.shp
  PROJECTION
   "init=epsg:4326"
  END
  CLASS
    COLOR 0 0 250
  END
END


LAYER
  NAME cwas
  STATUS ON
  TYPE POLYGON
  DATA /mesonet/data/gis/shape/unproj/us/cwas.shp
  PROJECTION
   "proj=latlong"
  END
  LABELITEM "WFO"
  CLASS
    OUTLINECOLOR 255 165 0
    LABEL
      MINFEATURESIZE 50
      OUTLINECOLOR 0 0 0
      COLOR 255 255 255
      TYPE BITMAP
      SIZE MEDIUM
      POSITION CC
      PARTIALS FALSE
    END
  END
END



END
