MAP
#
# Start of map file
#
NAME warning0
STATUS ON
SIZE 640 480
FONTSET "/opt/iem/data/gis/fonts.list"
#EXTENT -2223813 -1746393 2207341 1701506
EXTENT -2110437.902319 -2251067.927455 2548326.285559 1239063.127472
UNITS METERS
#EXTENT -126 26 -66 50
#UNITS DD
#SHAPEPATH "/mesonet/data/gis/"
SYMBOLSET "/opt/iem/data/gis/symbols/stations.sym"
IMAGECOLOR 0 0 250
IMAGETYPE PNG
TRANSPARENT off
INTERLACE off

#
PROJECTION
  "init=epsg:2163"
END

#
WEB
  HEADER q_header.html
  TEMPLATE warning0.html
  FOOTER q_footer.html
#  MINSCALE 90000
#  MAXSCALE 40000000
  IMAGEPATH "/var/webtmp/"
  IMAGEURL "/tmp/"
  LOG "/var/webtmp/warning0.log"
  METADATA
   "wms_title" "IEM WMS Service"
   "wms_onlineresource" "https://mesonet.agron.iastate.edu/cgi-bin/mapserv/mapserv.wms?map=/opt/iem/htdocs/GIS/apps/warning0/warning0.map&amp;"
   "wms_srs" "EPSG:4326"
   "wms_abstract" "Ba Ba Ba"
#   "wms_fees" "None"
   "wms_keywords" "Ba"
   "wms_accessconstraints" "None"
   "wms_contactperson" "Daryl Herzmann"
   "wms_contactorganization" "Iowa State University"
  END

END

#
SCALEBAR
  IMAGECOLOR 255 255 255
  LABEL
    COLOR 0 0 0
    SIZE tiny
  END
  STYLE 1
  SIZE 50 2
  COLOR 0 0 0
  UNITS MILES
  INTERVALS 1
  TRANSPARENT TRUE
  STATUS TRUE
END


LAYER
  NAME namerica
  STATUS DEFAULT
  TYPE POLYGON
  DATA /mesonet/data/gis/static/shape/2163/world/namerica.shp
  PROJECTION
   "init=epsg:2163"
  END
  CLASSITEM "FIPS_CNTRY"
  CLASS
    EXPRESSION /US/
    COLOR  105 105 105
  END
  CLASS
    COLOR 191 191 191
  END
END

LAYER
  NAME lakes
  STATUS DEFAULT
  TYPE POLYGON
  DATA /mesonet/data/gis/static/shape/2163/us/major_lakes.shp
  PROJECTION
   "init=epsg:2163"
  END
  CLASS
    COLOR 0 0 250
  END
END

LAYER
  GROUP smooth_radar
  NAME smooth_radar_img
  DATA /home/ldm/data/gis/images/4326/USCOMP/n0r_0.tif
  TYPE RASTER
  STATUS ON
  METADATA
    "wms_title" "Composite NEXRAD"
     "wms_srs" "EPSG:4269"  # Specify as Latlong?
  END
  PROJECTION
   "init=epsg:4326"
  END
  OFFSITE 0 0 0
END

#LAYER
#  NAME USCOMP_N0R_TS
#  GROUP smooth_radar
#  STATUS ON
#  DATA "/mesonet/data/gis/images/4326/USCOMP/meta/USCOMP_n0r_0.shp"
#  TYPE POINT
#  TRANSFORM FALSE
#  LABELITEM "TS"
#  METADATA
#    "wms_title" "USCOMP N0R TS"
#    "wms_srs"   "EPSG:4326"
#    "wms_extent" "200000 4400000 710000 4900000"
#  END
#  CLASS
#    LABEL
#      COLOR 0 0 0
#      BACKGROUNDCOLOR 250 250 250
#      TYPE BITMAP
#      SIZE MEDIUM
#      POSITION CR
#      FORCE TRUE
#    END
#  END
#END



LAYER
  NAME counties
  STATUS ON
  TYPE POLYGON
  DATA /mesonet/data/gis/static/shape/2163/usa/nwscounties.shp
  PROJECTION
   "init=epsg:2163"
  END
  CLASS
    OUTLINECOLOR 54 54 54
  END
  TRANSPARENCY 80
END

LAYER
  NAME states
  STATUS DEFAULT
  TYPE LINE
  DATA /mesonet/data/gis/static/shape/2163/us/states.shp
  PROJECTION
   "init=epsg:2163"
  END
  CLASS
  #  COLOR 105 105 105
    COLOR 0 0 0
    SYMBOL 0
    SIZE 2
  END
  TRANSPARENCY 80
END

LAYER
  CONNECTIONTYPE postgis
  NAME warnings0_c
  CONNECTION "user=nobody dbname=postgis host=iemdb"
  DATA "geom from (select report, phenomena as wtype, geom, random() as oid from warnings WHERE significance = 'W' and expire > CURRENT_TIMESTAMP ORDER by expire, type ASC) as foo"
  STATUS ON
  TYPE LINE
  METADATA
    "wms_title" "Current County Warnings"
     "wms_srs" "EPSG:4326"  # Specify as Latlong?
  END
  TEMPLATE q_template.html
  PROJECTION
   "init=epsg:4326"
  END
  CLASSITEM "wtype"
  CLASS
    EXPRESSION 'TO'
    STYLE
      COLOR 255 0 0
      SIZE 2
      SYMBOL 1
    END
  END
  CLASS
    EXPRESSION 'SV'
    STYLE
      COLOR 255 255 0
      SIZE 2
      SYMBOL 1
    END
  END
  CLASS
    EXPRESSION 'FF'
    STYLE
      COLOR 0 255 0
      SIZE 3
      SYMBOL 1
    END
    STYLE
      COLOR 255 255 255
      SIZE 1
      SYMBOL 1
    END
  END
END


LAYER
  CONNECTIONTYPE postgis
  NAME warnings1d_c
  CONNECTION "user=nobody dbname=postgis host=iemdb"
  DATA "geom from (select report, phenomena as wtype, geom, oid from warnings WHERE significance = 'W' and expire > (CURRENT_TIMESTAMP - '24 hours'::interval)  ORDER by type ASC) as foo"
  STATUS ON
  STATUS ON
  TYPE LINE
  METADATA
    "wms_title" "Todays County Warnings"
     "wms_srs" "EPSG:4269"  # Specify as Latlong?
  END
  TEMPLATE q_template.html
  PROJECTION
   "init=epsg:4326"
  END
  CLASSITEM "wtype"
  CLASS
    EXPRESSION 'TO'
    STYLE
      COLOR 255 0 0
      SIZE 2
      SYMBOL 1
    END
  END
  CLASS
    EXPRESSION 'SV'
    STYLE
      COLOR 255 255 0
      SIZE 2
      SYMBOL 1
    END
  END
  CLASS
    EXPRESSION 'FF'
    STYLE
      COLOR 0 255 0
      SIZE 3
      SYMBOL 1
    END
    STYLE
      COLOR 255 255 255
      SIZE 1
      SYMBOL 1
    END
  END
END

LAYER
  CONNECTIONTYPE postgis
  NAME warnings0_p
  CONNECTION "user=nobody dbname=postgis host=iemdb"
  DATA "geom from (select report, phenomena, geom, random() as oid from sbw WHERE significance = 'W' and status = 'NEW' and expire > CURRENT_TIMESTAMP  ORDER by expire, type ASC) as foo"
  STATUS ON
  TYPE LINE
  METADATA
    "wms_title" "Current Polygon Warnings"
     "wms_srs" "EPSG:4269"  # Specify as Latlong?
  END
  TEMPLATE q_template.html
  PROJECTION
   "init=epsg:4326"
  END
  CLASS
    COLOR -1 -1 -1
    BACKGROUNDCOLOR -1 -1 -1
    OUTLINECOLOR 250 250 250
#    SYMBOL 1
#    SIZE 10
  END
END


LAYER
  CONNECTIONTYPE postgis
  NAME warnings1d_p
  CONNECTION "user=nobody dbname=postgis host=iemdb"
  DATA "geom from (select report, type, geom, oid from sbw WHERE status = 'NEW' and significance = 'W' and expire > (CURRENT_TIMESTAMP - '24 hours'::interval)  ORDER by expire, type ASC) as foo"
  STATUS ON
  TYPE POLYGON
  METADATA
    "wms_title" "Todays Polygon Warnings"
     "wms_srs" "EPSG:4269"  # Specify as Latlong?
  END
  TEMPLATE q_template.html
  PROJECTION
   "init=epsg:4326"
  END
  CLASS
    COLOR -1 -1 -1
    BACKGROUNDCOLOR -1 -1 -1
    OUTLINECOLOR 250 250 250
#    SYMBOL 1
#    SIZE 10
  END
END

LAYER
 CONNECTIONTYPE postgis
 NAME watches
 CONNECTION "user=nobody dbname=postgis host=iemdb"
 DATA "geom from watches"
 PROJECTION
  "init=epsg:4326"
 END
 TYPE LINE
 STATUS ON
 FILTER "expired > CURRENT_TIMESTAMP"
 CLASSITEM 'type'
  CLASS
    EXPRESSION /SVR/
    COLOR 255 255 0
    SIZE 2
    SYMBOL 1
  END
  CLASS
    EXPRESSION /TOR/
    COLOR 255 0 0
    SIZE 2
    SYMBOL 1
  END
END

LAYER
 CONNECTIONTYPE postgis
 NAME watches_all
 CONNECTION "user=nobody dbname=postgis host=iemdb"
 DATA "geom from watches"
 PROJECTION
  "init=epsg:4326"
 END
 TYPE LINE
 STATUS ON
 #FILTER "expired > 'TODAY'"
 CLASSITEM 'type'
  CLASS
    EXPRESSION /SVR/
    COLOR 255 255 0
    SIZE 2
    SYMBOL 1
  END
  CLASS
    EXPRESSION /TOR/
    COLOR 255 0 0
    SIZE 2
    SYMBOL 1
  END
END


LAYER
 CONNECTIONTYPE postgis
 NAME watches_today
 CONNECTION "user=nobody dbname=postgis host=iemdb"
 DATA "geom from watches"
 PROJECTION
  "init=epsg:4326"
 END
 TYPE LINE
 STATUS ON
 FILTER "expired > (CURRENT_TIMESTAMP - '24 hours'::interval)"
 CLASSITEM 'type'
  CLASS
    EXPRESSION /SVR/
    COLOR 255 255 0
    SIZE 2
    SYMBOL 1
  END
  CLASS
    EXPRESSION /TOR/
    COLOR 255 0 0
    SIZE 2
    SYMBOL 1
  END
END


END
