MAP
#
# Start of map file
#
NAME "radar"
STATUS ON
SIZE 450 350
FONTSET "/opt/iem/data/gis/fonts.list"
EXTENT -126 26 -76 50
UNITS DD
SHAPEPATH "/mesonet/data/gis/"
SYMBOLSET "/opt/iem/data/gis/symbols/stations.sym"
IMAGECOLOR -1 -1 -1
IMAGETYPE png

OUTPUTFORMAT
  NAME png
  MIMETYPE "image/png"
  DRIVER "GD/PNG"
  IMAGEMODE PC256
  TRANSPARENT ON
END

#
# Projection definition, consult the PROJ.4 documentation for parameter discussion
#
PROJECTION
   "init=epsg:4326"
END

#
# Start of web interface definition
#
WEB
#  HEADER ia_header.html
  TEMPLATE ia.html
#  FOOTER ia_footer.html
  IMAGEPATH "/var/webtmp/"
  IMAGEURL "https://mesonet.agron.iastate.edu/tmp/"
  METADATA
   "wms_title" "IEM WMS Service"
   "wms_onlineresource" "https://mesonet.agron.iastate.edu/cgi-bin/mapserv/mapserv?map=/opt/iem/htdocs/GIS/maps/usradar.map&amp;"
   "wms_srs" "EPSG:4326"
   "wms_abstract" "Ba Ba Ba"
#   "wms_fees" "None"
   "wms_keywords" "Ba"
   "wms_accessconstraints" "None"
   "wms_contactperson" "Daryl Herzmann"
   "wms_contactorganization" "Iowa State University"
  END
END

#------------------------------------------------------
#
LAYER
  NAME usradar
  STATUS ON
  DATA "/mesonet/ldmdata/gis/images/4326/USCOMP/n0r_0.tif"
  TYPE RASTER
  PROJECTION
    "init=epsg:4326"
  END
  METADATA
    "wms_title" "US RADAR"
    "wms_srs"   "EPSG:4326"
    "wms_extent" "-126 26 -76 50"
  END
  OFFSITE 0 0 0
END

END
