# Mapserver mapfile for the MRMS data the IEM processes into seemless mosaics
MAP

NAME "mrms_nn"
SIZE 450 350
STATUS ON
EXTENT -126 24 -66 50
UNITS DD
IMAGECOLOR -1 -1 -1

PROJECTION
   "init=epsg:4326"
END

WEB
  IMAGEPATH "/var/webtmp/"
  IMAGEURL "/tmp/"
  METADATA
   "wms_title" "IEM MRMS WMS Service"
   "wms_onlineresource" "https://mesonet.agron.iastate.edu/cgi-bin/mapserv/mapserv?map=/opt/iem/data/wms/us/mrms_nn.map&"
   "wms_srs" "EPSG:4326 EPSG:3857"
   "wms_abstract" "IEM generated NOAA MRMS Products."
   "wms_keywords" "Q3 MRMS"
   "wms_accessconstraints" "None"
   "wms_contactperson" "Daryl Herzmann"
   "wms_contactorganization" "Iowa State University"
   "wms_enable_request" "*"
  END
END

#
LAYER
  NAME "mrms_p72h"
  STATUS ON
  DATA "/mesonet/ldmdata/gis/images/4326/mrms/p72h_nn.png"
  TYPE RASTER
  MINSCALE 0
  MAXSCALE 465000000
  PROJECTION
    "init=epsg:4326"
  END
  METADATA
    "wms_title" "NMQ Q3 72 Hour Precipitation"
    "wms_srs"   "EPSG:4326 EPSG:26915"
    "wms_extent" "-126 24 -66 50"
    "wms_style_default_legendurl_href" "https://mesonet.agron.iastate.edu/images/mrms_q3_p24h.png"
    "wms_style_default_legendurl_format" "image/png"
    "wms_style_default_legendurl_height" "30"
    "wms_style_default_legendurl_width" "256"
    "wms_style" "default"
  END
  OFFSITE 0 0 0
  PROCESSING "CLOSE_CONNECTION=NORMAL"
END
# END OF mrms_p72h

#
LAYER
  NAME "mrms_p48h"
  STATUS ON
  DATA "/mesonet/ldmdata/gis/images/4326/mrms/p48h_nn.png"
  TYPE RASTER
  MINSCALE 0
  MAXSCALE 465000000
  PROJECTION
    "init=epsg:4326"
  END
  METADATA
    "wms_title" "NMQ Q3 48 Hour Precipitation"
    "wms_srs"   "EPSG:4326 EPSG:26915"
    "wms_extent" "-126 24 -66 50"
    "wms_style_default_legendurl_href" "https://mesonet.agron.iastate.edu/images/mrms_q3_p24h.png"
    "wms_style_default_legendurl_format" "image/png"
    "wms_style_default_legendurl_height" "30"
    "wms_style_default_legendurl_width" "256"
    "wms_style" "default"
  END
  OFFSITE 0 0 0
  PROCESSING "CLOSE_CONNECTION=NORMAL"
END
# END OF mrms_p48h

#
LAYER
  NAME "mrms_p24h"
  STATUS ON
  DATA "/mesonet/ldmdata/gis/images/4326/mrms/p24h_nn.png"
  TYPE RASTER
  MINSCALE 0
  MAXSCALE 465000000
  PROJECTION
    "init=epsg:4326"
  END
  METADATA
    "wms_title" "NMQ Q3 24 Hour Precipitation"
    "wms_srs"   "EPSG:4326 EPSG:26915"
    "wms_extent" "-126 24 -66 50"
    "wms_style_default_legendurl_href" "https://mesonet.agron.iastate.edu/images/mrms_q3_p24h.png"
    "wms_style_default_legendurl_format" "image/png"
    "wms_style_default_legendurl_height" "30"
    "wms_style_default_legendurl_width" "256"
    "wms_style" "default"
  END
  OFFSITE 0 0 0
  PROCESSING "CLOSE_CONNECTION=NORMAL"
END
# END OF mrms_p24h

#
LAYER
  NAME "mrms_p1h"
  STATUS ON
  DATA "/mesonet/ldmdata/gis/images/4326/mrms/p1h_nn.png"
  TYPE RASTER
  MINSCALE 0
  MAXSCALE 465000000
  PROJECTION
    "init=epsg:4326"
  END
  METADATA
    "wms_title" "NMQ Q3 1 Hour Precipitation"
    "wms_srs"   "EPSG:4326 EPSG:26915"
    "wms_extent" "-126 24 -66 50"
    "wms_style_default_legendurl_href" "https://mesonet.agron.iastate.edu/images/mrms_q3_p1h.png"
    "wms_style_default_legendurl_format" "image/png"
    "wms_style_default_legendurl_height" "30"
    "wms_style_default_legendurl_width" "256"
    "wms_style" "default"
  END
  OFFSITE 0 0 0
  PROCESSING "CLOSE_CONNECTION=NORMAL"
END
# END OF mrms_p1h


# End of mapfile
END  
