# The only mapfile!
NAME base4326
STATUS ON
SIZE 640 480
#FONTSET "../fonts/fonts.list"
EXTENT -104 37 -87 49
UNITS DD
SHAPEPATH "./"
SYMBOLSET "/mesonet/data/gis/static/symbols/stations.sym"
IMAGETYPE PNG
IMAGECOLOR 0 0 255
#TRANSPARENT ON
#INTERLACE off

PROJECTION
  "init=epsg:4326"
END

WEB
  IMAGEPATH "/var/www/htdocs/tmp/"
  IMAGEURL "/tmp/"
  TEMPLATE "test.html"
  METADATA
   "wms_title" "IEM Road Pavement Temperatures Service"
   "wms_onlineresource" "http://mesonet.agron.iastate.edu/cgi-bin/wms/us/roadtemps.cgi?"
   "wms_srs" "EPSG:4326 EPSG:26915 EPSG:900913"
   "wms_abstract" "Road Temps."
   "wms_keywords" "Road Temps"
   "wms_accessconstraints" "None"
   "wms_contactperson" "Daryl Herzmann"
   "wms_contactorganization" "Iowa State University"
  END
END

LAYER
  CONNECTIONTYPE postgis
  NAME roadtemps
  # Connect to a remote spatial database
  CONNECTION "user=nobody dbname=iem host=iemdb"
  # Get the lines from the 'geom' column of the 'roads' table
  DATA "geom from (select geom, round(tsf0::numeric,0) as tsf0,
    oid from current WHERE (valid > CURRENT_TIMESTAMP - '70 minutes'::interval)
    and tsf0 > -30) as foo using unique oid using srid=4326"
  STATUS OFF
  TYPE POINT
  LABELCACHE OFF
  METADATA
    "wms_title" "Road Pavement Temps"
    "wms_srs" "EPSG:4326 EPSG:26915 EPSG:900913"
  END
  PROJECTION
   "init=epsg:4326"
  END
  CLASSITEM "tsf0"
  CLASS
    NAME ">=35"
    EXPRESSION ([tsf0] >= 35)
    STYLE
      COLOR 0 0 0
      SYMBOL 'circle'
      SIZE 10
    END
    STYLE
      COLOR 30 190 20
      SYMBOL 'circle'
      SIZE 8
    END
  END
  CLASS
    NAME "34-35"
    EXPRESSION ([tsf0] >= 34)
    STYLE
      COLOR 0 0 0
      SYMBOL 'circle'
      SIZE 10
    END
    STYLE
      COLOR 215 255 0
      SYMBOL 'circle'
      SIZE 8
    END
  END
  CLASS
    NAME "33-34"
    EXPRESSION ([tsf0] >= 33)
    STYLE
      COLOR 0 0 0
      SYMBOL 'circle'
      SIZE 10
    END
    STYLE
      COLOR 255 164 0
      SYMBOL 'circle'
      SIZE 8
    END
  END
  CLASS
    NAME "32-33"
    EXPRESSION ([tsf0] >= 32)
    STYLE
      COLOR 0 0 0
      SYMBOL 'circle'
      SIZE 10
    END
    STYLE
      COLOR 255 50 0
      SYMBOL 'circle'
      SIZE 8
    END
  END
  CLASS
    NAME "31-32"
    EXPRESSION ([tsf0] >= 31)
    STYLE
      COLOR 0 0 0
      SYMBOL 'circle'
      SIZE 10
    END
    STYLE
      COLOR 255 0 144
      SYMBOL 'circle'
      SIZE 8
    END
  END
  CLASS
    NAME "30-31"
    EXPRESSION ([tsf0] >= 30)
    STYLE
      COLOR 0 0 0
      SYMBOL 'circle'
      SIZE 10
    END
    STYLE
      COLOR 255 0 255
      SYMBOL 'circle'
      SIZE 8
    END
  END
  CLASS
    NAME "< 30"
    EXPRESSION ([tsf0] < 30)
    STYLE
      COLOR 0 0 0
      SYMBOL 'circle'
      SIZE 10
    END
    STYLE
      COLOR 255 255 255
      SYMBOL 'circle'
      SIZE 8
    END
  END
END

END
