MAP
#
# Start of map file
#
NAME "wwa"
STATUS ON
SIZE 450 350
EXTENT -126 24 -66 50
UNITS DD
SHAPEPATH "/mesonet/data/gis/"
SYMBOLSET "/opt/iem/data/gis/symbols/stations.sym"
IMAGECOLOR -1 -1 -1

#
PROJECTION
   "init=epsg:4326"
END

#
WEB
  TEMPLATE ia.html
  MINSCALE 0
  MAXSCALE 465000000
  IMAGEPATH "/var/webtmp/"
  IMAGEURL "/tmp/"
  METADATA
   "wms_title" "IEM NWS Warnings WMS Service"
   "wms_onlineresource" "https://mesonet.agron.iastate.edu/cgi-bin/wms/us/wwa.cgi?"
   "wms_srs" "EPSG:4326 EPSG:26915 EPSG:3857 EPSG:900913"
   "wms_abstract" "NWS warnings."
   "wms_keywords" "NWS"
   "wms_accessconstraints" "None"
   "wms_contactperson" "Daryl Herzmann"
   "wms_contactorganization" "Iowa State University"
      "wms_enable_request" "*"
  END
END

#------------------------------------------------------
#
LAYER
        NAME warnings_p
        STATUS OFF
        TYPE LINE
        DATA "/home/meteor_ldm/data/gis/shape/4326/us/current_ww.shp"
        MINSCALE 0
        MAXSCALE 465000000
  METADATA
    "wms_title" "NWS Polygon Warnings"
   "wms_srs" "EPSG:4326 EPSG:26915 EPSG:3857"
  END
        PROJECTION
                "init=epsg:4326"
        END
        #CLASSITEM "TYPE"
        FILTERITEM "GTYPE"
        FILTER /P/
        CLASS
                NAME "Svr T'storm Warn"
        EXPRESSION ('[TYPE]' = 'SV' and '[SIG]' = 'W')
                COLOR   255 255 0
                SIZE    3
                SYMBOL  'circle'
        END
        CLASS
                NAME "Marnine Warn"
        EXPRESSION ('[TYPE]' = 'MA' and '[SIG]' = 'W')
                COLOR   0 255 0
                SIZE    3
                SYMBOL  'circle'
        END
        CLASS
                NAME "Tornado Warn"
        EXPRESSION ('[TYPE]' = 'TO' and '[SIG]' = 'W')
                COLOR   255 0 0
                SIZE    3
                SYMBOL  'circle'
        END
END


#------------------------------------------------------
#
LAYER
        NAME warnings_c
        STATUS OFF
        TYPE LINE
        DATA "/home/ldm/data/gis/shape/4326/us/current_ww.shp"
        MINSCALE 0
        MAXSCALE 465000000
  METADATA
    "wms_title" "NWS County Warnings"
   "wms_srs" "EPSG:4326 EPSG:26915 EPSG:900913 EPSG:3857"
  END
        PROJECTION
                "init=epsg:4326"
        END
        #CLASSITEM "TYPE"
        FILTERITEM "GTYPE"
        FILTER /C/
        CLASS
                NAME "Svr T'storm Warn"
        		EXPRESSION ('[TYPE]' eq 'SV' and '[SIG]' eq 'W')
                COLOR   255 255 0
                SIZE    3
                SYMBOL  'circle'
        END
        CLASS
                NAME "Flash Flood Warn"
        EXPRESSION ('[TYPE]' eq 'FF' and '[SIG]' eq 'W')
                COLOR   0 255 0
                SIZE    3
                SYMBOL  'circle'
        END
        CLASS
                NAME "Marnine Warn"
        EXPRESSION ('[TYPE]' eq 'MA' and '[SIG]' eq 'W')
                COLOR   0 255 0
                SIZE    3
                SYMBOL  'circle'
        END
        CLASS
                NAME "Tornado Warn"
        EXPRESSION ('[TYPE]' eq 'TO' and '[SIG]' eq 'W')
                COLOR   255 0 0
                SIZE    3
                SYMBOL  'circle'
        END
    # Advisories
    CLASS
        NAME "Winter Advisory"
        EXPRESSION (('[TYPE]' eq 'BZ' or '[TYPE]' eq 'SN' or '[TYPE]' eq 'WS' or '[TYPE]' eq 'BS' or '[TYPE]' eq 'SB' or '[TYPE]' eq 'IP' or '[TYPE]' eq 'HP' or '[TYPE]' eq 'ZR' or '[TYPE]' eq 'IS') and '[SIG]' eq 'Y')
        STYLE
                  COLOR 176 224 230
                  SIZE  3
                  SYMBOL        'circle'
        END
        STYLE
                  COLOR 255 255 255
                  SIZE  1
                  SYMBOL        'circle'
        END
        END
    # Heavy Snow
    CLASS
        NAME "Heavy Snow Warn"
        EXPRESSION ('[TYPE]' eq 'HS' and '[SIG]' eq 'W')
        COLOR 138 43 226
        SIZE 3
        SYMBOL 'circle'
    END
    # WW Warning
    CLASS
        NAME "Winter Storm Warn"
        EXPRESSION (('[TYPE]' eq 'WS' or '[TYPE]' eq 'WW') and '[SIG]' eq 'W')
                COLOR   255 105 180
                SIZE    3
                SYMBOL  'circle'
        END
    CLASS
      NAME "Winter Storm Advisory"
      EXPRESSION (('[TYPE]' eq 'WS' or '[TYPE]' eq 'WW') and '[SIG]' eq 'Y')
      COLOR   123 104 238
      SIZE    3
      SYMBOL  'circle'
    END
    CLASS
      NAME "Flood Warning"
      EXPRESSION (('[TYPE]' eq 'FL') and '[SIG]' eq 'W')
      COLOR   0 255 0
      SIZE    3
      SYMBOL  'circle'
    END
    CLASS
      NAME "High Wind Watch"
      EXPRESSION (('[TYPE]' eq 'HI') and '[SIG]' eq 'A')
      COLOR   184 134 11
      SIZE    3
      SYMBOL  'circle'
    END
    # Sleet Fz
    CLASS
        NAME "Ice/Frz/Sleet Warn"
        EXPRESSION (('[TYPE]' = 'IP' or '[TYPE]' eq 'HP' or '[TYPE]' eq 'ZR' or '[TYPE]' eq 'IS') and '[SIG]' eq 'W')
                COLOR   255 20 147
                SIZE    3
                SYMBOL  'circle'
        END
    # Blizzard
    CLASS
        NAME "Blizzard Warn"
        EXPRESSION ('[TYPE]' eq 'BZ' and '[SIG]' eq 'W')
                COLOR   255 0 0
                SIZE    3
                SYMBOL  'circle'
        END
END


END
