MAP
#
# Start of map file
#
NAME fancybase
STATUS ON
SIZE 450 450
#SYMBOLSET symbols/symbol.sym
FONTSET "/mesonet/data/gis/static/fonts/fonts.list"
EXTENT 200000 4400000 710000 4900000
UNITS METERS
SHAPEPATH "/mesonet/data/gis/"
SYMBOLSET "/mesonet/data/gis/static/symbols/stations.sym"
IMAGECOLOR -1 -1 -1
IMAGETYPE PNG
TRANSPARENT off
INTERLACE off

#
# Projection definition, consult the PROJ.4 documentation for parameter discussion
#
PROJECTION
    "init=epsg:26915"
END

#
# Start of web interface definition
#
WEB
  HEADER q_header.html
  TEMPLATE fancy.html
  FOOTER q_footer.html
  MINSCALE 90000
  MAXSCALE 40000000
  IMAGEPATH "/var/www/htdocs/tmp/"
  IMAGEURL "/tmp/"
  LOG "/tmp/fancy.log"
END



SCALEBAR
  IMAGECOLOR 255 255 255
  LABEL
    COLOR 0 0 0
    SIZE tiny
  END
  STYLE 1
  SIZE 50 2
  COLOR 0 0 0
  UNITS MILES
  INTERVALS 1
  TRANSPARENT TRUE
  STATUS TRUE
END

LAYER
  NAME counties
  STATUS DEFAULT
  TYPE POLYGON
  DATA /mesonet/data/gis/static/shape/26915/us/counties.shp
  PROJECTION
    "init=epsg:26915"
  END
  LABELCACHE OFF
#  LABELITEM 'NAME'
  CLASS
    OUTLINECOLOR 220 220 220
    COLOR 200 200 200
#    LABEL 
#      SIZE TINY
#      TYPE BITMAP
#      POSITION LC
#      COLOR 0 0 0
#      PARTIALS FALSE
#      FORCE FALSE
#    END
  END
END

LAYER
  NAME DMX
  STATUS ON
  TYPE RASTER
  DATA /home/ldm/data/gis/images/4326/DMX/n0r_0.tif
#  OFFSITE 255 255 255
  OFFSITE 0 0 0
  TRANSPARENCY 80
  PROJECTION
    "init=epsg:4326"
  END
END

LAYER
  NAME KCCI
  STATUS ON
  TYPE RASTER
  DATA /home/ldm/data/gis/images/26915/KCCI/KCCI_N0R_0.png
  OFFSITE 0 0 0
  TRANSPARENCY 80
  PROJECTION
   "init=epsg:26915"
  END
END

LAYER
  NAME temps
  STATUS ON
  TYPE POINT
  LABELCACHE OFF
  PROJECTION
   "proj=latlong"
  END
  CLASS
    LABEL
      COLOR  255 0 0
#      OUTLINECOLOR  0 0 0
#      SHADOWCOLOR 0 0 0
#      SHADOWSIZE 1 1
      SIZE 12
      MINSIZE 4
      MAXSIZE 18
      TYPE TRUETYPE
      FONT kcci
      ANTIALIAS TRUE
      BUFFER 2
      FORCE TRUE
      POSITION UL
      OFFSET 0 3
    END
  END
  CLASS
    LABEL
      COLOR 0 0 255
#      OUTLINECOLOR  0 0 0
#      SHADOWCOLOR 255 255 255
#      SHADOWSIZE 1 1
      SIZE 12
      MINSIZE 4
      MAXSIZE 18
      TYPE TRUETYPE
      FONT kcci
      ANTIALIAS TRUE
      BUFFER 2
      FORCE TRUE
      POSITION LL
      OFFSET 0 3
    END
  END
  CLASS
    LABEL
      COLOR  0 255 0
      OUTLINECOLOR  0 0 0
      SHADOWCOLOR 0 0 0
      SHADOWSIZE 1 1
      SIZE 14
      MINSIZE 4
      MAXSIZE 18
      TYPE TRUETYPE
      FONT kcci
      ANTIALIAS TRUE
      BUFFER 2
      FORCE TRUE
      POSITION UC
      OFFSET 0 3
    END
  END
END

LAYER
  NAME snet
  STATUS ON
  TYPE POINT
  LABELCACHE OFF
  PROJECTION
   "proj=latlong"
  END
  CLASS
    LABEL
      COLOR  255 255 0
      OUTLINECOLOR  0 0 0
      SHADOWCOLOR 0 0 0
      SHADOWSIZE 1 1
      SIZE 14
      MINSIZE 4
      MAXSIZE 18
      TYPE TRUETYPE
      FONT kcci
      ANTIALIAS TRUE
      BUFFER 2
      FORCE TRUE
      POSITION UC
      OFFSET 0 3
    END
  END
  CLASS
    COLOR -1 -1 -1
    LABEL
      COLOR  255 255 255
      OUTLINECOLOR 0 0 0
      SHADOWCOLOR 0 0 0
      SHADOWSIZE 1 1
      SIZE 14
      MINSIZE 4
      MAXSIZE 18
      TYPE TRUETYPE
      FONT kcci
      ANTIALIAS true
      BUFFER 2
      FORCE TRUE
      POSITION AUTO
    END
  END
END

LAYER 
  NAME barbs
  TYPE POINT
#  DATA datasets/snet_current
  STATUS DEFAULT
  METADATA
   LYRNAME "Winds"
  END
#  LABELITEM "WIND_CHR"
#  LABELANGLEITEM "WIND_ROTAT"
  LABELCACHE OFF
  PROJECTION
   "proj=latlong"
  END
  CLASS
    LABEL
        COLOR 255 0 0
#        SHADOWCOLOR 0 0 0
#        SHADOWSIZE 1 1
        TYPE truetype
        FONT weather
        ANTIALIAS FALSE
        SIZE 45
        POSITION UR
        OFFSET -1 -1 # for size 30 UR
        BUFFER 0
        PARTIALS TRUE
	FORCE TRUE
    END
  END 
END

LAYER
 NAME mwradar
 STATUS ON
 TYPE RASTER
 DATA "/home/ldm/data/gis/images/4326/USCOMP/n0r_0.tif"
 OFFSITE 0 0 0
 PROJECTION
  "init=epsg:4326"
 END
 TRANSPARENCY 50
END


LAYER
 NAME interstates
 TYPE LINE
 STATUS OFF
 PROJECTION
  "init=epsg:4326"
 END
 DATA "/mesonet/data/gis/static/shape/4326/us/interstates.shp"
 CLASS
   COLOR 0 0 0
   SYMBOL "circle"
   SIZE 1
   #OVERLAYSYMBOL 'circle'
   #OVERLAYSIZE 1
   #OVERLAYCOLOR 0 0 0
  END
END


LAYER
  NAME states
  STATUS ON
  TYPE LINE
  DATA /mesonet/data/gis/static/shape/4326/us/states.shp
  PROJECTION
   "init=epsg:4326"
  END
  CLASS
  #  COLOR 105 105 105
    COLOR 0 0 0
    SYMBOL 'circle'
    SIZE 2
  END
#  TRANSPARENCY 80
END


LAYER
  NAME credits
  TYPE ANNOTATION
  STATUS default
  TRANSFORM FALSE
  CLASS
    NAME 'credits'
    LABEL
      COLOR 255 255 255
      BACKGROUNDCOLOR 0 0 200
      SHADOWSIZE 1 1
      SHADOWCOLOR 0 0 0
      BACKGROUNDSHADOWCOLOR 0 0 0
      BACKGROUNDSHADOWSIZE 1 1
      TYPE TRUETYPE
      SIZE 14
      FONT 'kcci'
      POSITION CR
      FORCE TRUE
      PARTIALS TRUE
    END
  END
END

LAYER 
  NAME logo
  TYPE POINT
  STATUS default
  TRANSFORM FALSE
  TRANSPARENCY 10
  CLASS
    SYMBOL 'kcci8'
    SIZE 30
  END
END



LAYER
  TYPE POINT
  NAME pointonly
  STATUS OFF
  CLASS 
   SYMBOL 1
   COLOR 255 0 0
   SIZE 15
   LABEL
    COLOR -1 -1 -1
   END
  END
END

END
