MAP
#
# Start of map file
#
NAME "alaska_wv"
STATUS ON
SIZE 450 350
EXTENT -178.3 51.5 -130.0 71.4
UNITS DD
SHAPEPATH "/mesonet/data/gis/"
IMAGECOLOR -1 -1 -1

#
PROJECTION
   "init=epsg:4326"
END

#
WEB
  TEMPLATE ia.html
  MINSCALE 0
  MAXSCALE 465000000
  IMAGEPATH "/var/webtmp/"
  IMAGEURL "/tmp/"
  #LOG "/tmp/w0.log"
  METADATA
   "wms_title" "IEM GOES WV WMS Service"
   "wms_onlineresource" "https://mesonet.agron.iastate.edu/cgi-bin/mapserv/mapserv?map=/opt/iem/data/wms/goes/alaska_wv.map&SERVICE=WMS&"
   "wms_srs" "EPSG:4326 EPSG:3857"
   "wms_abstract" "IEM generated CONUS composite of GOES WV Satellite."
   "wms_keywords" "GOES,WEST,WV"
   "wms_accessconstraints" "None"
   "wms_contactperson" "Daryl Herzmann"
   "wms_contactorganization" "Iowa State University"
      "wms_enable_request" "*"
  END
END

#------------------------------------------------------
#
LAYER
  NAME "alaska_wv"
  STATUS ON
  MINSCALE 0
  MAXSCALE 465000000
  DATA "/home/meteor_ldm/data/gis/images/GOES/alaska/channel09/GOES-17_C09.png"
  TYPE RASTER
  INCLUDE "/home/meteor_ldm/data/gis/images/GOES/alaska/channel09/GOES-17_C09.msinc"
  PROCESSING "CLOSE_CONNECTION=NORMAL"
END

END
