MAP
#
# Start of map file
#
NAME "goes_conus_ir"
STATUS ON
SIZE 450 350
EXTENT -126 24 -66 50
UNITS DD
SHAPEPATH "/mesonet/data/gis/"
IMAGECOLOR -1 -1 -1

#
PROJECTION
   "init=epsg:4326"
END

#
WEB
  TEMPLATE ia.html
  MINSCALE 0
  MAXSCALE 465000000
  IMAGEPATH "/mesonet/www/html/tmp/"
  IMAGEURL "/tmp/"
  LOG "/mesonet/www/html/tmp/w0.log"
  METADATA
   "wms_title" "IEM GOES IR WMS Service"
   "wms_onlineresource" "http://mesonet.agron.iastate.edu/cgi-bin/mapserv/mapserv?map=/var/www/data/wms/goes/conus_ir.map&SERVICE=WMS&"
   "wms_srs" "EPSG:4326"
   "wms_abstract" "IEM generated CONUS composite of GOES IR Satellite."
   "wms_keywords" "GOES,IR"
   "wms_accessconstraints" "None"
   "wms_contactperson" "Daryl Herzmann"
   "wms_contactorganization" "Iowa State University"
  END
END

#------------------------------------------------------
#
LAYER
  NAME "conus_ir_4km"
  STATUS ON
  DATA "/home/ldm/data/gis/images/4326/sat/conus_goes_ir4km.tif"
  TYPE RASTER
  MINSCALE 0
  MAXSCALE 465000000
  PROJECTION
    "init=epsg:4326"
  END
  METADATA
    "wms_title" "GOES CONUS IR"
    "wms_srs"   "EPSG:4326 EPSG:26915"
    "wms_extent" "-126 24 -66 50"
  END
  #OFFSITE 0 0 0
END

END
