MAP
#
# Start of map file
#
NAME "hawaii_ir"
STATUS OFF
SIZE 450 350
EXTENT -126 24 -66 50
UNITS DD
SHAPEPATH "/mesonet/data/gis/"
IMAGECOLOR -1 -1 -1

#
PROJECTION
   "init=epsg:4326"
END

#
WEB
  TEMPLATE ia.html
  IMAGEPATH "/var/webtmp/"
  IMAGEURL "/tmp/"
  METADATA
   "wms_title" "IEM GOES Hawaii IR WMS Service"
   "wms_onlineresource" "https://mesonet.agron.iastate.edu/cgi-bin/mapserv/mapserv?map=/opt/iem/data/wms/goes/hawaii_ir.map&SERVICE=WMS"
   "wms_srs" "EPSG:4326 EPSG:3857"
   "wms_abstract" "IEM generated imagery of GOES IR Satellite."
   "wms_keywords" "GOES,EAST,IR"
   "wms_accessconstraints" "None"
   "wms_contactperson" "Daryl Herzmann"
   "wms_contactorganization" "Iowa State University"
      "wms_enable_request" "*"
      "wms_allow_getmap_without_styles" "true"
  END
END

#------------------------------------------------------
#
LAYER
  NAME "hawaii_ir"
  STATUS OFF
  DATA "/mesonet/ldmdata/gis/images/GOES/conus/channel13/GOES-18_C13.png"
  TYPE RASTER
  INCLUDE "/mesonet/ldmdata/gis/images/GOES/conus/channel13/GOES-18_C13.msinc"
  PROCESSING "CLOSE_CONNECTION=NORMAL"
END

END
