MAP
#
# Start of map file
#
NAME "hawaii_vis"
STATUS ON
SIZE 450 350
EXTENT -126 24 -66 50
UNITS DD
SHAPEPATH "/mesonet/data/gis/"
IMAGECOLOR -1 -1 -1

#
PROJECTION
   "init=epsg:4326"
END

#
WEB
  TEMPLATE ia.html
  MINSCALE 0
  MAXSCALE 465000000
  IMAGEPATH "/var/webtmp/"
  IMAGEURL "/tmp/"
  #LOG "/var/webtmp/w0.log"
  METADATA
   "wms_title" "IEM GOES VIS WMS Service"
   "wms_onlineresource" "https://mesonet.agron.iastate.edu/cgi-bin/mapserv/mapserv?map=/opt/iem/data/wms/goes/hawaii_vis.map&SERVICE=WMS"
   "wms_srs" "EPSG:4326 EPSG:3857"
   "wms_abstract" "GOES East VIS Satellite."
   "wms_keywords" "GOES,EAST,VIS"
   "wms_accessconstraints" "None"
   "wms_contactperson" "Daryl Herzmann"
   "wms_contactorganization" "Iowa State University"
      "wms_enable_request" "*"
  END
END

#------------------------------------------------------
#
LAYER
  NAME "hawaii_vis"
  STATUS ON
  MINSCALE 0
  MAXSCALE 465000000
  DATA "/home/ldm/data/gis/images/4326/goes/GOES_HI_VIS.png"
  TYPE RASTER
  PROJECTION
    "init:epsg=4326"
  END
INCLUDE "/home/ldm/data/gis/images/4326/goes/GOES_HI_VIS.msinc"
      PROCESSING "CLOSE_CONNECTION=NORMAL"
  #OFFSITE 0 0 0
END

END
