MAP
#
# Start of map file
#
NAME "goes_west_13.3"
STATUS ON
SIZE 450 350
EXTENT -126 24 -66 50
UNITS DD
SHAPEPATH "/mesonet/data/gis/"
IMAGECOLOR -1 -1 -1

#
PROJECTION
   "init=epsg:4326"
END

#
WEB
  TEMPLATE ia.html
  MINSCALE 0
  MAXSCALE 465000000
  IMAGEPATH "/var/webtmp/"
  IMAGEURL "/tmp/"
  METADATA
   "wms_title" "IEM GOES IR WMS Service"
   "wms_onlineresource" "https://mesonet.agron.iastate.edu/cgi-bin/mapserv/mapserv?map=/opt/iem/data/wms/goes/west_13.3.map&SERVICE=WMS"
   "wms_srs" "EPSG:4326"
   "wms_abstract" "IEM generated CONUS composite of GOES 13.3 Satellite."
   "wms_keywords" "GOES,WEST,13.3"
   "wms_accessconstraints" "None"
   "wms_contactperson" "Daryl Herzmann"
   "wms_contactorganization" "Iowa State University"
      "wms_enable_request" "*"
  END
END

#------------------------------------------------------
#
LAYER
  NAME "west_13.3_4km"
  STATUS ON
  MINSCALE 0
  MAXSCALE 465000000
  DATA "/home/ldm/data/gis/images/awips211/GOES_WEST_13.3.png"
  TYPE RASTER
  PROJECTION
     "proj=lcc"
   "lat_0=25"
    "lat_1=25"
    "lat_2=25"
   "lon_0=-95"
   "a=6371200.0"
   "b=6371200.0"
  END
INCLUDE "/home/ldm/data/gis/images/4326/goes/GOES_WEST_13.3.msinc"
      PROCESSING "CLOSE_CONNECTION=NORMAL"
  #OFFSITE 0 0 0
END

END
