MAP
#
# Start of map file
#
NAME "radar"
STATUS ON
SIZE 450 350
#SYMBOLSET symbols/symbol.sym
FONTSET "/mesonet/data/gis/fonts/fonts.list"
EXTENT 200000 4400000 710000 4900000
UNITS METERS
SHAPEPATH "/mesonet/data/gis/"
SYMBOLSET "/mesonet/data/gis/static/symbols/stations.sym"
IMAGECOLOR -1 -1 -1


#
# Projection definition, consult the PROJ.4 documentation for parameter discussion
#
PROJECTION
   "init=epsg:26915"
END

#
# Start of web interface definition
#
WEB
#  HEADER ia_header.html
  TEMPLATE ia.html
#  FOOTER ia_footer.html
  MINSCALE 90000
  MAXSCALE 4650000
  IMAGEPATH "/var/www/htdocs/tmp/"
  IMAGEURL "/tmp/"
  LOG "/var/www/htdocs/tmp/w0.log"
  METADATA
   "wms_title" "IEM WMS Service"
   "wms_onlineresource" "http://mesonet.agron.iastate.edu/cgi-bin/mapserv/mapserv.wms?map=/mesonet/www/html/GIS/apps/wms/kcci.map&amp;"
   "wms_srs" "EPSG:26915"
   "wms_abstract" "Ba Ba Ba"
#   "wms_fees" "None"
   "wms_keywords" "Ba"
   "wms_accessconstraints" "None"
   "wms_contactperson" "Daryl Herzmann"
   "wms_contactorganization" "Iowa State University"
  END
END

LAYER
  NAME kcci
  STATUS ON
  DATA "/mesonet/data/gis/images/26915/KCCI/KCCI_N0R_0.png"
  TYPE RASTER
  METADATA
    "wms_title" "KCCI RADAR"
    "wms_srs"   "EPSG:26915"
    "wms_extent" "200000 4400000 710000 4900000"
  END
  OFFSITE 0 0 0 
END

#-------------------------------------------------------
LAYER
  NAME DMX_N0R_IMG
  GROUP DMX_N0R
  STATUS ON
  DATA "/mesonet/data/gis/images/26915/DMX/DMX_N0R_0.png"
  TYPE RASTER
  METADATA
    "wms_title" "DMX RADAR N0R"
    "wms_srs"   "EPSG:26915"
    "wms_extent" "200000 4400000 710000 4900000"
  END
  OFFSITE 0 0 0
  PROJECTION
   "init=epsg:26915"
  END
END

LAYER
  NAME DMX_N0R_TS
  GROUP DMX_N0R
  STATUS ON
  DATA "/mesonet/data/gis/images/26915/DMX/meta/DMX_N0R_0.shp"
  TYPE POINT
  TRANSFORM FALSE
  LABELITEM "TS"
  CLASS
    LABEL
      COLOR 0 0 0
      TYPE BITMAP
      SIZE MEDIUM
      POSITION CR
      FORCE TRUE
    END 
  END
END

#-------------------------------------------------------
LAYER
  NAME DVN_N0R_IMG
  GROUP DVN_N0R
  STATUS ON
  DATA "/mesonet/data/gis/images/26915/DVN/DVN_N0R_0.png"
  TYPE RASTER
  METADATA
    "wms_title" "DVN RADAR N0R"
    "wms_srs"   "EPSG:26915"
    "wms_extent" "200000 4400000 710000 4900000"
  END
  OFFSITE 0 0 0
  PROJECTION
   "init=epsg:26915"
  END
END

LAYER
  NAME DVN_N0R_TS
  GROUP DVN_N0R
  STATUS ON
  DATA "/mesonet/data/gis/images/26915/DVN/meta/DVN_N0R_0.shp"
  TYPE POINT
  TRANSFORM FALSE
  LABELITEM "TS"
  CLASS
    LABEL
      COLOR 0 0 0
      TYPE BITMAP
      SIZE MEDIUM
      POSITION CR
      FORCE TRUE
    END
  END
END


#__________________________________
LAYER
  NAME DMX_NTP_IMG
  GROUP DMX_NTP
  STATUS ON
  DATA "/mesonet/data/gis/images/26915/DMX/DMX_NTP_0.png"
  TYPE RASTER
  METADATA
    "wms_title" "DMX RADAR NTP"
    "wms_srs"   "EPSG:26915"
    "wms_extent" "200000 4400000 710000 4900000"
  END
  OFFSITE 0 0 0
  PROJECTION
   "init=epsg:26915"
  END
END

LAYER
  NAME DMX_NTP_TS
  GROUP DMX_NTP
  STATUS ON
  DATA "/mesonet/data/gis/images/26915/DMX/meta/DMX_NTP_0.shp"
  TYPE POINT
  TRANSFORM FALSE
  LABELITEM "TS"
  CLASS
    LABEL
      COLOR 0 0 0
      TYPE BITMAP
      SIZE MEDIUM
      POSITION CR
      FORCE TRUE
    END
  END
END

#__________________________________
LAYER
  NAME DVN_NTP_IMG
  GROUP DVN_NTP
  STATUS ON
  DATA "/mesonet/data/gis/images/26915/DVN/DVN_NTP_0.png"
  TYPE RASTER
  METADATA
    "wms_title" "DVN RADAR NTP"
    "wms_srs"   "EPSG:26915"
    "wms_extent" "200000 4400000 710000 4900000"
  END
  OFFSITE 0 0 0
  PROJECTION
   "init=epsg:26915"
  END
END

LAYER
  NAME DVN_NTP_TS
  GROUP DVN_NTP
  STATUS ON
  DATA "/mesonet/data/gis/images/26915/DVN/meta/DVN_NTP_0.shp"
  TYPE POINT
  TRANSFORM FALSE
  LABELITEM "TS"
  CLASS
    LABEL
      COLOR 0 0 0
      TYPE BITMAP
      SIZE MEDIUM
      POSITION CR
      FORCE TRUE
    END
  END
END


#-------------------------------------------
LAYER
  NAME iowacomp
  STATUS ON
  DATA "/mesonet/data/gis/images/26915/IOWA_N0R.png"
  TYPE RASTER
  METADATA
    "wms_title" "IOWA COMPOSITE RADAR"
    "wms_srs"   "EPSG:26915"
    "wms_extent" "200000 4400000 710000 4900000"
  END
  PROJECTION
    "init=epsg:26915"
  END
  OFFSITE 0 0 0
END

#-----------------------------------------
LAYER
  CONNECTIONTYPE postgis
  NAME tmpf
  # Connect to a remote spatial database
  CONNECTION "user=nobody dbname=iem host=iemdb"
  # Get the lines from the 'geom' column of the 'roads' table
  DATA "geom from (select geom, oid, round(tmpf::numeric, 0) as tmpf
         from current
         WHERE valid > 'TODAY' and tmpf > -40 and tmpf < 120
         and tmpf IS NOT NULL) as foo"
  STATUS ON
  TYPE POINT
  LABELCACHE ON
  PROJECTION
   "proj=latlong"
  END
  CLASS
    TEXT ([ tmpf ])
    COLOR -1 -1 -1
    LABEL
      COLOR 255 0 0
      TYPE BITMAP
      SIZE MEDIUM
      POSITION UL
      OFFSET 2 2
      BUFFER 0
      PARTIALS TRUE
      FORCE TRUE
    END
  END
END
LAYER
  CONNECTIONTYPE postgis
  NAME barbs
  # Connect to a remote spatial database
  CONNECTION "user=nobody dbname=iem host=iemdb"
  # Get the lines from the 'geom' column of the 'roads' table
  DATA "geom from (select geom, tmpf,
    case WHEN sknt between 0 and 4.99 THEN chr(227)
       WHEN sknt between 5 and 9.99   THEN chr(228)
       WHEN sknt between 10 and 14.99 THEN chr(229)
       WHEN sknt between 15 and 19.99  THEN chr(230)
       WHEN sknt between 20  and 24.99 THEN chr(231)
       WHEN sknt between 25  and 29.99 THEN chr(232)
       WHEN sknt between 30  and 34.99 THEN chr(233)
       WHEN sknt between 35  and 39.99 THEN chr(234)
       WHEN sknt between 40  and 44.99 THEN chr(235)
       WHEN sknt between 45  and 49.99 THEN chr(236)
       ELSE chr(1) END as sknt,
    (0 - drct) as drct, oid from current WHERE sknt > 0
    and valid > 'TODAY' and sknt IS NOT NULL) as foo"
  STATUS ON
  TYPE POINT
  LABELANGLEITEM drct
  LABELCACHE OFF
  PROJECTION
   "proj=latlong"
  END
  CLASS
    TEXT ([sknt])
    COLOR -1 -1 -1
    LABEL
        COLOR 0 0 0
        TYPE truetype
        FONT weather
        SIZE 45
        POSITION UR
        OFFSET -4 -5 # for size 30 UR
        BUFFER 0
        PARTIALS TRUE
    END
  END
END


LAYER
  NAME counties
  STATUS ON
  TYPE POLYGON
  DUMP true
  DATA shape/ia/counties_ia.shp
  METADATA 
    "wms_title" "Iowa Counties"
     "wms_srs" "EPSG:26915"
    "wms_extent" "200000 4400000 710000 4900000"
  END
  PROJECTION
    "init=epsg:26915"
  END
  CLASS
    COLOR -1 -1 -1
    OUTLINECOLOR 0 0 0 
  END
END

LAYER
  CONNECTIONTYPE postgis
  NAME warnings0_c
  CONNECTION "user=akrherz dbname=postgis host=mesonet.agron.iastate.edu"
  DATA "geom from warnings"
  STATUS ON
  TYPE POLYGON
  TEMPLATE q_template.html
  FILTER "expire > CURRENT_TIMESTAMP and gtype = 'C'"
  PROJECTION
   "proj=latlong"
  END
  CLASS
    COLOR -1 -1 -1
    BACKGROUNDCOLOR 0 0 0
    OUTLINECOLOR 0 0 0
    SYMBOL 0
    SIZE 2
  END
END

LAYER
  CONNECTIONTYPE postgis
  NAME warnings0_p
  CONNECTION "user=akrherz dbname=postgis host=mesonet.agron.iastate.edu"
  DATA "geom from warnings"
  STATUS ON
  TYPE POLYGON
  TEMPLATE q_template.html
  FILTER "expire > CURRENT_TIMESTAMP and gtype = 'P'"
  PROJECTION
   "proj=latlong"
  END
  CLASS
    COLOR -1 -1 -1
    BACKGROUNDCOLOR 255 0 0
    OUTLINECOLOR 255 0 0
    SYMBOL 0
    SIZE 2
  END
END
LAYER
  NAME states
  STATUS ON
  TYPE POLYGON
  DATA shape/states.shp
  PROJECTION
   "proj=latlong"
  END
  CLASS
    OUTLINECOLOR 0 0 0
  END
END


END
