#
# Start of map file
#
# Sample map file for a chameleon app.
#
NAME mongoose
STATUS ON
SIZE 400 300
#SYMBOLSET ../etc/symbols.sym
EXTENT -100 38 -90 45
UNITS METERS
SHAPEPATH "../data"
IMAGECOLOR 0 0 0
#FONTSET ../etc/fonts.txt
 
 
#
# Start of web interface definition
#
WEB
#
  IMAGEPATH "/tmp/ms_tmp/"
  IMAGEURL "/ms_tmp/"
  LOG "/tmp/gmap.log"
  METADATA
  END
END
 
PROJECTION
	"init=epsg:4326"
END

LAYER
  NAME radar
  DATA /mesonet/data/gis/images/unproj/USCOMP/n0r_0.tif
  TYPE RASTER
  STATUS ON
  METADATA
    "wms_title" "Composite NEXRAD"
     "wms_srs" "EPSG:4269"  # Specify as Latlong?
  END
  PROJECTION
    "proj=latlong"
  END
  OFFSITE 0 0 0
  TRANSPARENCY 70
END


LAYER
  CONNECTIONTYPE postgis
  NAME nexattr
  CONNECTION "user=akrherz dbname=postgis host=10.10.10.40"
  DATA "geom from nexrad_attributes"
  STATUS ON
  TYPE POINT
  METADATA
    "wms_title" "Current County Warnings"
     "wms_srs" "EPSG:4326"  # Specify as Latlong?
  END
  #FILTER "expire > CURRENT_TIMESTAMP and gtype = 'C'"
  PROJECTION
   "init=epsg:4326"
  END
  LABELITEM 'storm_id'
  TEMPLATE 'test.html'
  CLASS
    COLOR 0 0 0
    SIZE 10
    SYMBOL 0
        LABEL
                COLOR 250 250 250
                TYPE BITMAP
                SIZE MEDIUM
                POSITION UL
                FORCE FALSE
        END
  END
  TOLERANCE 50
END

LAYER
  NAME states
  STATUS DEFAULT
  TYPE LINE
  DATA /mesonet/data/gis/shape/unproj/us/states.shp
  METADATA
    "wms_title" "US States"
     "wms_srs" "EPSG:4269"  # Specify as Latlong?
  END
  PROJECTION
    "proj=latlong"
  END
  CLASS
    SYMBOL 1
    COLOR 105 105 105
    SIZE 2
  END
END


END
