MAP
NAME road_conditions
STATUS ON
SIZE 640 480
EXTENT 200000 4450000 710000 4950000
UNITS METERS
IMAGECOLOR 140 144 90
IMAGETYPE PNG24

#
WEB
  TEMPLATE "test.html"
  IMAGEPATH "/var/www/htdocs/tmp/"
  IMAGEURL "/tmp/"
  METADATA
    "wfs_title"	"IEM Iowa Road Conditions"
    "wfs_onlineresource" "https://mesonet.agron.iastate.edu/cgi-bin/wms/iowa/roadcond.cgi"
    "wms_srs"	"EPSG:900913 EPSG:3857"
    "wfs_srs"	"EPSG:900913 EPSG:3857"
    "wfs_abstract" "Ba Ba Ba"
    "wfs_fees" "None"
    "wfs_keywordlist" "Ba"
    "wfs_accessconstraints" "None"
    "wfs_contactperson" "Daryl Herzmann"
    "wfs_contactorganization" "Iowa State University"
    "wfs_encoding" "ISO-8859-1"
    "ows_schemas_location" "http://ogc.dmsolutions.ca"
    "ows_enable_request" "*"
  END
END
 
PROJECTION
	"init=epsg:26915"
END

LAYER
  CONNECTIONTYPE postgis
  NAME "roadcond-wfs-test-900913"
  DUMP true
  CONNECTION "user=nobody dbname=postgis host=iemdb"
  DATA "geom from (select a.label, b.major, b.minor, b.type as rtype, b.int1, random() as boid, b.segid, c.cond_code, ST_transform(b.simple_geom,900913) as geom from roads_conditions a, roads_base b, roads_current_test c WHERE c.cond_code = a.code and  b.segid = c.segid ORDER by b.segid DESC) as foo using UNIQUE boid using SRID=900913"
  STATUS ON
  TYPE LINE
  METADATA
    "wfs_title" "Iowa Interstates Conditions"
    "wms_title" "Iowa Interstates Conditions"
    "wms_srs"   "EPSG:900913 EPSG:3857"
    "wfs_srs"   "EPSG:900913 EPSG:3857"
    "gml_featureid" "SEGID"
    "gml_include_items" "all"
  END
  PROJECTION
   "init=epsg:3857"
  END
END


LAYER
  CONNECTIONTYPE postgis
  NAME "roadcond-wfs-900913"
  DUMP true
  CONNECTION "user=nobody dbname=postgis host=iemdb"
  DATA "geom from (select a.label, b.major, b.minor, b.type as rtype, b.int1, random() as boid, b.segid, c.cond_code, ST_transform(b.simple_geom,900913) as geom from roads_conditions a, roads_base b, roads_current c WHERE c.cond_code = a.code and  b.segid = c.segid and c.valid > (now() - '24 hours'::interval) ORDER by b.segid DESC) as foo using UNIQUE boid using SRID=900913"
  STATUS ON
  TYPE LINE
  METADATA
    "wfs_title" "Iowa Interstates Conditions"
    "wms_title" "Iowa Interstates Conditions"
    "wms_srs"   "EPSG:900913 EPSG:3857"
    "wfs_srs"   "EPSG:900913 EPSG:3857"
    "gml_featureid" "SEGID"
    "gml_include_items" "all"
  END
  PROJECTION
   "init=epsg:3857"
  END
END

END

