MAP
#
# Start of map file
#
NAME "iemtest"
STATUS ON
SIZE 450 350
#SYMBOLSET symbols/symbol.sym
FONTSET "/mesonet/data/gis/static/fonts/fonts.list"
EXTENT 200000 4400000 710000 4900000
UNITS METERS
SHAPEPATH "/mesonet/data/gis/"
SYMBOLSET "/opt/iem/data/gis/stations.sym"
IMAGECOLOR -1 -1 -1


#
# Projection definition, consult the PROJ.4 documentation for parameter discussion
#
PROJECTION
   "init=epsg:26915"
END

#
# Start of web interface definition
#
WEB
#  HEADER ia_header.html
  TEMPLATE ia.html
#  FOOTER ia_footer.html
  MINSCALE 90000
  MAXSCALE 4650000
  IMAGEPATH "/var/webtmp/"
  IMAGEURL "/tmp/"
  LOG "/var/webtmp/w0.log"
  METADATA
   "wms_title" "IEM WMS Service"
   "wms_onlineresource" "https://mesonet.agron.iastate.edu/cgi-bin/mapserv/mapserv?map=/opt/iem/htdocs/GIS/apps/rainfall/wms.map&amp;"
   "wms_srs" "EPSG:26915 EPSG:900913 EPSG:3857 EPSG:102113 EPSG:102100 EPSG:4326"
   "wms_abstract" "Ba Ba Ba"
#   "wms_fees" "None"
   "wms_keywords" "Ba"
   "wms_accessconstraints" "None"
   "wms_contactperson" "Daryl Herzmann"
   "wms_contactorganization" "Iowa State University"
   "wms_enable_request" "*"
  END
END

LAYER
  CONNECTIONTYPE postgis
  NAME sevendays_rainfall_data
	GROUP sevendays_rainfall
  CONNECTION "user=nobody dbname=wepp host=iemdb-wepp.local"
  DATA  "the_geom from (select random() as oid, d.rainfall / 25.4 as da, h.the_geom as the_geom from (select sum(rainfall) as rainfall, hrap_i from daily_rainfall WHERE valid  IN ('YESTERDAY'::date, ('now'::date - '2 days'::interval)::date,('now'::date - '3 days'::interval)::date, ('now'::date - '4 days'::interval)::date, ('now'::date - '5 days'::interval)::date, ('now'::date - '6 days'::interval)::date, ('now'::date - '7 days'::interval)::date ) GROUP by hrap_i) as d left join hrap_polygons h using (hrap_i)) as foo using unique oid using srid=26915"
  STATUS ON
  TYPE POLYGON
  METADATA
    "wms_title" "RAIN7"
    "wms_srs"   "EPSG:4326"
  END
  PROJECTION
    "init=epsg:26915"
  END
  CLASSITEM "da"
			CLASS
		EXPRESSION ([da] > 12)
		COLOR 217 31 38
	END
	CLASS
		EXPRESSION ([da] > 8)
		COLOR 241 88 34
	END
	CLASS
		EXPRESSION ([da] > 6)
		COLOR 249 166 128
	END
	CLASS
		EXPRESSION ([da] > 5)
		COLOR 255 212 128
	END
	CLASS
		EXPRESSION ([da] > 4)
		COLOR 246 235 20
	END
	CLASS
		EXPRESSION ([da] > 3.5)
		COLOR 176 210 54
	END
	CLASS
		EXPRESSION ([da] > 3)
		COLOR 81 184 72
	END
	CLASS
		EXPRESSION ([da] > 2.5)
		COLOR 91 193 157
	END
	CLASS
		EXPRESSION ([da] > 2)
		COLOR 111 204 221
	END
	CLASS
		EXPRESSION ([da] > 1.5)
		COLOR 81 122 189
	END
	CLASS
		EXPRESSION ([da] > 1)
		COLOR 57 83 164
	END
	CLASS
		EXPRESSION ([da] > 0.60)
		COLOR 121 81 161
	END
	CLASS
		EXPRESSION ([da] > 0.30)
		COLOR 186 82 159
	END
	CLASS
		EXPRESSION ([da] > 0.05)
		COLOR 218 157 198
	END
	CLASS
		EXPRESSION ([da] > 0)
		COLOR 248 207 226
	END
END

LAYER
	NAME sevendays_rainfall_legend
	GROUP sevendays_rainfall
	TYPE POINT
	FEATURE
		POINTS 240 20 END
	END
	TRANSFORM FALSE
	CLASS
		SYMBOL 'precip'
		#SIZE 40
		COLOR -1 -1 -1
	END
END



LAYER
  CONNECTIONTYPE postgis
  NAME yesterday_rainfall_data
	GROUP yesterday_rainfall
  CONNECTION "user=nobody dbname=wepp host=iemdb-wepp.local"
  DATA  "the_geom from (select random() as oid, d.rainfall / 25.4 as da, h.the_geom from daily_rainfall d left join hrap_polygons h using (hrap_i) WHERE d.valid = 'YESTERDAY'::date) as foo using unique oid using srid=26915"
  STATUS ON
  TYPE POLYGON
  METADATA
    "wms_title" "YESTRAIN"
    "wms_srs"   "EPSG:4326"
  END
  PROJECTION
    "init=epsg:26915"
  END
  CLASSITEM "da"
			CLASS
		EXPRESSION ([da] > 12)
		COLOR 217 31 38
	END
	CLASS
		EXPRESSION ([da] > 8)
		COLOR 241 88 34
	END
	CLASS
		EXPRESSION ([da] > 6)
		COLOR 249 166 128
	END
	CLASS
		EXPRESSION ([da] > 5)
		COLOR 255 212 128
	END
	CLASS
		EXPRESSION ([da] > 4)
		COLOR 246 235 20
	END
	CLASS
		EXPRESSION ([da] > 3.5)
		COLOR 176 210 54
	END
	CLASS
		EXPRESSION ([da] > 3)
		COLOR 81 184 72
	END
	CLASS
		EXPRESSION ([da] > 2.5)
		COLOR 91 193 157
	END
	CLASS
		EXPRESSION ([da] > 2)
		COLOR 111 204 221
	END
	CLASS
		EXPRESSION ([da] > 1.5)
		COLOR 81 122 189
	END
	CLASS
		EXPRESSION ([da] > 1)
		COLOR 57 83 164
	END
	CLASS
		EXPRESSION ([da] > 0.60)
		COLOR 121 81 161
	END
	CLASS
		EXPRESSION ([da] > 0.30)
		COLOR 186 82 159
	END
	CLASS
		EXPRESSION ([da] > 0.05)
		COLOR 218 157 198
	END
	CLASS
		EXPRESSION ([da] > 0)
		COLOR 248 207 226
	END
END

LAYER
	NAME yesterday_rainfall_legend
	GROUP yesterday_rainfall
	TYPE POINT
	FEATURE
		POINTS 240 20 END
	END
	TRANSFORM FALSE
	CLASS
		SYMBOL 'precip'
		#SIZE 40
		COLOR -1 -1 -1
	END
END


LAYER
  CONNECTIONTYPE postgis
  GROUP month_rainfall
  NAME month_rainfall_data
  CONNECTION "user=nobody dbname=wepp host=iemdb-wepp.local"
  DATA  "the_geom from (select random() as oid, d.rainfall / 25.4 as da, h.the_geom from monthly_rainfall d left join hrap_polygons h using (hrap_i) WHERE d.valid = to_char(CURRENT_TIMESTAMP, 'YYYY-MM-01')::date ) as foo using unique oid using srid=26915"
  STATUS ON
  TYPE POLYGON
  METADATA
    "wms_title" "MONTHRAIN"
    "wms_srs"   "EPSG:4326"
  END
  PROJECTION
    "init=epsg:26915"
  END
  CLASSITEM "da"
	CLASS
		EXPRESSION ([da] > 12)
		COLOR 217 31 38
	END
	CLASS
		EXPRESSION ([da] > 8)
		COLOR 241 88 34
	END
	CLASS
		EXPRESSION ([da] > 6)
		COLOR 249 166 128
	END
	CLASS
		EXPRESSION ([da] > 5)
		COLOR 255 212 128
	END
	CLASS
		EXPRESSION ([da] > 4)
		COLOR 246 235 20
	END
	CLASS
		EXPRESSION ([da] > 3.5)
		COLOR 176 210 54
	END
	CLASS
		EXPRESSION ([da] > 3)
		COLOR 81 184 72
	END
	CLASS
		EXPRESSION ([da] > 2.5)
		COLOR 91 193 157
	END
	CLASS
		EXPRESSION ([da] > 2)
		COLOR 111 204 221
	END
	CLASS
		EXPRESSION ([da] > 1.5)
		COLOR 81 122 189
	END
	CLASS
		EXPRESSION ([da] > 1)
		COLOR 57 83 164
	END
	CLASS
		EXPRESSION ([da] > 0.60)
		COLOR 121 81 161
	END
	CLASS
		EXPRESSION ([da] > 0.30)
		COLOR 186 82 159
	END
	CLASS
		EXPRESSION ([da] > 0.05)
		COLOR 218 157 198
	END
	CLASS
		EXPRESSION ([da] > 0)
		COLOR 248 207 226
	END
END

LAYER
	NAME month_rainfall_legend
	GROUP month_rainfall
	TYPE POINT
	FEATURE
		POINTS 240 20 END
	END
	TRANSFORM FALSE
	CLASS
		SYMBOL 'precip'
		#SIZE 40
		COLOR -1 -1 -1
	END
END

END
