MAP
# select.map

NAME select
STATUS ON
# 4x3
SIZE 480 360
FONTSET "./fonts.list"
#EXTENT -2223813 -1746393 2207341 1701506
# 4 x 3  600km 450
EXTENT 175000 4400000 775000 4850000
UNITS METERS
SHAPEPATH "./"
SYMBOLSET "./stations.sym"
IMAGETYPE PNG
#TRANSPARENT off
#INTERLACE off
#IMAGECOLOR 140 144 90
IMAGECOLOR 255 255 255

#
PROJECTION
    "init=epsg:26915"
END

#
WEB
#  HEADER q_header.html
  TEMPLATE select.html
#  FOOTER q_footer.html
  MINSCALE 90000
  MAXSCALE 40000000
  IMAGEPATH "/var/webtmp/"
  IMAGEURL "/tmp/"
  #LOG "/mesonet/www/html/tmp/sw.log"
END

INCLUDE "inc_iem.map"

LAYER
  NAME "places2010"
  TYPE POLYGON
  STATUS OFF
  DATA /mesonet/data/gis/static/shape/4326/us/2010_Places.shp
  PROJECTION
   "init=epsg:4326"
  END
  CLASS
    STYLE
      COLOR 200 200 200
    END
  END
END

LAYER
  NAME temps
  STATUS OFF
  TYPE POINT
  LABELCACHE OFF
  PROJECTION
   "init=epsg:4326"
  END
  CLASS
    LABEL
      COLOR  255 0 0
#      OUTLINECOLOR  0 0 0
#      SHADOWCOLOR 0 0 0
#      SHADOWSIZE 1 1
      SIZE 12
      MINSIZE 4
      MAXSIZE 18
      TYPE TRUETYPE
      FONT kcci
      ANTIALIAS TRUE
      BUFFER 2
      FORCE TRUE
      POSITION UL
      OFFSET 0 3
    END
  END
  CLASS
    LABEL
      COLOR 0 0 255
#      OUTLINECOLOR  0 0 0
#      SHADOWCOLOR 255 255 255
#      SHADOWSIZE 1 1
      SIZE 12
      MINSIZE 4
      MAXSIZE 18
      TYPE TRUETYPE
      FONT kcci
      ANTIALIAS TRUE
      BUFFER 2
      FORCE TRUE
      POSITION LL
      OFFSET 0 3
    END
  END
  CLASS
    LABEL
      COLOR  0 255 0
      OUTLINECOLOR  0 0 0
      SHADOWCOLOR 0 0 0
      SHADOWSIZE 1 1
      SIZE 14
      MINSIZE 4
      MAXSIZE 18
      TYPE TRUETYPE
      FONT kcci
      ANTIALIAS TRUE
      BUFFER 2
      FORCE TRUE
      POSITION UC
      OFFSET 0 3
    END
  END
END

LAYER
  NAME cwas
  STATUS OFF
  TYPE POLYGON
  DATA /mesonet/data/gis/static/shape/4326/nws/cwas.shp
  PROJECTION
   "init=epsg:4326"
  END
  LABELITEM "WFO"
  CLASS
    OUTLINECOLOR 255 165 0
    LABEL
      MINFEATURESIZE 50
      OUTLINECOLOR 0 0 0
      COLOR 255 255 255
      TYPE BITMAP
      SIZE MEDIUM
      POSITION CC
      PARTIALS FALSE
    END
  END
END

LAYER 
  NAME barbs
  TYPE POINT
#  DATA datasets/snet_current
  STATUS OFF
  METADATA
   LYRNAME "Winds"
  END
#  LABELITEM "WIND_CHR"
#  LABELANGLEITEM "WIND_ROTAT"
  LABELCACHE OFF
  PROJECTION
   "init=epsg:4326"
  END
  CLASS
    LABEL
        COLOR 255 0 0
#        SHADOWCOLOR 0 0 0
#        SHADOWSIZE 1 1
        TYPE truetype
        FONT weather
        ANTIALIAS FALSE
        SIZE 45
        POSITION UR
        OFFSET -1 -1 # for size 30 UR
        BUFFER 0
        PARTIALS TRUE
	FORCE TRUE
    END
  END 
END

LAYER
  NAME snet
  STATUS ON
  TYPE POINT
  LABELCACHE ON
  PROJECTION
   "init=epsg:4326"
  END
  CLASS
    STYLE
      COLOR  255 255 0
    END
    LABEL
            COLOR  255 255 0
      OUTLINECOLOR  0 0 0
      
      SIZE 14
      #MINSIZE 4
      #MAXSIZE 18
      TYPE TRUETYPE
      FONT 'liberation-bold'
      ANTIALIAS TRUE
      BUFFER 2
      FORCE FALSE
      POSITION UC
      OFFSET 0 5
     
    END
  END
  CLASS
    STYLE
      COLOR  255 255 0
    END
    LABEL

      COLOR 0 0 0
      SIZE 12
   
      MINSIZE 4
      MAXSIZE 18
      TYPE TRUETYPE
      FONT 'liberation-bold'
      ANTIALIAS true
      BUFFER 0
      FORCE TRUE
      POSITION CR
      OFFSET 2 0
     
    END
  END
  CLASS
    STYLE
      COLOR  255 255 0
    END
    LABEL

      COLOR  255 255 0
      OUTLINECOLOR  0 0 0
   
      SIZE 8
      #MINSIZE 4
      #MAXSIZE 18
      TYPE TRUETYPE
      FONT 'liberation-bold'
      ANTIALIAS TRUE
      BUFFER 2
      FORCE TRUE
      POSITION LC
      OFFSET 0 5
      
    END
  END
  CLASS
    STYLE
      COLOR  255 255 0
    END
    LABEL
      STYLE
      COLOR 0 0 0
      SIZE 8
      END
      MINSIZE 4
      MAXSIZE 18
      TYPE TRUETYPE
      FONT 'liberation'
      ANTIALIAS true
      BUFFER 0
      FORCE TRUE
      POSITION CL
      OFFSET 2 0
      
    END
  END
END

# North America!!!
LAYER
  NAME namerica
  STATUS OFF
  TYPE POLYGON
  DATA /mesonet/data/gis/static/shape/4326/world/world_borders.shp
  PROJECTION
   "init=epsg:4326"
  END
  CLASSITEM "FIPS_CNTRY"
  CLASS
    EXPRESSION /US/
    COLOR  105 105 105
  END
  CLASS
    COLOR 191 191 191
  END
END
LAYER
  NAME lakes
  STATUS OFF
  TYPE POLYGON
  DATA /mesonet/data/gis/static/shape/4326/us/major_lakes.shp
  PROJECTION
   "init=epsg:4326"
  END
  CLASS
    COLOR 0 0 250
  END
END
LAYER
  NAME nexrad_n0q
  DATA /home/ldm/data/gis/images/4326/USCOMP/n0q_0.png
  TYPE RASTER
  STATUS OFF
  METADATA
    "wms_title" "Composite NEXRAD"
  END
  PROJECTION
    "init=epsg:4326"
  END
  OFFSITE 0 0 0
  TRANSPARENCY 70
  PROCESSING "CLOSE_CONNECTION=NORMAL"
END
LAYER
  NAME uscounties
  STATUS OFF
  TYPE LINE
  DATA /mesonet/data/gis/static/shape/4326/us/uscounties.shp
  PROJECTION
   "init=epsg:4326"
  END
  CLASS
    SYMBOL "circle"
    COLOR 54 54 54
    SIZE 1
  END
END
###
# Watch by County
LAYER
  CONNECTIONTYPE postgis
  NAME "watch_by_county"
  CONNECTION "dbname=postgis host=iemdb user=nobody"
  STATUS OFF
  TYPE LINE
  PROJECTION
   "init=epsg:4326"
  END
  CLASSITEM "phenomena"
  CLASS
    EXPRESSION 'TO'
    STYLE
      COLOR 255 0 0
      SIZE 2
      SYMBOL 'circle'
    END
  END
  CLASS
    EXPRESSION 'SV'
    STYLE
      COLOR 255 255 0
      SIZE 2
      SYMBOL 'circle'
    END
  END
END
# watches
LAYER
 CONNECTIONTYPE postgis
 NAME watches
 CONNECTION "dbname=postgis host=iemdb"
 DATA "geom from watches"
 PROJECTION
  "init=epsg:4326"
 END
 TYPE LINE
 #FILTER "expired > CURRENT_TIMESTAMP"
 CLASSITEM 'wtype'
  CLASS
    EXPRESSION /SVR/
    STYLE
      COLOR 0 0 0
      SIZE 4
      SYMBOL 'circle'
    END
    STYLE
      COLOR 255 255 0
      SIZE 2
       SYMBOL 'circle'
    END
  END
  CLASS
    EXPRESSION /TOR/
    STYLE
      COLOR 0 0 0
      SIZE 4
      SYMBOL 'circle'
    END
    STYLE
      COLOR 255 0 0
      SIZE 2
      SYMBOL 'circle'
    END
  END
END
LAYER
  CONNECTIONTYPE postgis
  NAME sbw
  CONNECTION "dbname=postgis host=iemdb"
  DATA "geom from (select phenomena, geom, random() as oid from sbw WHERE significance != 'A' and expire > CURRENT_TIMESTAMP and status = 'NEW') as foo using unique oid using SRID=4326"
  STATUS OFF
  TYPE POLYGON
  METADATA
    "wms_title" "Current Polygon Warnings"
     "wms_srs" "EPSG:4269"  # Specify as Latlong?
  END
  TEMPLATE q_template.html
  PROJECTION
   "init=epsg:4326"
  END
  CLASSITEM 'phenomena'
  # Tornado
  CLASS
    EXPRESSION /TO/
    STYLE
      COLOR -1 -1 -1
      OUTLINECOLOR 0 0 0
      SIZE    4
      SYMBOL  'circle'
    END
    STYLE
      COLOR -1 -1 -1
      OUTLINECOLOR 255 0 0
      SIZE    2
      SYMBOL  'circle'
    END
  END
  # SVR
  CLASS
    EXPRESSION /SV/
    STYLE
      COLOR -1 -1 -1
      OUTLINECOLOR 0 0 0
      SIZE    4
      SYMBOL  'circle'
    END
    STYLE
      COLOR -1 -1 -1
      OUTLINECOLOR 255 255 0
      SIZE    2
      SYMBOL  'circle'
    END
  END
  # MA
  CLASS
    EXPRESSION /MA/
    STYLE
      COLOR -1 -1 -1
      OUTLINECOLOR 0 0 0
      SIZE    4
      SYMBOL  'circle'
    END
    STYLE
      COLOR -1 -1 -1
      OUTLINECOLOR 0 0 255
      SIZE    2
      SYMBOL  'circle'
    END
  END
  # Flood
  CLASS
    EXPRESSION /FF|FA/
    STYLE
      COLOR -1 -1 -1
      OUTLINECOLOR 0 0 0
      SIZE    4
      SYMBOL  'circle'
    END
    STYLE
      COLOR -1 -1 -1
      OUTLINECOLOR 0 255 0
      SIZE    2
      SYMBOL  'circle'
    END
  END
  CLASS
    EXPRESSION /ZZ/
    NAME "Storm Based Warning"
    STYLE
      COLOR -1 -1 -1 
      OUTLINECOLOR 255 255 255
      SIZE    4
      SYMBOL  'circle'
    END
    STYLE
      COLOR -1 -1 -1 
      OUTLINECOLOR 0 0 0
      SIZE    2
      SYMBOL  'circle'
    END
  END
END
LAYER
  CONNECTIONTYPE postgis
  NAME warnings0_c
  CONNECTION "user=nobody dbname=postgis host=iemdb"
  DATA "geom from (select phenomena, significance, u.geom, random() as oid from warnings w JOIN ugcs u on (u.gid = w.gid) WHERE  expire > CURRENT_TIMESTAMP) as foo using unique oid using SRID=4326"
  STATUS OFF
  TYPE LINE
  PROJECTION
   "init=epsg:4326"
  END
  CLASS
    NAME "Flash Flood Warn"
    EXPRESSION (('[phenomena]' = 'FF' or '[phenomena]' = 'MA') and '[significance]' = 'W')
    STYLE
      COLOR 0 255 0
      SIZE 2
      SYMBOL 'circle'
    END
  END
  CLASS
    NAME "Svr T'storm Warn"
    EXPRESSION ('[phenomena]' = 'SV' and '[significance]' = 'W')
    STYLE
      COLOR 0 0 0
      SIZE 4
      SYMBOL 'circle'
    END
    STYLE
      COLOR 255 255 0
      SIZE 2
      SYMBOL 'circle'
    END
  END
  CLASS
    NAME "Tornado Warn"
    EXPRESSION ('[phenomena]' = 'TO' and '[significance]' = 'W')
    STYLE
      COLOR 0 0 0
      SIZE 4
      SYMBOL 'circle'
    END
    STYLE
      COLOR 255 0 0
      SIZE 2
      SYMBOL 'circle'
    END
  END

    # Advisories
    CLASS
        NAME "Winter Advisory"
        EXPRESSION (('[phenomena]' = 'WW' or '[phenomena]' = 'BZ'  or '[phenomena]' = 'WS' or '[phenomena]' = 'IP' or '[phenomena]' = 'HP' or '[phenomena]' = 'ZR' or '[phenomena]' = 'IS') and '[significance]' = 'Y')
        STYLE
          COLOR  222 184 135
          SIZE  3
          SYMBOL    'circle'
        END
        #STYLE
        #  COLOR 222 184 135
        #  SIZE  1
        #  SYMBOL    'circle'
        #END
    END
    # Snow and Blowing snow
    CLASS
        NAME "Sn or Blow Sn Adv"
        EXPRESSION (('[phenomena]' = 'LE' or '[phenomena]' = 'SN' or '[phenomena]' = 'BS' or '[phenomena]' = 'SB') and '[significance]' = 'Y')
        STYLE
          COLOR 176 224 230
          SIZE  3 
          SYMBOL    'circle'
        END
        STYLE
          COLOR 255 255 255
          SIZE  1
          SYMBOL    'circle'
        END
    END

    # Heavy Snow
    CLASS
        NAME "Heavy Snow Warn"
        EXPRESSION ('[phenomena]' = 'HS' and '[significance]' = 'W')
        STYLE
          COLOR 138 43 226
          SIZE 3
          SYMBOL 'circle'
        END
        STYLE
          COLOR 255 255 255
          SIZE 1
          SYMBOL 'circle'
        END
    END
    # WW Warning
    CLASS
        NAME "Winter Storm Warn"
        EXPRESSION (('[phenomena]' = 'LE' or '[phenomena]' = 'WS' or '[phenomena]' = 'WW') and '[significance]' = 'W')
        COLOR   255 105 180
        SIZE    3
        SYMBOL  'circle'
    END
    # Sleet Fz
    CLASS
        NAME "Ice/Frz/Sleet Warn"
        EXPRESSION (('[phenomena]' = 'IP' or '[phenomena]' = 'HP' or '[phenomena]' = 'ZR' or '[phenomena]' = 'IS') and '[significance]' = 'W')         
        COLOR   255 20 147
        SIZE    3
        SYMBOL  'circle'
    END
    # Blizzard
    CLASS
        NAME "Blizzard Warn"
        EXPRESSION ('[phenomena]' = 'BZ' and '[significance]' = 'W')
        COLOR   255 0 0
        SIZE    3
        SYMBOL  'circle'
    END
    # Freeze Warning
    CLASS
        NAME "Freeze Warn"
        EXPRESSION ('[phenomena]' = 'FZ' and '[significance]' = 'W')
        COLOR   255 0 0
        SIZE    3
        SYMBOL  'circle'
    END
    # Marine Statement?
    CLASS
        NAME "Marine Statement"
        EXPRESSION ('[phenomena]' = 'MA' and '[significance]' = 'S')
        COLOR   0 200 0
        SIZE    3
        SYMBOL  'circle'
    END
    #CLASS
    #    NAME "Other"
    #    #EXPRESSION ('[phenomena]' = 'MA' and '[significance]' = 'S')
    #    COLOR   200 200 200
    #    SIZE    3
    #    SYMBOL  'circle'
    #END
END
# Bar Header Bar!
LAYER
  NAME bar640t
  TYPE POLYGON
  TRANSFORM FALSE
  STATUS OFF
  FEATURE
    POINTS 0 0 0 36 640 36 640 0 0 0 END
  END
#  TRANSPARENCY 70
  LABELCACHE FALSE
  CLASS
    COLOR 0 0 0
  END
END
# Credits
LAYER
  NAME "bar640t-title"
  TYPE POINT
  STATUS OFF
  TRANSFORM FALSE
  CLASS
    NAME 's14y'
    LABEL
      COLOR 255 255 0
      TYPE TRUETYPE
      SIZE 14
      FONT 'liberation'
      POSITION CR
      FORCE TRUE
      PARTIALS TRUE
      BUFFER 2
    END
  END
  CLASS
    NAME 's12w'
    LABEL
      COLOR 255 255 255
      TYPE TRUETYPE
      SIZE 12
      FONT 'liberation'
      POSITION CR
      FORCE TRUE
      PARTIALS TRUE
      BUFFER 2
    END
  END
END

LAYER
  NAME "n0r-ramp"
  TYPE POINT
  STATUS default
  TRANSFORM FALSE
  TRANSPARENCY 10
  CLASS
    LABEL
    END
    SYMBOL 'n0r-ramp'
    #SIZE 40
        COLOR 0 0 0
  END
END

LAYER
  NAME "n0q-ramp"
  TYPE POINT
  STATUS default
  TRANSFORM FALSE
  TRANSPARENCY 10
  CLASS
    LABEL
    END
    SYMBOL 'n0q-ramp'
    #SIZE 40
        COLOR 0 0 0
  END
END

LAYER
  CONNECTIONTYPE postgis
  NAME allsbw
  CONNECTION "dbname=postgis host=iemdb"
  DATA "geom from (select phenomena, geom, random() as oid from sbw WHERE significance != 'A' and expire > CURRENT_TIMESTAMP and status = 'NEW') as foo using unique oid using SRID=4326"
  STATUS OFF
  TYPE POLYGON
  METADATA
    "wms_title" "Current Polygon Warnings"
     "wms_srs" "EPSG:4269"  # Specify as Latlong?
  END
  TEMPLATE q_template.html
  PROJECTION
   "init=epsg:4326"
  END
  CLASSITEM 'phenomena'
  # Tornado
  CLASS
    EXPRESSION /TO/
    STYLE
      COLOR -1 -1 -1
      OUTLINECOLOR 255 0 0
      SIZE    2
      SYMBOL  'circle'
    END
  END
  # SVR
  CLASS
    EXPRESSION /SV/
    STYLE
      COLOR -1 -1 -1
      OUTLINECOLOR 255 255 0
      SIZE    1
      SYMBOL  'circle'
    END
  END
  # MA
  CLASS
    EXPRESSION /MA/
    STYLE
      COLOR -1 -1 -1
      OUTLINECOLOR 0 0 255
      SIZE    1
      SYMBOL  'circle'
    END
  END
  CLASS
    EXPRESSION /ZZ/
    NAME "Storm Based Warning"
    STYLE
      COLOR -1 -1 -1 
      OUTLINECOLOR 0 0 0
      SIZE    1
      SYMBOL  'circle'
    END
  END
END

# IEM Logo
LAYER
  NAME logo
  TYPE POINT
  STATUS default
  TRANSFORM FALSE
  CLASS
   LABEL
   END
   SYMBOL 'iem_logo'
   COLOR 0 0 0
  END
END
LAYER
  NAME nexrad_n0r
  DATA /home/ldm/data/gis/images/4326/USCOMP/n0r_0.tif
  TYPE RASTER
  STATUS OFF
  METADATA
    "wms_title" "Composite NEXRAD"
  END
  PROJECTION
    "init=epsg:4326"
  END
  OFFSITE 0 0 0
  TRANSPARENCY 70
END
LAYER
  NAME "east_vis_1km"
  STATUS ON
  MINSCALE 0
  MAXSCALE 465000000
  DATA "/home/ldm/data/gis/images/awips211/GOES13_EAST_VIS.png"
  TYPE RASTER
  PROJECTION
     "proj=lcc"
   "lat_0=25"
    "lat_1=25"
    "lat_2=25"
   "lon_0=-95"
   "a=6371200.0"
   "b=6371200.0"
  END
  METADATA
    "wms_title" "GOES EAST VIS"
    "wms_srs"   "EPSG:4326 EPSG:26915 EPSG:900913"
    "wms_extent" "-126 24 -66 50"
  END
    PROCESSING "CLOSE_CONNECTION=NORMAL"
  #OFFSITE 0 0 0
END
#
LAYER
  NAME iacounties
  STATUS OFF
  TYPE POLYGON
  DATA "/mesonet/data/gis/static/shape/26915/iowa/iacounties.shp"
  PROJECTION
    "init=epsg:26915"
  END
  LABELCACHE ON
  LABELITEM 'CO_NAME'
  LABELMAXSCALE 400000
  CLASS
    OUTLINECOLOR 210 210 210
#    COLOR 140 144 90
    LABEL 
      SIZE TINY
      TYPE BITMAP
      POSITION LC
#      COLOR 90 90 90
      COLOR 0 0 0
      PARTIALS FALSE
      FORCE FALSE
    END
  END
END


#
LAYER
  NAME counties
  STATUS OFF
  TYPE POLYGON
  DATA "/mesonet/data/gis/static/shape/26915/us/counties.shp"
  PROJECTION
    "init=epsg:26915"
  END
  LABELCACHE ON
  LABELITEM 'NAME'
  LABELMAXSCALE 400000
  CLASS
    STYLE
      OUTLINECOLOR 210 210 210
      WIDTH 1.0
    END
    LABEL 
      SIZE TINY
      TYPE BITMAP
      POSITION LC
#      COLOR 90 90 90
      COLOR 0 0 0
      PARTIALS FALSE
      FORCE FALSE
    END
  END
END

LAYER
  NAME wmsback
  STATUS ON
  CONNECTIONTYPE WMS
  TYPE RASTER
  CONNECTION "http://cairo.gis.iastate.edu/cgi-bin/server.cgi?format=jpeg&wmtver=1.0.0&request=map&servicename=GetMap&layers=cir"
  PROJECTION
    "init=epsg:26915"
  END
END

LAYER
  NAME iards
  TYPE LINE
  STATUS ON
  PROJECTION
   "init=epsg:26915"
  END
  DATA "/mesonet/data/gis/static/shape/26915/iowa/iaroads.shp"
  #CLASSITEM "STATE"
  CLASS
    EXPRESSION "[NAME] = 'Interstate Route 35'"
    COLOR 119 136 153
    SYMBOL 1
    SIZE 2
  END
END

LAYER
  TYPE POINT
  NAME pointonly
  STATUS OFF
  PROJECTION
   "init=epsg:4326"
  END
  LABELCACHE ON
  CLASS
   SYMBOL 1
   COLOR 255 0 0
   SIZE 5
  END
END

LAYER
  NAME credits
  TYPE POINT
  STATUS default
  TRANSFORM FALSE
  LABELCACHE ON
  CLASS
    LABEL
      COLOR 255 255 255
      TYPE TRUETYPE
      SIZE 14
      FONT 'liberation'
      POSITION CR
      FORCE TRUE
      PARTIALS TRUE
    END
  END
  CLASS
    LABEL
      COLOR 0 0 200
      TYPE BITMAP
      SIZE MEDIUM
      POSITION CR
      FORCE TRUE
      PARTIALS TRUE
      WRAP '|'
    END
  END
END

LAYER
  NAME datapoint
  STATUS ON
  TYPE POINT
  LABELCACHE ON
  PROJECTION
   "init=epsg:4326"
  END
  CLASS
    COLOR -1 -1 -1
    LABEL
      COLOR  255 255 0
      OUTLINECOLOR  0 0 0
      SIZE 14
      MINSIZE 4
      MAXSIZE 18
      TYPE TRUETYPE
      FONT 'liberation'
      ANTIALIAS TRUE
      BUFFER 2
      FORCE TRUE
      POSITION UC
      OFFSET 0 3
    END
  END
  CLASS
    COLOR -1 -1 -1
    LABEL
      COLOR 0 0 0
      SIZE 7
      MINSIZE 4
      MAXSIZE 18
      TYPE TRUETYPE
      FONT 'liberation'
      ANTIALIAS true
      BUFFER 0
      FORCE FALSE
      POSITION AUTO
    END
  END
  CLASS
    COLOR -1 -1 -1
    LABEL
      COLOR  0 0 0
      SIZE 14
      MINSIZE 4
      MAXSIZE 18
      TYPE TRUETYPE
      FONT 'liberation'
      ANTIALIAS TRUE
      BUFFER 2
      FORCE TRUE
      POSITION UC
    END
  END
END

LAYER
  NAME cityname
  STATUS ON
  TYPE POINT
  LABELCACHE ON
  PROJECTION
    "init=epsg:4326"
  END
  CLASS
    COLOR -1 -1 -1
    LABEL
      COLOR 0 0 0
      SIZE MEDIUM
      TYPE BITMAP
      POSITION LC
      FORCE TRUE
    END
  END
END


LAYER
  TYPE POINT
  NAME dot
  STATUS ON
  METADATA
    "wms_title"  "Dot Layer"
  END
  PROJECTION
    "init=epsg:26915"
  END
  CLASS 
   SYMBOL 1
   COLOR 255 255 255
   SIZE 10
    LABEL
      COLOR  255 255 255
      OUTLINECOLOR 0 0 0 
      SHADOWCOLOR 0 0 0
      SHADOWSIZE 1 2
      SIZE 8
      MINSIZE 4
      MAXSIZE 18
      TYPE TRUETYPE
      FONT 'liberation'
      ANTIALIAS false
      BUFFER 0
      FORCE true
      POSITION UR
    END
  END
END

LAYER
  TYPE POLYGON
  NAME rect
  STATUS ON
  METADATA
    "wms_title"  "Rect Layer"
     "wms_srs"   "EPSG:26915"
  END
  PROJECTION
    "init=epsg:26915"
  END
  CLASS
    COLOR -1 -1 -1
    OUTLINECOLOR 255 255 255   
    LABEL
      COLOR  255 255 255
      OUTLINECOLOR 0 0 0 
      SHADOWCOLOR 0 0 0
      SHADOWSIZE 1 2
      SIZE 8
      MINSIZE 4
      MAXSIZE 18
      TYPE TRUETYPE
      FONT 'liberation'
      ANTIALIAS false
      BUFFER 0
      FORCE true
      POSITION LL
    END
  END
END

LAYER
	NAME states
	STATUS OFF
	TYPE LINE
	DATA "/mesonet/data/gis/static/shape/26915/us/states.shp"
	PROJECTION
	  "init=epsg:26915"
	END
  CLASS
    STYLE
	  COLOR 0 0 0	
      WIDTH 2.0
    END
  END
END



LAYER
  NAME interstates
  TYPE LINE
  STATUS OFF
  PROJECTION
   "init=epsg:4326"
  END
  DATA /mesonet/data/gis/static/shape/4326/us/interstates.shp
  CLASS
    STYLE
      COLOR 255 0 0
      WIDTH 1.5
    END
    STYLE
      COLOR 0 0 0
      WIDTH 0.5
    END
  END
END


LAYER
  NAME interstates_label
  TYPE POINT
  STATUS OFF
  PROJECTION
   "init=epsg:4326"
  END
  LABELITEM HWYNAME
  DATA "/mesonet/data/gis/static/shape/4326/us/interstates.shp"
  CLASS
#    EXPRESSION ([HWYNAME] < 100)
    COLOR -1 -1 -1
    SYMBOL 'interstate_shield'
    LABEL
      TYPE TRUETYPE
      FONT 'liberation'
      POSITION CC
      MINDISTANCE 100
      MINFEATURESIZE 10
      SIZE 6
      COLOR 255 255 255
      PARTIALS FALSE
    END
  END
END

INCLUDE "inc_lsrs.map"

LAYER
  NAME sites
  STATUS OFF
  TYPE POINT
  CONNECTIONTYPE POSTGIS
  CONNECTION "user=nobody dbname=mesosite host=iemdb"
  DATA "geom from (select geom, id, plot_name, msoid, network, case when is_climate_site THEN 't' ELSE 'f' END as is_climate_site  from stations WHERE online = 't') as foo using unique msoid using srid=4326"
  PROJECTION
   "init=epsg:4326"
  END
  TOLERANCE 1000
  TOLERANCEUNITS pixels
  LABELITEM "plot_name"
  FILTER "network = 'IA_RWIS'"
  LABELCACHE ON
  CLASS
    TEMPLATE "http://kcci.mesonet.agron.iastate.edu/site.phtml?station=[ID]"
    COLOR 0 0 0
    SYMBOL 'circle'
    SIZE 6
    OVERLAYSYMBOL 'circle'
    OVERLAYSIZE 4
    OVERLAYCOLOR 250 0 0
    LABEL
      TYPE BITMAP
#      TYPE TRUETYPE
      SIZE SMALL
#      FONT Verabd
#      ANTIALIAS FALSE
#      SIZE 8
#      OUTLINECOLOR 250 250 250
      COLOR 0 0 255
      POSITION AUTO
      FORCE FALSE
      PARTIALS FALSE
      BUFFER 0
      ANTIALIAS FALSE
    END
  END
END

INCLUDE 'inc_roads.map'



END
