MAP
#
# Start of map file
#
NAME base2163
STATUS ON
SIZE 640 480
FONTSET "./fonts.list"
EXTENT -2110437 -2251067 2548326 1239063
UNITS METERS
SHAPEPATH "/mesonet/data/gis/static/"
SYMBOLSET "./stations.sym"
IMAGECOLOR 0 0 250
IMAGETYPE PNG
TRANSPARENT OFF
INTERLACE off

#
PROJECTION
  "init=epsg:2163"
END

#
WEB
  TEMPLATE radar.html
  MINSCALE 90000
  MAXSCALE 40000000
  IMAGEPATH "/var/webtmp/"
  IMAGEURL "/tmp/"
END

OUTPUTFORMAT
  NAME "png"
  DRIVER AGG/PNG
  MIMETYPE "image/png"
  IMAGEMODE PC256
  EXTENSION "png"
  FORMATOPTION "GAMMA=0.75"
END

OUTPUTFORMAT
  NAME "png24"
  DRIVER AGG/PNG
  MIMETYPE "image/png"
  IMAGEMODE RGB
  EXTENSION "png"
  FORMATOPTION "GAMMA=0.75"
END


#
SCALEBAR
  IMAGECOLOR 255 255 255
  LABEL
    COLOR 0 0 0
    SIZE tiny
  END
  STYLE 1
  SIZE 50 2
  COLOR 0 0 0
  UNITS MILES
  INTERVALS 1
  TRANSPARENT TRUE
  STATUS TRUE
END

INCLUDE "inc_iem.map"

LAYER
  NAME "places2010"
  TYPE POLYGON
  STATUS OFF
  DATA /mesonet/data/gis/static/shape/2163/us/2010_Places.shp
  PROJECTION
   "init=epsg:2163"
  END
  CLASS
    STYLE
      COLOR 200 200 200
    END
  END
END

LAYER
  CONNECTIONTYPE postgis
  NAME allsbw
  CONNECTION "user=nobody dbname=postgis host=iemdb-postgis.local"
  DATA "geom from (select phenomena, geom, random() as oid from sbw WHERE significance != 'A' and expire > CURRENT_TIMESTAMP and status = 'NEW') as foo using unique oid using SRID=4326"
  STATUS OFF
  TYPE POLYGON
  METADATA
    "wms_title" "Current Polygon Warnings"
     "wms_srs" "EPSG:4269"  # Specify as Latlong?
  END
  TEMPLATE q_template.html
  PROJECTION
   "init=epsg:4326"
  END
  CLASSITEM 'phenomena'
  # Tornado
  CLASS
    EXPRESSION /TO/
    STYLE
      COLOR -1 -1 -1
      OUTLINECOLOR 255 0 0
      SIZE    2
      SYMBOL  'circle'
    END
  END
  # SVR
  CLASS
    EXPRESSION /SV/
    STYLE
      COLOR -1 -1 -1
      OUTLINECOLOR 255 255 0
      SIZE    1
      SYMBOL  'circle'
    END
  END
  # MA
  CLASS
    EXPRESSION /MA/
    STYLE
      COLOR -1 -1 -1
      OUTLINECOLOR 0 0 255
      SIZE    1
      SYMBOL  'circle'
    END
  END
  CLASS
    EXPRESSION /ZZ/
    NAME "Storm Based Warning"
    STYLE
      COLOR -1 -1 -1 
      OUTLINECOLOR 0 0 0
      SIZE    1
      SYMBOL  'circle'
    END
  END
END

LAYER
  NAME namerica
  STATUS OFF
  TYPE POLYGON
  DATA /mesonet/data/gis/static/shape/2163/world/namerica.shp
  PROJECTION
   "init=epsg:2163"
  END
  CLASSITEM "FIPS_CNTRY"
  CLASS
    EXPRESSION /US/
    COLOR  105 105 105
  END
  CLASS
    COLOR 191 191 191
  END
END

LAYER
  NAME cwas
  STATUS OFF
  TYPE POLYGON
  DATA /mesonet/data/gis/static/shape/4326/nws/cwas.shp
  PROJECTION
   "init=epsg:4326"
  END
  LABELITEM "WFO"
  CLASS
    OUTLINECOLOR 255 165 0
    LABEL
      MINFEATURESIZE 50
      OUTLINECOLOR 0 0 0
      COLOR 255 255 255
      TYPE BITMAP
      SIZE MEDIUM
      POSITION CC
      PARTIALS FALSE
    END
  END
END

LAYER
  NAME lakes
  STATUS OFF
  TYPE POLYGON
  DATA /mesonet/data/gis/static/shape/2163/us/major_lakes.shp
  PROJECTION
   "init=epsg:2163"
  END
  CLASS
    COLOR 0 0 250
  END
END

LAYER
 NAME nexrad_n0r
 STATUS OFF
 TYPE RASTER
 DATA "/home/ldm/data/gis/images/4326/USCOMP/n0r_0.tif"
 OFFSITE 0 0 0
 PROJECTION
  "init=epsg:4326"
 END
END

LAYER
 NAME nexrad_n0q
 STATUS OFF
 TYPE RASTER
 DATA "/home/ldm/data/gis/images/4326/USCOMP/n0q_0.png"
 OFFSITE 0 0 0
 PROJECTION
  "init=epsg:4326"
 END
 PROCESSING "CLOSE_CONNECTION=NORMAL"
END

LAYER
  NAME "east_vis_1km"
  STATUS ON
  MINSCALE 0
  MAXSCALE 465000000
  DATA "/home/ldm/data/gis/images/awips211/GOES13_EAST_VIS.png"
  TYPE RASTER
  PROJECTION
     "proj=lcc"
   "lat_0=25"
    "lat_1=25"
    "lat_2=25"
   "lon_0=-95"
   "a=6371200.0"
   "b=6371200.0"
  END
  METADATA
    "wms_title" "GOES EAST VIS"
    "wms_srs"   "EPSG:4326 EPSG:26915 EPSG:3857"
    "wms_extent" "-126 24 -66 50"
  END
    PROCESSING "CLOSE_CONNECTION=NORMAL"
  #OFFSITE 0 0 0
END

LAYER
  NAME uscounties
  STATUS OFF
  TYPE POLYGON
  DATA /mesonet/data/gis/static/shape/2163/us/uscounties.shp
  PROJECTION
   "init=epsg:2163"
  END
  MAXSCALE 10000000
  CLASS
    OUTLINECOLOR 54 54 54
  END
#  TRANSPARENCY 80
END

LAYER
  NAME interstates
  TYPE LINE
  STATUS OFF
  PROJECTION
   "init=epsg:4326"
  END
  DATA /mesonet/data/gis/static/shape/4326/us/interstates.shp
  CLASS
    STYLE
      COLOR 255 0 0
      WIDTH 1.5
    END
    STYLE
      COLOR 0 0 0
      WIDTH 0.5
    END
  END
END

INCLUDE 'inc_roads.map'

LAYER
  NAME states
  STATUS OFF
  TYPE LINE
  DATA /mesonet/data/gis/static/shape/2163/us/states.shp
  PROJECTION
   "init=epsg:2163"
  END
  CLASS
    STYLE
      COLOR 0 0 0
      WIDTH 1.0
    END
  END
#  TRANSPARENCY 80
END

LAYER
  CONNECTIONTYPE postgis
  NAME warnings0_c
  CONNECTION "user=nobody dbname=postgis host=iemdb-postgis.local"
  DATA "geom from (select phenomena, u.geom, random() as oid from warnings w JOIN ugcs u on (u.gid = w.gid) WHERE significance = 'W' and expire > CURRENT_TIMESTAMP ORDER by expire, type ASC) as foo using unique oid using srid=4326"
  STATUS OFF
  TYPE POLYGON
  MAXSCALE 100000
  TEMPLATE q_template.html
  PROJECTION
   "init=epsg:4326"
  END
  CLASSITEM "phenomena"
  CLASS
    EXPRESSION 'TO'
    COLOR -1 -1 -1
    OUTLINECOLOR 255 0 0
    SIZE 2
    SYMBOL 'circle'
  END
  CLASS
    EXPRESSION 'SV'
    COLOR -1 -1 -1
    OUTLINECOLOR 255 255 0
    SIZE 2
    SYMBOL 'circle'
  END
  CLASS
    EXPRESSION 'FF'
    COLOR -1 -1 -1
    OUTLINECOLOR 0 255 0
    SIZE 2
    SYMBOL 'circle'
  END
END

LAYER
  CONNECTIONTYPE postgis
  NAME warnings0_p
  CONNECTION "user=nobody dbname=postgis host=iemdb-postgis.local"
  #DATA "geom from warnings"
  MAXSCALE 100000
 DATA "geom from (select phenomena, geom, random() as oid from sbw WHERE status = 'NEW' and significance = 'W' and expire > CURRENT_TIMESTAMP  ORDER by expire, type ASC) as foo using unique oid using srid=4326"
  STATUS OFF
  TYPE POLYGON
  METADATA
    "wms_title" "Current Polygon Warnings"
     "wms_srs" "EPSG:4269"  # Specify as Latlong?
  END
  TEMPLATE q_template.html
  PROJECTION
   "init=epsg:4326"
  END
  CLASSITEM 'phenomena'
  CLASS
        EXPRESSION /TO|SV/
    COLOR -1 -1 -1
    OUTLINECOLOR 255 255 255
    SYMBOL 'circle'
    SIZE 1
  END
END

LAYER
  CONNECTIONTYPE postgis
  NAME sbw
  CONNECTION "user=nobody dbname=postgis host=iemdb-postgis.local"
  DATA "geom from (select phenomena, geom, random() as oid from sbw WHERE significance != 'A' and expire > CURRENT_TIMESTAMP and status = 'NEW') as foo using unique oid using SRID=4326"
  STATUS OFF
  TYPE POLYGON
  METADATA
    "wms_title" "Current Polygon Warnings"
     "wms_srs" "EPSG:4269"  # Specify as Latlong?
  END
  TEMPLATE q_template.html
  PROJECTION
   "init=epsg:4326"
  END
  CLASSITEM 'phenomena'
  # Tornado 
  CLASS
    EXPRESSION /TO/
    STYLE
      COLOR -1 -1 -1
      OUTLINECOLOR 0 0 0
      SIZE    3
      SYMBOL  'circle'
    END
    STYLE
      COLOR -1 -1 -1
      OUTLINECOLOR 255 0 0
      SIZE    1
      SYMBOL  'circle'
    END
  END
  # SVR
  CLASS
    EXPRESSION /SV/
    STYLE
      COLOR -1 -1 -1
      OUTLINECOLOR 0 0 0
      SIZE    3
      SYMBOL  'circle'
    END
    STYLE
      COLOR -1 -1 -1
      OUTLINECOLOR 255 255 0
      SIZE    1
      SYMBOL  'circle'
    END
  END
  # MA
  CLASS
    EXPRESSION /MA/
    STYLE
      COLOR -1 -1 -1
      OUTLINECOLOR 0 0 0
      SIZE    3
      SYMBOL  'circle'
    END
    STYLE
      COLOR -1 -1 -1
      OUTLINECOLOR 0 0 255
      SIZE    1
      SYMBOL  'circle'
    END
  END
  # Flood
  CLASS
    EXPRESSION /FF|FA/
    STYLE
      COLOR -1 -1 -1
      OUTLINECOLOR 0 0 0
      SIZE    3
      SYMBOL  'circle'
    END
    STYLE
      COLOR -1 -1 -1
      OUTLINECOLOR 0 255 0
      SIZE    1
      SYMBOL  'circle'
    END
  END
  # SQ
  CLASS
    EXPRESSION /SQ/
    STYLE
      COLOR -1 -1 -1
      OUTLINECOLOR 0 0 0
      SIZE    4
      SYMBOL  'circle'
    END
    STYLE
      COLOR -1 -1 -1
      OUTLINECOLOR 199 21 133
      SIZE    2
      SYMBOL  'circle'
    END
  END
  CLASS
    EXPRESSION /ZZ/
    STYLE
      COLOR -1 -1 -1
      OUTLINECOLOR 255 255 255
      SIZE    3
      SYMBOL  'circle'
    END
    STYLE
      COLOR -1 -1 -1
      OUTLINECOLOR 0 0 0
      SIZE    1
      SYMBOL  'circle'
    END
  END
END

INCLUDE "inc_lsrs.map"

# watches
LAYER
 CONNECTIONTYPE postgis
 NAME watches
 CONNECTION "user=nobody dbname=postgis host=iemdb-postgis.local"
 DATA "geom from watches"
 PROJECTION
  "init=epsg:4326"
 END
 TYPE LINE
 #FILTER "expired > CURRENT_TIMESTAMP"
 CLASSITEM 'wtype'
  CLASS
    EXPRESSION /SVR/
    STYLE
      COLOR 0 0 0
      WIDTH 4.0
    END
    STYLE
      COLOR 255 255 0
      WIDTH 2.0
    END
  END
  CLASS
    EXPRESSION /TOR/
    STYLE
      COLOR 0 0 0
      WIDTH 4.0
    END
    STYLE
      COLOR 255 0 0
      WIDTH 2.0
    END
  END
END


LAYER
  NAME credits
  TYPE POINT
  STATUS OFF
  TRANSFORM FALSE
  LABELCACHE ON
  CLASS
    NAME 'credits'
    LABEL
      COLOR 0 0 0
      STYLE # a shadow
        GEOMTRANSFORM 'labelpoly'
        COLOR 250 250 250
        OFFSET 2 2
      END
#      SHADOWSIZE 1 1
#      SHADOWCOLOR 0 0 0
#      BACKGROUNDSHADOWCOLOR 0 0 0
#      BACKGROUNDSHADOWSIZE 1 1
      TYPE TRUETYPE
      SIZE 16
      FONT 'liberation'
      POSITION CR
      FORCE TRUE
      PARTIALS TRUE
      BUFFER 2
    END
  END
END

LAYER
  NAME "n0r-ramp"
  TYPE POINT
  STATUS default
  TRANSFORM FALSE
  TRANSPARENCY 10
  CLASS
    LABEL
    END
    SYMBOL 'n0r-ramp'
    #SIZE 40
        COLOR 0 0 0
  END
END

LAYER
  NAME "n0q-ramp"
  TYPE POINT
  STATUS default
  TRANSFORM FALSE
  TRANSPARENCY 10
  CLASS
    LABEL
    END
    SYMBOL 'n0q-ramp'
    #SIZE 40
        COLOR 0 0 0
  END
END

LAYER
  NAME logo
  TYPE POINT
  STATUS default
  TRANSFORM FALSE
  TRANSPARENCY 10
  CLASS
    SYMBOL 'iem_logo'
    LABEL
    END
    #SIZE 40
        COLOR 0 0 0
  END
END

# Bar Header Bar!
LAYER
  NAME bar640t
  TYPE POLYGON
  TRANSFORM FALSE
  STATUS OFF
  FEATURE
    POINTS 0 0 0 36 640 36 640 0 0 0 END
  END
#  TRANSPARENCY 70
  LABELCACHE FALSE
  CLASS
    COLOR 0 0 0
  END
END

# Credits
LAYER
  NAME "bar640t-title"
  TYPE POINT
  STATUS OFF
  TRANSFORM FALSE
  CLASS
    NAME 's14y'
    LABEL
      COLOR 255 255 0
      TYPE TRUETYPE
      SIZE 14
      FONT 'liberation'
      POSITION CR
      FORCE TRUE
      PARTIALS TRUE
      BUFFER 2
    END
  END
  CLASS
    NAME 's12w'
    LABEL
      COLOR 255 255 255
      TYPE TRUETYPE
      SIZE 12
      FONT 'liberation'
      POSITION CR
      FORCE TRUE
      PARTIALS TRUE
      BUFFER 2
    END
  END
END

###
# Watch by County
LAYER
  CONNECTIONTYPE postgis
  NAME "watch_by_county"
  CONNECTION "user=nobody dbname=postgis host=iemdb-postgis.local"
  STATUS OFF
  TYPE LINE
  PROJECTION
   "init=epsg:4326"
  END
  CLASSITEM "phenomena"
  CLASS
    EXPRESSION 'TO'
    STYLE
      COLOR 255 0 0
      WIDTH 2.0
    END
  END
  CLASS
    EXPRESSION 'SV'
    STYLE
      COLOR 255 255 0
      WIDTH 2.0
    END
  END
END


END
