MAP

NAME base4326
STATUS ON
SIZE 640 480
FONTSET "./fonts.list"
EXTENT -104 37 -87 49
UNITS DD
SHAPEPATH "./"
SYMBOLSET "./stations.sym"
IMAGETYPE PNG
IMAGECOLOR 0 0 255

#CONFIG "MS_ERRORFILE" "/tmp/ms_error.txt"
#CONFIG "CPL_DEBUG" "ON"
#DEBUG 5

PROJECTION
  "init=epsg:4326"
END

WEB
  IMAGEPATH "/var/webtmp/"
  IMAGEURL "/tmp/"
  TEMPLATE "test.html"
END

SYMBOL
  NAME 'fill45'
  TYPE Ellipse
  FILLED TRUE
  POINTS
   1 1
  END
  #STYLE 1 5 END
END


SCALEBAR
  IMAGECOLOR 255 255 255
  LABEL
    COLOR 0 0 0
    SIZE tiny
  END
  STYLE 1
  SIZE 50 10
  COLOR 0 0 0
  UNITS MILES
  INTERVALS 2
  TRANSPARENT TRUE
  STATUS TRUE
END

LEGEND
  STATUS EMBED
  #OUTLINECOLOR 0 0 0
  IMAGECOLOR 0 0 0
  LABEL
    COLOR 255 255 255
  #  SIZE 16
  #  TYPE TRUETYPE
  #  FONT 'liberation'
  #  FORCE TRUE
  #  PARTIALS TRUE
  #  BUFFER 2
  END
  POSITION LR
END

LAYER
  NAME "places2010"
  TYPE POLYGON
  STATUS OFF
  DATA /mesonet/data/gis/static/shape/4326/us/2010_Places.shp
  PROJECTION
   "init=epsg:4326"
  END
  CLASS
    STYLE
      COLOR 200 200 200
    END
  END
END

LAYER
  NAME DMX
  STATUS ON
  TYPE RASTER
  DATA /mesonet/ldmdata/gis/images/4326/ridge/DMX/N0B_0.png
  OFFSITE 255 255 255
  PROJECTION
   "init=epsg:4326"
  END
END


LAYER
  NAME EAX
  STATUS OFF
  TYPE RASTER
  DATA /mesonet/ldmdata/gis/images/4326/ridge/EAX/N0B_0.png
  OFFSITE 255 255 255
  PROJECTION
   "init=epsg:4326"
  END
END

LAYER
  NAME KCCI
  STATUS OFF
  TYPE RASTER
  DATA /mesonet/ldmdata/gis/images/26915/KCCI/KCCI_N0R_0.tif
  #DATA /mesonet/data/gis/images/kcci2.tif
  OFFSITE  0 0 0
  PROJECTION
   "init=epsg:26915"
  END
END


LAYER
  NAME FSD
  STATUS ON
  TYPE RASTER
  DATA /mesonet/ldmdata/gis/images/4326/ridge/FSD/N0B_0.png
  OFFSITE 255 255 255
END

LAYER
  NAME ABR
  STATUS ON
  TYPE RASTER
  DATA /mesonet/ldmdata/gis/images/4326/ridge/ABR/N0B_0.png
  OFFSITE 255 255 255
END

LAYER
  NAME UDX
  STATUS ON
  TYPE RASTER
  DATA /mesonet/ldmdata/gis/images/4326/ridge/UDX/N0B_0.png
  OFFSITE 255 255 255
END

LAYER
  NAME MPX
  STATUS ON
  TYPE RASTER
  DATA /mesonet/ldmdata/gis/images/4326/ridge/MPX/N0B_0.png
  OFFSITE 255 255 255
END


LAYER
  NAME ARX
  STATUS ON
  TYPE RASTER
  DATA /mesonet/ldmdata/gis/images/4326/ridge/ARX/N0B_0.png
  OFFSITE 255 255 255
END

LAYER
  NAME DVN
  STATUS ON
  TYPE RASTER
  DATA /mesonet/ldmdata/gis/images/4326/ridge/DVN/N0B_0.png
  OFFSITE 255 255 255
END

LAYER
  NAME OAX
  STATUS ON
  TYPE RASTER
  DATA /mesonet/ldmdata/gis/images/4326/ridge/OAX/N0B_0.png
  OFFSITE 255 255 255
END

LAYER
  TYPE POINT
  NAME site
  STATUS ON
  CLASS
   LABEL
   END
   STYLE
     SYMBOL 'x'
     COLOR 0 0 0
     SIZE 8
   END
  END
  CLASS
   LABEL
   END
   STYLE
     SYMBOL 'circle'
     COLOR 255 255 255
     SIZE 8
   END
  END
  CLASS
   LABEL
   END
   STYLE
     SYMBOL 'triangle'
     COLOR 250 250 0
     SIZE 8
   END
 END
END

LAYER
  NAME "east_vis_1km"
  STATUS OFF
  DATA "/mesonet/ldmdata/gis/images/awips211/GOES13_EAST_VIS.png"
  TYPE RASTER
  PROJECTION
     "proj=lcc"
   "lat_0=25"
    "lat_1=25"
    "lat_2=25"
   "lon_0=-95"
   "a=6371200.0"
   "b=6371200.0"
  END
  METADATA
    "wms_title" "GOES EAST VIS"
    "wms_srs"   "EPSG:4326 EPSG:26915 EPSG:3857"
    "wms_extent" "-126 24 -66 50"
  END
    PROCESSING "CLOSE_CONNECTION=NORMAL"
  #OFFSITE 0 0 0
END

LAYER
  NAME goes_east_2
  STATUS OFF
  TYPE RASTER
  DATA /mesonet/ldmdata/gis/images/GOES/conus/channel02/GOES-16_C02.png
  INCLUDE "/mesonet/ldmdata/gis/images/GOES/conus/channel02/GOES-16_C02.msinc"
END

LAYER
  NAME singlebox
  TYPE POLYGON
  STATUS OFF
  TRANSFORM FALSE
  LABELCACHE OFF
END

LAYER
  NAME goes_east04I4
  STATUS OFF
  TYPE RASTER
  DATA /mesonet/ldmdata/gis/images/4326/goes/east04I4_0.tif
  PROJECTION
    "init=epsg:4326"
  END
END

LAYER
  NAME goes_west04I4
  STATUS OFF
  TYPE RASTER
  DATA /mesonet/ldmdata/gis/images/4326/goes/west04I4_0.tif
  PROJECTION
    "init=epsg:4326"
  END
END



LAYER
  NAME goes_west1V
  STATUS OFF
  TYPE RASTER
  DATA /mesonet/ldmdata/gis/images/4326/goes/west1V_0.tif
  PROJECTION
    "init=epsg:4326"
  END
END



# United States
LAYER
  NAME states
  STATUS OFF
  TYPE LINE
  DATA /mesonet/data/gis/static/shape/4326/us/states.shp
  METADATA
    "wms_title" "US States"
     "wms_srs" "EPSG:4326"  # Specify as Latlong?
  END
  PROJECTION
    "init=epsg:4326"
  END
  CLASS
    STYLE
      COLOR 0 0 0
      WIDTH 2.0
    END
  END
END

LAYER
  NAME namerica
  STATUS OFF
  TYPE POLYGON
  DATA /mesonet/data/gis/static/shape/2163/world/namerica.shp
  PROJECTION
   "init=epsg:2163"
  END
  CLASSITEM "FIPS_CNTRY"
  CLASS
    EXPRESSION /US/
    STYLE
      COLOR  105 105 105
    END
  END
  CLASS
    STYLE
      COLOR 191 191 191
    END
  END
END


# Lakes
LAYER
  NAME lakes
  STATUS OFF
  TYPE POLYGON
  DATA /mesonet/data/gis/static/shape/4326/us/major_lakes.shp
  PROJECTION
   "init=epsg:4326"
  END
  CLASS
    STYLE
      COLOR 0 0 250
    END
  END
END

# Counties
LAYER
  NAME uscounties
  STATUS OFF
  TYPE LINE
  DATA /mesonet/data/gis/static/shape/4326/us/uscounties.shp
  PROJECTION
   "init=epsg:4326"
  END
  CLASS
    STYLE
      SYMBOL "circle"
      COLOR 54 54 54
      SIZE 1
    END
  END
END

# Counites
LAYER
  NAME uscounties_and_name
  STATUS OFF
  TYPE POLYGON
  DATA /mesonet/data/gis/static/shape/4326/us/uscounties.shp
  PROJECTION
   "init=epsg:4326"
  END
  LABELITEM "NAME"
  CLASS
    STYLE
      OUTLINECOLOR 255 165 0
    END
    LABEL
      MINFEATURESIZE 50
      OUTLINECOLOR 0 0 0
      COLOR 255 255 255
      TYPE BITMAP
      SIZE MEDIUM
      POSITION CC
      PARTIALS FALSE
    END
  END
END



# Counites
LAYER
  NAME iacounties
  STATUS OFF
  TYPE LINE
  DATA /mesonet/data/gis/static/shape/4326/iowa/iacounties.shp
  PROJECTION
   "init=epsg:4326"
  END
  CLASS
    STYLE
      SYMBOL "circle"
      COLOR 141 141 141
      SIZE 1
    END
  END
END




# USDM!
LAYER
  NAME usdm_polygon
  STATUS OFF
  TYPE POLYGON
  DATA /mesonet/ldmdata/gis/shape/4326/us/dm_current.shp
  PROJECTION
   "init=epsg:4326"
  END
  CLASSITEM "DCAT"
  CLASS
    EXPRESSION /0/
    STYLE
      COLOR 100 0 0
    END
  END
  CLASS
    EXPRESSION /1/
    STYLE
      COLOR 120 0 0
    END
  END
  CLASS
    EXPRESSION /2/
    STYLE
      COLOR 160 0 0
    END
  END
  CLASS
    EXPRESSION /3/
    STYLE
      COLOR 200 0 0
    END
  END
  CLASS
    EXPRESSION /4/
    STYLE
      COLOR 255 0 0
    END
  END
END


# watches
LAYER
 CONNECTIONTYPE postgis
 NAME watches
 CONNECTION "user=nobody dbname=postgis host=iemdb-postgis.local"
 DATA "geom from watches"
 PROJECTION
  "init=epsg:4326"
 END
 TYPE LINE
 #FILTER "expired > CURRENT_TIMESTAMP"
 CLASSITEM 'wtype'
  CLASS
    EXPRESSION /SVR/
    STYLE
      COLOR 0 0 0
      SIZE 4
      SYMBOL 'circle'
    END
    STYLE
      COLOR 255 255 0
      SIZE 2
       SYMBOL 'circle'
    END
  END
  CLASS
    EXPRESSION /TOR/
    STYLE
      COLOR 0 0 0
      SIZE 4
      SYMBOL 'circle'
    END
    STYLE
      COLOR 255 0 0
      SIZE 2
      SYMBOL 'circle'
    END
  END
END

LAYER
  CONNECTIONTYPE postgis
  NAME sbw
  CONNECTION "user=nobody dbname=postgis host=iemdb-postgis.local"
  DATA "geom from (select phenomena, geom, random() as oid from sbw WHERE significance != 'A' and expire > CURRENT_TIMESTAMP and status = 'NEW') as foo using unique oid using SRID=4326"
  STATUS OFF
  TYPE POLYGON
  METADATA
    "wms_title" "Current Polygon Warnings"
     "wms_srs" "EPSG:4269"  # Specify as Latlong?
  END
  TEMPLATE q_template.html
  PROJECTION
   "init=epsg:4326"
  END
  CLASSITEM 'phenomena'
  # Tornado
  CLASS
    EXPRESSION /TO/
    STYLE
      COLOR -1 -1 -1
      OUTLINECOLOR 0 0 0
      SIZE    4
      SYMBOL  'circle'
    END
    STYLE
      COLOR -1 -1 -1
      OUTLINECOLOR 255 0 0
      SIZE    2
      SYMBOL  'circle'
    END
  END
  # SVR
  CLASS
    EXPRESSION /SV/
    STYLE
      COLOR -1 -1 -1
      OUTLINECOLOR 0 0 0
      SIZE    4
      SYMBOL  'circle'
    END
    STYLE
      COLOR -1 -1 -1
      OUTLINECOLOR 255 255 0
      SIZE    2
      SYMBOL  'circle'
    END
  END
  # MA
  CLASS
    EXPRESSION /MA/
    STYLE
      COLOR -1 -1 -1
      OUTLINECOLOR 0 0 0
      SIZE    4
      SYMBOL  'circle'
    END
    STYLE
      COLOR -1 -1 -1
      OUTLINECOLOR 0 0 255
      SIZE    2
      SYMBOL  'circle'
    END
  END
  # SQ
  CLASS
    EXPRESSION /SQ/
    STYLE
      COLOR -1 -1 -1
      OUTLINECOLOR 0 0 0
      SIZE    4
      SYMBOL  'circle'
    END
    STYLE
      COLOR -1 -1 -1
      OUTLINECOLOR 199 21 133
      SIZE    2
      SYMBOL  'circle'
    END
  END
  # Flood
  CLASS
    EXPRESSION /FF|FA/
    STYLE
      COLOR -1 -1 -1
      OUTLINECOLOR 0 0 0
      SIZE    4
      SYMBOL  'circle'
    END
    STYLE
      COLOR -1 -1 -1
      OUTLINECOLOR 0 255 0
      SIZE    2
      SYMBOL  'circle'
    END
  END
  CLASS
    EXPRESSION /ZZ/
    NAME "Storm Based Warning"
    STYLE
      COLOR -1 -1 -1 
      OUTLINECOLOR 255 255 255
      SIZE    4
      SYMBOL  'circle'
    END
    STYLE
      COLOR -1 -1 -1 
      OUTLINECOLOR 0 0 0
      SIZE    2
      SYMBOL  'circle'
    END
  END
END

LAYER
  CONNECTIONTYPE postgis
  NAME allsbw
  CONNECTION "user=nobody dbname=postgis host=iemdb-postgis.local"
  DATA "geom from (select phenomena, geom, random() as oid from sbw WHERE significance != 'A' and expire > CURRENT_TIMESTAMP and status = 'NEW') as foo using unique oid using SRID=4326"
  STATUS OFF
  TYPE POLYGON
  METADATA
    "wms_title" "Current Polygon Warnings"
     "wms_srs" "EPSG:4269"  # Specify as Latlong?
  END
  TEMPLATE q_template.html
  PROJECTION
   "init=epsg:4326"
  END
  CLASSITEM 'phenomena'
  # Tornado
  CLASS
    EXPRESSION /TO/
    STYLE
      COLOR -1 -1 -1
      OUTLINECOLOR 255 0 0
      SIZE    2
      SYMBOL  'circle'
    END
  END
  # SVR
  CLASS
    EXPRESSION /SV/
    STYLE
      COLOR -1 -1 -1
      OUTLINECOLOR 255 255 0
      SIZE    1
      SYMBOL  'circle'
    END
  END
  # MA
  CLASS
    EXPRESSION /MA/
    STYLE
      COLOR -1 -1 -1
      OUTLINECOLOR 0 0 255
      SIZE    1
      SYMBOL  'circle'
    END
  END
  CLASS
    EXPRESSION /ZZ/
    NAME "Storm Based Warning"
    STYLE
      COLOR -1 -1 -1 
      OUTLINECOLOR 0 0 0
      SIZE    1
      SYMBOL  'circle'
    END
  END
END

LAYER
  CONNECTIONTYPE postgis
  NAME warnings0_p
  CONNECTION "user=nobody dbname=postgis host=iemdb-postgis.local"
  #DATA "geom from warnings"
  DATA "geom from (select phenomena, geom, random() as oid from sbw WHERE significance != 'A' and expire > CURRENT_TIMESTAMP and status = 'NEW') as foo using unique oid using SRID=4326"
  STATUS OFF
  TYPE POLYGON
  METADATA
    "wms_title" "Current Polygon Warnings"
     "wms_srs" "EPSG:4269"  # Specify as Latlong?
  END
  TEMPLATE q_template.html
  PROJECTION
   "init=epsg:4326"
  END
  CLASSITEM 'phenomena'
  CLASS
    EXPRESSION /TO|SV|MA/
    STYLE
      COLOR -1 -1 -1
      OUTLINECOLOR 255 255 255
    END
  END
END

INCLUDE "lsrs.mapinc"
INCLUDE "iem.mapinc"

LAYER
  NAME nexrad_n0r
  DATA /mesonet/ldmdata/gis/images/4326/USCOMP/n0r_0.tif
  TYPE RASTER
  STATUS OFF
  METADATA
    "wms_title" "Composite NEXRAD"
  END
  PROJECTION
    "init=epsg:4326"
  END
  OFFSITE 0 0 0
  PROCESSING "CLOSE_CONNECTION=NORMAL"
END

LAYER
  NAME nexrad_n0q
  DATA /mesonet/ldmdata/gis/images/4326/USCOMP/n0q_0.png
  TYPE RASTER
  STATUS OFF
  METADATA
    "wms_title" "Composite NEXRAD"
  END
  PROJECTION
    "init=epsg:4326"
  END
  OFFSITE 0 0 0
  PROCESSING "CLOSE_CONNECTION=NORMAL"
END

#
LAYER
  TYPE POLYGON
  NAME rect
  STATUS OFF
  METADATA
    "wms_title"  "Rect Layer"
     "wms_srs"   "EPSG:26915"
  END
  PROJECTION
    "init=epsg:4326"
  END
  CLASS
    STYLE
      OUTLINECOLOR 250 250 250
    END
  END
END




# Credits
LAYER
  NAME "bar640t-title"
  TYPE POINT
  STATUS OFF
  TRANSFORM FALSE
  CLASS
    NAME 's14y'
    LABEL
      COLOR 255 255 0
      TYPE TRUETYPE
      SIZE 14
      FONT 'liberation'
      POSITION CR
      FORCE TRUE
      PARTIALS TRUE
      BUFFER 2
    END
  END
  CLASS
    NAME 's12w'
    LABEL
      COLOR 255 255 255
      TYPE TRUETYPE
      SIZE 12
      FONT 'liberation'
      POSITION CR
      FORCE TRUE
      PARTIALS TRUE
      BUFFER 2
    END
  END
END

# Credits
LAYER
  NAME credits
  TYPE POINT
  STATUS OFF
  TRANSFORM FALSE
  LABELCACHE ON
  CLASS
    NAME 'credits'
    LABEL
      COLOR 0 0 0
      STYLE # a shadow
        GEOMTRANSFORM 'labelpoly'
        COLOR 250 250 250
      END
#      BACKGROUNDCOLOR 250 250 250
#      SHADOWSIZE 1 1
#      SHADOWCOLOR 0 0 0
#      BACKGROUNDSHADOWCOLOR 0 0 0
#      BACKGROUNDSHADOWSIZE 1 1
      TYPE TRUETYPE
      SIZE 16
      FONT 'liberation'
      POSITION CR
      FORCE TRUE
      PARTIALS TRUE
      BUFFER 2
    END
  END
  CLASS
    NAME 'credits-mono'
    LABEL
      COLOR 10 10 10
      STYLE # a shadow
        GEOMTRANSFORM 'labelpoly'
        COLOR 250 250 250
        OFFSET 2 2
      END
#      BACKGROUNDCOLOR 245 245 245
#      SHADOWSIZE 1 1
#      SHADOWCOLOR 0 0 0
#      BACKGROUNDSHADOWCOLOR 0 0 0
#      BACKGROUNDSHADOWSIZE 1 1
      TYPE TRUETYPE
      SIZE 16
      FONT 'veramono'
      POSITION CR
      FORCE TRUE
      PARTIALS TRUE
      BUFFER 2
    END
  END
END





# Used in php plotter
LAYER
  NAME currents
  STATUS OFF
  TYPE POINT
  LABELCACHE ON
  PROJECTION
   "init=epsg:4326"
  END
  CLASS
    STYLE
      COLOR -1 -1 -1
    END
    LABEL
      COLOR  255 255 0
      OUTLINECOLOR  0 0 0
      SHADOWCOLOR 0 0 0
      SHADOWSIZE 1 1
      SIZE 12
      MINSIZE 4
      MAXSIZE 18
      TYPE TRUETYPE
      FONT liberation
      ANTIALIAS false
      BUFFER 0
      FORCE true
      POSITION UC
    END
  END
  CLASS
    STYLE
      COLOR -1 -1 -1
    END
    LABEL
      COLOR  0 255 0
      OUTLINECOLOR  0 0 0
      SHADOWCOLOR 0 0 0
      SHADOWSIZE 1 1
      SIZE 12
      MINSIZE 4
      MAXSIZE 18
      TYPE TRUETYPE
      FONT liberation
      ANTIALIAS false
      BUFFER 0
      FORCE true
      POSITION UC
    END
  END
END

LAYER
  NAME sname
  STATUS OFF
  TYPE POINT
  LABELCACHE ON
  PROJECTION
   "init=epsg:4326"
  END
  CLASS
    STYLE
      COLOR -1 -1 -1
    END
    LABEL
      COLOR  255 255 255
      OUTLINECOLOR 0 0 0 
      SHADOWCOLOR 0 0 0
      SHADOWSIZE 1 2
      SIZE 10
      MINSIZE 4
      MAXSIZE 18
      TYPE TRUETYPE
      FONT liberation
      ANTIALIAS true
      BUFFER 0
      FORCE true
      POSITION LC
    END
  END
END

LAYER
  TYPE POINT
  NAME pointonly
  STATUS OFF
  CLASS 
    STYLE
      SYMBOL 1
      COLOR 255 0 0
      SIZE 15
    END
    LABEL
      COLOR -1 -1 -1
    END
  END
  CLASS
    STYLE
      COLOR 0 0 0
    END
      LABEL
          COLOR 0 0 0
          TYPE BITMAP
          SIZE MEDIUM
          FORCE TRUE
      END
  END
END

LAYER
  NAME barbs
  TYPE POINT
#  DATA datasets/snet_current
  STATUS OFF
  METADATA
   LYRNAME "Winds"
  END
#  LABELITEM "WIND_CHR"
#  LABELANGLEITEM "WIND_ROTAT"
  LABELCACHE ON
  PROJECTION
   "init=epsg:4326"
  END
  CLASS
    STYLE
      COLOR 255 0 0
    END
    LABEL
        COLOR 250 0 0
        SHADOWCOLOR 0 0 0
        SHADOWSIZE 1 1
        TYPE truetype
        FONT weather
        ANTIALIAS TRUE
        SIZE 48
        POSITION UR
        OFFSET -1 -1 # for size 30 UR
        BUFFER 0
        PARTIALS TRUE
        FORCE TRUE
    END
  END
END

# Current sites
LAYER
  CONNECTIONTYPE postgis
  CONNECTION "user=nobody dbname=iem host=iemdb-iem.local"
  NAME "current_sites"
  DATA "geom from (select c.iemid as foid, geom, t.id as station, network from current c JOIN stations t ON (t.iemid = c.iemid)
       WHERE valid > (now() - '70 minutes'::interval) and network !~* 'COOP' ) as foo
       USING srid=4326 USING unique foid"
  STATUS OFF
  TYPE POINT
  LABELCACHE ON
  PROJECTION
    "init=epsg:4326"
  END
  CLASS
    TEXT ([station])
    STYLE
      COLOR 250 250 250
      SYMBOL "circle"
      SIZE 5
    END
    LABEL
      SIZE SMALL
      OFFSET 7 0
      POSITION CR
      COLOR 0 255 0
#      BACKGROUNDCOLOR -1 -1 -1
      OUTLINECOLOR 0 0 0
      TYPE BITMAP
      ANTIALIAS false
      BUFFER 3
      PARTIALS TRUE
    END
  END
END

# Current sites
LAYER
  CONNECTIONTYPE postgis
  CONNECTION "user=nobody dbname=iem host=iemdb-iem.local"
  NAME "current_temps"
  DATA "geom from (select c.iemid as foid, geom, round(tmpf::numeric,0) as tmpf from current c JOIN stations t ON (t.iemid = c.iemid)
       WHERE valid > (now() - '70 minutes'::interval) and tmpf > -60 ) as foo
       USING srid=4326 USING unique foid"
  STATUS OFF
  TYPE POINT
  LABELCACHE OFF
  PROJECTION
    "init=epsg:4326"
  END
  CLASS
    TEXT ([tmpf])
    STYLE
      COLOR -1 -1 -1
    END
    LABEL
      SIZE SMALL
      OFFSET -7 0
      POSITION CL
      COLOR 255 0 0
#      BACKGROUNDCOLOR -1 -1 -1
      OUTLINECOLOR 0 0 0
      TYPE BITMAP
      ANTIALIAS false
      BUFFER 0
      PARTIALS TRUE
    END
  END
END



# Current Wind barb
LAYER
  CONNECTIONTYPE postgis
  CONNECTION "user=nobody dbname=iem host=iemdb-iem.local"
  NAME "current_barbs"
  DATA "geom from (select c.iemid as foid, geom,
    case WHEN sknt between 0 and 4.99 THEN chr(227)
       WHEN sknt between 5 and 9.99   THEN chr(228)
       WHEN sknt between 10 and 14.99 THEN chr(229)
       WHEN sknt between 15 and 19.99  THEN chr(230)
       WHEN sknt between 20  and 24.99 THEN chr(231)
       WHEN sknt between 25  and 29.99 THEN chr(232)
       WHEN sknt between 30  and 34.99 THEN chr(233)
       WHEN sknt between 35  and 39.99 THEN chr(234)
       WHEN sknt between 40  and 44.99 THEN chr(235)
       WHEN sknt between 45  and 49.99 THEN chr(236)
       ELSE '0' END as sknt,
    (0 - drct) as drct from current c JOIN stations t ON (t.iemid = c.iemid)
       WHERE sknt >= 0 and valid > (now() - '70 minutes'::interval) ) as foo
       USING srid=4326 USING unique foid"
  STATUS OFF
  TYPE POINT
  #LABELANGLEITEM drct
  LABELCACHE OFF
  PROJECTION
    "init=epsg:4326"
  END
  LABELITEM sknt
  CLASS
    STYLE
      COLOR -1 -1 -1
    END
    LABEL
      ANGLE [drct]
      SIZE 40
      OFFSET 4 -12
      POSITION CC
      COLOR 255 255 255
#      BACKGROUNDCOLOR -1 -1 -1
      OUTLINECOLOR -1 -1 -1
      TYPE TRUETYPE
      FONT weather
      ANTIALIAS false
      BUFFER 3
    END
  END
END

INCLUDE "roads.mapinc"

LAYER
  CONNECTIONTYPE postgis
  NAME mintmpf
  # Connect to a remote spatial database
  CONNECTION "user=nobody dbname=iem host=iemdb-iem.local"
  # Get the lines from the 'geom' column of the 'roads' table
  DATA "geom from (select geom, round(min_tmpf::numeric,0) as tsf0,
    c.iemid as oid from summary_2013 c JOIN stations t ON (t.iemid = c.iemid) 
    WHERE day = '2013-10-17' and network = 'IA_ASOS'
    and min_tmpf < 80) as foo using unique oid using srid=4326"
  STATUS OFF
  TYPE POINT
  LABELCACHE ON
  PROJECTION
   "init=epsg:4326"
  END
  CLASSITEM "tsf0"
  CLASS
    TEXT ([tsf0])
    LABEL
      COLOR 255 255 0
      OUTLINECOLOR 0 0 0
      TYPE TRUETYPE
      FONT 'liberation'
      SIZE 16
      POSITION CC
      OFFSET 2 2
      BUFFER 2
      PARTIALS FALSE
      FORCE FALSE
    END
  END
END

LAYER
  CONNECTIONTYPE postgis
  NAME surface
  # Connect to a remote spatial database
  CONNECTION "user=nobody dbname=iem host=iemdb-iem.local"
  # Get the lines from the 'geom' column of the 'roads' table
  DATA "geom from (select geom, round(tsf0::numeric,0) as tsf0,
    c.iemid as oid from current c JOIN stations t ON (t.iemid = c.iemid) WHERE (valid > CURRENT_TIMESTAMP - '70 minutes'::interval)
    and tsf0 > -30) as foo using unique oid using srid=4326"
  STATUS OFF
  TYPE POINT
  LABELCACHE OFF
  PROJECTION
   "init=epsg:4326"
  END
  CLASSITEM "tsf0"
  CLASS
    NAME ">=35"
    EXPRESSION ([tsf0] >= 35)
    STYLE
      COLOR 30 190 20
      SYMBOL 'circle'
      SIZE 8
    END
  END
  CLASS
    NAME "34-35"
    EXPRESSION ([tsf0] >= 34)
    STYLE
      COLOR 215 255 0
      SYMBOL 'circle'
      SIZE 8
    END
  END
  CLASS
    NAME "33-34"
    EXPRESSION ([tsf0] >= 33)
    STYLE
      COLOR 255 164 0
      SYMBOL 'circle'
      SIZE 8
    END
  END
  CLASS
    NAME "32-33"
    EXPRESSION ([tsf0] >= 32)
    STYLE
      COLOR 255 50 0
      SYMBOL 'circle'
      SIZE 10
    END
  END
  CLASS
    NAME "31-32"
    EXPRESSION ([tsf0] >= 31)
    STYLE
      COLOR 255 0 144
      SYMBOL 'circle'
      SIZE 8
    END
  END
  CLASS
    NAME "30-31"
    EXPRESSION ([tsf0] >= 30)
    STYLE
      COLOR 255 0 255
      SYMBOL 'circle'
      SIZE 8
    END
  END
  CLASS
    NAME "< 30"
    EXPRESSION ([tsf0] < 30)
    STYLE
      COLOR 255 255 255
      SYMBOL 'circle'
      SIZE 8
    END
  END
END

LAYER
  CONNECTIONTYPE postgis
  NAME airtemps
  # Connect to a remote spatial database
  CONNECTION "user=nobody dbname=iem host=iemdb-iem.local"
  # Get the lines from the 'geom' column of the 'roads' table
  DATA "geom from (select geom, round(tmpf::numeric,0) as tmpf, 
    c.iemid as foid from current c JOIN stations t ON (t.iemid = c.iemid) 
    WHERE (valid > CURRENT_TIMESTAMP - '70 minutes'::interval)
    and tmpf is not null
    ) as foo using unique foid using srid=4326"
  STATUS OFF
  TYPE POINT
  LABELCACHE ON
  PROJECTION
   "init=epsg:4326"
  END
  CLASS
    EXPRESSION ([tmpf] >= 35 AND [tmpf] < 120)
    TEXT ([tmpf])
    STYLE
      COLOR -1 -1 -1
    END
    LABEL
      COLOR 30 190 20
      OUTLINECOLOR 0 0 0
      TYPE TRUETYPE
      FONT 'liberation'
      SIZE 10
      POSITION UL
      OFFSET 2 2
      BUFFER 1
      PARTIALS TRUE
      FORCE FALSE
    END
  END
  CLASS
    EXPRESSION ([tmpf] >= 34)
    TEXT ([tmpf])
    STYLE
      COLOR -1 -1 -1
    END
    LABEL
      COLOR 215 255 0
      OUTLINECOLOR 0 0 0
      TYPE TRUETYPE
      FONT 'liberation'
      SIZE 10
      POSITION UL
      OFFSET 2 2
      BUFFER 1
      PARTIALS TRUE
      FORCE FALSE
    END
  END
  CLASS
    EXPRESSION ([tmpf] >= 33)
    TEXT ([tmpf])
    STYLE
      COLOR -1 -1 -1
    END
    LABEL
      COLOR 255 164 0
      OUTLINECOLOR 0 0 0
      TYPE TRUETYPE
      FONT 'liberation'
      SIZE 10
      POSITION UL
      OFFSET 2 2
      BUFFER 1
      PARTIALS TRUE
      FORCE FALSE
    END
  END
  CLASS
    EXPRESSION ([tmpf] >= 32)
    TEXT ([tmpf])
    STYLE
      COLOR -1 -1 -1
    END
    LABEL
      COLOR 255 50 0
      OUTLINECOLOR 0 0 0
      TYPE TRUETYPE
      FONT 'liberation'
      SIZE 10
      POSITION UL
      OFFSET 2 2
      BUFFER 1
      PARTIALS TRUE
      FORCE FALSE
    END
  END
  CLASS
    EXPRESSION ([tmpf] >= 31)
    TEXT ([tmpf])
    STYLE
      COLOR -1 -1 -1
    END
    LABEL
      COLOR 255 0 144
      OUTLINECOLOR 0 0 0
      TYPE TRUETYPE
      FONT 'liberation'
      SIZE 10
      POSITION UL
      OFFSET 2 2
      BUFFER 1
      PARTIALS TRUE
      FORCE FALSE
    END
  END
  CLASS
    EXPRESSION ([tmpf] >= 30)
    TEXT ([tmpf])
    STYLE
      COLOR -1 -1 -1
    END
    LABEL
      #COLOR 232 164 226
      COLOR 255 0 255
      OUTLINECOLOR 0 0 0
      TYPE TRUETYPE
      FONT 'liberation'
      SIZE 10
      POSITION UL
      OFFSET 2 2
      BUFFER 1
      PARTIALS TRUE
      FORCE FALSE
    END
  END
  CLASS
    EXPRESSION ([tmpf] > -40)
    TEXT ([tmpf])
    STYLE
      COLOR -1 -1 -1
    END
    LABEL
      #COLOR 232 214 226
      COLOR 255 255 255
      OUTLINECOLOR 0 0 0
      TYPE TRUETYPE
      FONT 'liberation'
      SIZE 10
      POSITION UL
      OFFSET 2 2
      BUFFER 1
      PARTIALS TRUE
      FORCE FALSE
    END
  END
END

LAYER
  NAME interstates
  TYPE LINE
  STATUS OFF
  PROJECTION
   "init=epsg:4326"
  END
  DATA /mesonet/data/gis/static/shape/4326/us/interstates.shp
  CLASS
    STYLE
      COLOR 255 0 0
      WIDTH 1.5
    END
    STYLE
      COLOR 0 0 0
      WIDTH 0.5
    END
  END
END

###
# Watch by County
LAYER
  CONNECTIONTYPE postgis
  NAME "watch_by_county"
  CONNECTION "user=nobody dbname=postgis host=iemdb-postgis.local"
  STATUS OFF
  TYPE LINE
  PROJECTION
   "init=epsg:4326"
  END
  CLASSITEM "phenomena"
  CLASS
    EXPRESSION 'TO'
    STYLE
      COLOR 255 0 0
      WIDTH 2.0
    END
  END
  CLASS
    EXPRESSION 'SV'
    STYLE
      COLOR 255 255 0
      WIDTH 2.0
    END
  END
END



END

