LAYER
  CONNECTIONTYPE postgis
  NAME lsrs
  CONNECTION "user=nobody dbname=postgis host=iemdb-postgis.local"
  DATA "geom from (select distinct city, magnitude, valid, geom, type as ltype, city || magnitude || x(geom) || y(geom) as k from lsrs WHERE valid > 'YESTERDAY'::timestamp) as foo USING unique k USING SRID=4326 "
  STATUS OFF
  TYPE POINT
  PROJECTION
   "init=epsg:4326"
  END
  CLASSITEM "ltype"
  CLASS
    EXPRESSION /W/
    TEXT 'WATERSPOUT'
    LABEL
      OUTLINECOLOR 0 0 0
      COLOR 255 255 255
      TYPE BITMAP
      SIZE MEDIUM
      POSITION AUTO
      PARTIALS FALSE
    END
    STYLE
      COLOR 255 255 255
      SYMBOL 'tornado'
      SIZE 10
    END
  END
  CLASS
    EXPRESSION /G/
    TEXT 'G[magnitude] MPH'
    LABEL
      OUTLINECOLOR 0 0 0
      COLOR 255 255 255
      TYPE BITMAP
      SIZE MEDIUM
      POSITION AUTO
      PARTIALS FALSE
    END
    STYLE
      COLOR 255 255 255
      SYMBOL 'circle'
      SIZE 10
    END
  END
  CLASS
    EXPRESSION /M/
    TEXT 'G[magnitude] MPH'
    LABEL
      OUTLINECOLOR 0 0 0
      COLOR 255 255 255
      TYPE BITMAP
      SIZE MEDIUM
      POSITION AUTO
      PARTIALS FALSE
    END
    STYLE
      COLOR 255 255 255
      SYMBOL 'circle'
      SIZE 10
    END
  END
  CLASS
    EXPRESSION /T/
    TEXT 'TORNADO [magnitude]'
    LABEL
      OUTLINECOLOR 0 0 0
      COLOR 255 255 255
      TYPE BITMAP
      SIZE MEDIUM
      POSITION AUTO
      PARTIALS FALSE
    END
    STYLE
      COLOR 255 255 255
      SYMBOL 'tornado'
      SIZE 10
    END
  END
  CLASS
    EXPRESSION /R/
    TEXT 'HEAVY RAIN [magnitude]'
    LABEL
      OUTLINECOLOR 0 0 0
      COLOR 255 255 255
      TYPE BITMAP
      SIZE MEDIUM
      POSITION AUTO
      PARTIALS FALSE
    END
    STYLE
      COLOR 255 255 255
      SYMBOL 'circle'
      SIZE 10
    END
  END
  CLASS
    EXPRESSION /F/
    TEXT 'FLASH FLOOD'
    LABEL
      OUTLINECOLOR 0 0 0
      COLOR 255 255 255
      TYPE BITMAP
      SIZE MEDIUM
      POSITION AUTO
      PARTIALS FALSE
    END
    STYLE
      COLOR 255 255 255
      SYMBOL 'circle'
      SIZE 10
    END
  END
  CLASS
    EXPRESSION /H/
    TEXT 'HAIL [magnitude]'
    LABEL
      OUTLINECOLOR 0 0 0
      COLOR 255 255 255
      TYPE BITMAP
      SIZE MEDIUM
      POSITION AUTO
      PARTIALS FALSE
    END
    STYLE
      COLOR 255 255 255
      SYMBOL 'triangle'
      SIZE 10
    END
  END
  CLASS
    EXPRESSION /S/
    TEXT 'SNOW [magnitude]inch'
    LABEL
      OUTLINECOLOR 0 0 0
      COLOR 255 255 255
      TYPE BITMAP
      SIZE MEDIUM
      POSITION AUTO
      PARTIALS FALSE
    END
    STYLE
      COLOR 255 255 255
      SYMBOL 'circle'
      SIZE 7
    END
  END
  CLASS
    EXPRESSION /5/
    TEXT 'ICE [magnitude]inch'
    LABEL
      OUTLINECOLOR 0 0 0
      COLOR 255 255 255
      TYPE BITMAP
      SIZE MEDIUM
      POSITION AUTO
      PARTIALS FALSE
    END
    STYLE
      COLOR 255 255 255
      SYMBOL 'circle'
      SIZE 7
    END
  END
  CLASS
    EXPRESSION /D/
    TEXT 'WND DMG [city]'
    LABEL
      OUTLINECOLOR 0 0 0
      COLOR 255 255 255
      TYPE BITMAP
      SIZE MEDIUM
      POSITION AUTO
      PARTIALS FALSE
    END
    STYLE
      COLOR 255 255 255
      SYMBOL 'triangle'
      SIZE 10
    END
  END
END
