MAP
#
# Start of map file
#
NAME stations
STATUS ON
SIZE 200 150
#SYMBOLSET symbols/symbol.sym
FONTSET "/mesonet/data/gis/fonts/fonts.list"
EXTENT -96.50 40.25 -90.30 43.75
UNITS DD
SHAPEPATH "/mesonet/data/gis/"
SYMBOLSET "/mesonet/data/gis/symbols/stations.sym"
IMAGECOLOR -1 -1 -1
IMAGETYPE PNG
TRANSPARENT off
INTERLACE off

#
# Projection definition, consult the PROJ.4 documentation for parameter discussion
#
PROJECTION
  "proj=latlong"
END

#
# Start of web interface definition
#
WEB
  HEADER q_header.html
  TEMPLATE stations2.html
  FOOTER q_footer.html
  IMAGEPATH "/var/www/htdocs/tmp/"
  IMAGEURL "/tmp/"
  LOG "/var/www/htdocs/tmp/smap0.log"
END

REFERENCE
  EXTENT -97.500000 38.922000 -89.300000 45.078000
  IMAGE /mesonet/data/gis/images/unproj/refmap/iowa.png
  OUTLINECOLOR 255 0 0
  COLOR -1 -1 -1
  STATUS ON
  SIZE 200 150
END

SCALEBAR
  IMAGECOLOR 255 255 255
  LABEL
    COLOR 0 0 0
    SIZE tiny
  END
  STYLE 1
  SIZE 50 2
  COLOR 0 0 0
  UNITS MILES
  INTERVALS 1
  TRANSPARENT TRUE
  STATUS TRUE
END

LAYER
  NAME back1
  DATA images/back1.tif
  TYPE RASTER
  STATUS OFF
END

LAYER
  NAME counties
  STATUS DEFAULT
  TYPE POLYGON
  DATA shape/4326/iowa/iacounties.shp
  LABELITEM 'Name'
  LABELMAXSCALE 1800000
  CLASS
    OUTLINECOLOR 0 0 255
    LABEL
      COLOR 0 0 255
      OUTLINECOLOR -1 -1 -1
      TYPE BITMAP
      SIZE TINY
      POSITION CC
      FORCE TRUE
      PARTIALS FALSE
    END
  END
END

##
## ASOS
##
LAYER
  CONNECTIONTYPE postgis
  NAME ASOS
  CONNECTION "user=akrherz dbname=mesosite host=mesonet-db1.agron.iastate.edu"
  DATA "geom from stations"
  FILTER "network = 'ASOS'"
  STATUS OFF
  TYPE POINT
  CLASS
    COLOR 0 0 0
    BACKGROUNDCOLOR -1 -1 -1
    SYMBOL 1
    SIZE 10
    TEXT ([ name ])
    LABEL
      COLOR 0 0 0 
      TYPE BITMAP
      FORCE true
      MINSIZE 6
      MAXSIZE 18
      POSITION LC
    END
  END
END

##
## RWIS
##
LAYER
  CONNECTIONTYPE postgis
  NAME RWIS
  CONNECTION "user=akrherz dbname=mesosite host=mesonet-db1.agron.iastate.edu"
  DATA "geom from stations"
  FILTER "network = 'RWIS'"
  STATUS OFF
  TYPE POINT
  CLASS
    COLOR 0 0 0 
    BACKGROUNDCOLOR -1 -1 -1
    SYMBOL 1
    SIZE 10
    TEXT ([ name ])
    LABEL
      COLOR 0 0 0
      TYPE BITMAP
      FORCE true
      MINSIZE 6
      MAXSIZE 18
      POSITION LC
    END
  END
END


##
## AWOS
##
LAYER
  CONNECTIONTYPE postgis
  NAME AWOS
  CONNECTION "user=akrherz dbname=mesosite host=mesonet-db1.agron.iastate.edu"
  DATA "geom from stations"
  FILTER "network = 'AWOS'"
  STATUS OFF
  TYPE POINT
  CLASS
    COLOR  0 0 0 
    BACKGROUNDCOLOR -1 -1 -1
    SYMBOL 1
    SIZE 10
    TEXT ([ name ])
    LABEL
      COLOR 0 0 0
      TYPE BITMAP
      FORCE true
      MINSIZE 6
      MAXSIZE 18
      POSITION LC
    END
  END
END

##
## KCCI
##
LAYER
  CONNECTIONTYPE postgis
  NAME KCCI
  CONNECTION "user=akrherz dbname=mesosite host=mesonet-db1.agron.iastate.edu"
  DATA "geom from stations"
  FILTER "network = 'KCCI'"
  STATUS OFF
  TYPE POINT
  CLASS
    COLOR 0 0 0
    BACKGROUNDCOLOR -1 -1 -1
    SYMBOL 1
    SIZE 10
    TEXT ([ name ])
    LABEL
      COLOR 0 0 0
      TYPE BITMAP
      FORCE false
      PARTIALS false
#      MINSIZE 4
#      MAXSIZE 12
      SIZE TINY
      POSITION AUTO
    END
  END
END

# END OF FILE
END
