MAP
# Start of map file
#
# Sample map file for a chameleon app.
#
NAME road_conditions
STATUS OFF
SIZE 640 480
EXTENT 200000 4450000 710000 4950000
UNITS METERS
FONTSET "/opt/iem/data/gis/fonts.list"
SYMBOLSET "/opt/iem/data/gis/symbols/stations.sym"
IMAGECOLOR -1 -1 -1
IMAGETYPE PNG24
#
# Start of web interface definition
#
WEB
  TEMPLATE "test.html"
  IMAGEPATH "/var/webtmp/"
  IMAGEURL "/tmp/"
  METADATA
    "wfs_title"	"IEM Iowa Road Conditions"
    "wfs_onlineresource" "https://mesonet.agron.iastate.edu:80/cgi-bin/mapserv/mapserv?map=/mesonet/www/apps/roads//data/gis/roads.map"
    "wfs_srs"	"EPSG:26915 EPSG:4326 EPSG:3857"
    "wfs_abstract" "Ba Ba Ba"
    "wfs_fees" "None"
    "wfs_keywordlist" "Ba"
    "wfs_accessconstraints" "None"
    "wfs_contactperson" "Daryl Herzmann"
    "wfs_contactorganization" "Iowa State University"
    "wfs_encoding" "ISO-8859-1"
    "ows_schemas_location" "http://ogc.dmsolutions.ca"
  END
END

CONFIG MS_NONSQUARE YES

 
PROJECTION
    "init=epsg:26915"
END

OUTPUTFORMAT
  NAME PNG24
  MIMETYPE "image/png"
  DRIVER "AGG/PNG"
  IMAGEMODE RGBA
  TRANSPARENT ON
END
SYMBOL
  NAME "logokey"
  TYPE PIXMAP
  IMAGE "images-24bit/colorkey5.png"
END

SYMBOL
  NAME "iem_isp"
  TYPE PIXMAP
  IMAGE "images-24bit/IEM_ISP.png"
END

SYMBOL
  NAME "iem"
  TYPE PIXMAP
  IMAGE "images-24bit/iemlogo.png"
  Transparent 0
END

SYMBOL
  NAME "ia511"
  TYPE PIXMAP
  IMAGE "images-24bit/ia511.png"
END

SYMBOL
  NAME "logokey-8bit"
  TYPE PIXMAP
  IMAGE "images-8bit/colorkey5.png"
END

SYMBOL
  NAME "iem_isp-8bit"
  TYPE PIXMAP
  IMAGE "images-8bit/IEM_ISP.png"
END

SYMBOL
  NAME "ia511-8bit"
  TYPE PIXMAP
  IMAGE "images-8bit/ia511.png"
END


Symbol
  Name 'interstate_shield'
  Type PIXMAP
  Image 'images/interstate.png'
  TRANSPARENT 6
END

Symbol
  Name 'us_highway_shield'
  Type PIXMAP
  Image 'images/ushwy.png'
  TRANSPARENT 0
END

Symbol
  Name 'state_highway_shield'
  Type PIXMAP
  Image 'images/sthwy.png'
  TRANSPARENT 0
END

SYMBOL
  NAME 'fill45'
  TYPE Ellipse
  FILLED TRUE
  POINTS 
   1 1
  END
END


LEGEND
  KEYSIZE 18 12
  LABEL
    TYPE BITMAP
    SIZE MEDIUM
    COLOR 0 0 89
  END
  STATUS OFF
END

SCALEBAR
  IMAGECOLOR 255 255 255
  LABEL
    COLOR 0 0 0
    SIZE SMALL
  END
  SIZE 150 5
  COLOR 255 255 255
  BACKGROUNDCOLOR 0 0 0
  OUTLINECOLOR 0 0 0
  UNITS miles
  INTERVALS 5
  STATUS OFF
END


QUERYMAP
  STYLE HILITE
  COLOR 255 0 0
END

LAYER
  NAME nexrad_n0q
  DATA /mesonet/ldmdata/gis/images/4326/USCOMP/n0q_0.png
  TYPE RASTER
  STATUS OFF
  METADATA
    "wms_title" "Composite NEXRAD"
  END
  PROJECTION
    "init=epsg:4326"
  END
  OFFSITE 0 0 0
  PROCESSING "CLOSE_CONNECTION=NORMAL"
END


LAYER
 NAME dsmback
 DATA "/mesonet/data/gis/static/images/26915/iowa/dsmmetro.tif"
 PROJECTION
  "init=epsg:26915"
 END
 METADATA
  "show_in_legend" "0"
 END
 TYPE RASTER
 STATUS OFF
END

LAYER
  NAME counties
  STATUS OFF
  TYPE LINE
  DATA "/mesonet/data/gis/static/shape/26915/iowa/iacounties.shp"
  METADATA
    "wms_title" "Iowa Counties"
  END
  PROJECTION
    "init=epsg:26915"
  END
  CLASS
    STYLE
     COLOR 174 174 174
     WIDTH 2.0
     ANTIALIAS TRUE
    END
  END
END

#
LAYER
  CONNECTIONTYPE postgis
  NAME "cnttime"
  CONNECTION "user=nobody dbname=postgis host=iemdb-postgis.local"
  DATA "geom from (select b.geom, random() as boid, b.tempval / 1440.0 / 70.0 * 100.0 as t from roads_base b) as foo using UNIQUE boid using SRID=26915"
  STATUS OFF
  TYPE LINE
  METADATA
    "wfs_title" "Iowa Limited Visibility"
    "wms_title" "Iowa Limited Visibility"
  END
  PROJECTION
   "init=epsg:26915"
  END
  TEMPLATE "roadsq.html"
  LABELCACHE OFF
  CLASS
    NAME '10-15'
    EXPRESSION ([t] < 15)
    STYLE
      COLOR 0 0 255
      WIDTH 4.0
    END
  END
  CLASS
    NAME '15-25'
    EXPRESSION ([t] >= 15 and [t] < 25)
    STYLE
      COLOR 51 255 0
      WIDTH 4.0
    END
  END
  CLASS
    NAME '25-35'
    EXPRESSION ([t] >= 25 and [t] < 35)
    STYLE
      COLOR 255 255 0
      WIDTH 4.0
    END
  END
  CLASS
    NAME '35-40'
    EXPRESSION ([t] >= 35 and [t] < 40)
    STYLE
      COLOR 255 204 0
      WIDTH 4.0
    END
  END
  CLASS
    NAME '40-50'
    EXPRESSION ([t] >= 40)
    STYLE
      COLOR 255 102 0
      WIDTH 4.0
    END
  END
END


#
LAYER
  CONNECTIONTYPE postgis
  NAME "visibility"
  CONNECTION "user=nobody dbname=postgis host=iemdb-postgis.local"
  DATA "geom from (select random() as boid, (CASE WHEN c.limited_vis THEN 1 ELSE 0 END) as lv, b.geom from roads_base b, roads_current c WHERE b.segid = c.segid  and c.valid > (now() - '93 days'::interval) ORDER by b.segid DESC) as foo using UNIQUE boid using SRID=26915"
  STATUS OFF
  TYPE LINE
  METADATA
    "wfs_title" "Iowa Limited Visibility"
    "wms_title" "Iowa Limited Visibility"
  END
  PROJECTION
   "init=epsg:26915"
  END
  TEMPLATE "roadsq.html"
  LABELCACHE OFF
  CLASS
    NAME 'limited'
    EXPRESSION ([lv] = 1)
    STYLE
      COLOR 200 200 200
      WIDTH 16.0
    END
  END
END

#
LAYER
  CONNECTIONTYPE postgis
  NAME "roads"
  CONNECTION "user=nobody dbname=postgis host=iemdb-postgis.local"
  DATA "geom from (select b.st1, b.us1, b.type as rtype, b.int1, random() as boid, b.segid, c.cond_code, b.geom from roads_base b, roads_current c WHERE b.segid = c.segid and b.type > 1  and c.valid > (now() - '93 days'::interval) ORDER by b.segid DESC) as foo using UNIQUE boid using SRID=26915"
  STATUS OFF
  TYPE LINE
  METADATA
    "wfs_title" "Iowa Non-Interstates Conditions"
    "wms_title" "Iowa Non-Interstates Conditions"
    "wms_srs"   "EPSG:4326 EPSG:26915 EPSG:3857"
  END
  PROJECTION
   "init=epsg:26915"
  END
  TEMPLATE "roadsq.html"
  LABELCACHE ON
  CLASS
    NAME 'normal'
    EXPRESSION ([cond_code] = 0)
    STYLE
      COLOR 153 153 153
      WIDTH 5.0
    END
    STYLE
      COLOR 0 0 0
      WIDTH 3.0
      #ANTIALIAS TRUE
    END
  END
  CLASS
    NAME 'wet'
    EXPRESSION ([cond_code] = 1)
    STYLE
      COLOR 0 0 0
      WIDTH 5.0
    END
    STYLE
      COLOR 0 204 0
      WIDTH 3
      ANTIALIAS TRUE
    END
  END
  CLASS
    NAME 'frost'
    EXPRESSION ([cond_code] >= 3 and [cond_code] <= 14)
    STYLE
      COLOR 0 0 0
      WIDTH 5.0
    END
    STYLE
      #COLOR  152 152 152
      COLOR  240 240 0
      WIDTH 3
      ANTIALIAS TRUE
    END
  END
  CLASS
    NAME 'closed'
    EXPRESSION ([cond_code] = 86)
    STYLE
      COLOR 250 250 0
      WIDTH 7
      ANTIALIAS TRUE
    END
    STYLE
      COLOR 230 0 0
      WIDTH 5.0
    END
    STYLE
      COLOR  250 250 0
      SIZE 3
      SYMBOL 'fill45'
    END
  END
  CLASS
    NAME 'not advised'
    EXPRESSION ([cond_code] = 51)
    STYLE
      COLOR 0 0 0
      WIDTH 5.0
    END
    STYLE
      COLOR  232 95 1
      WIDTH 3
      ANTIALIAS TRUE
    END
  END
  # MIXED!
  CLASS
    NAME 'pc-mixed'
    EXPRESSION ([cond_code] = 15)
    STYLE
      COLOR 0 0 0
      WIDTH 5.0
    END
    STYLE
      COLOR 255 197 197
      WIDTH 3
      ANTIALIAS TRUE
    END
  END
  CLASS
    NAME 'mc-mixed'
    EXPRESSION ([cond_code] = 19)
    STYLE
      COLOR 0 0 0
      WIDTH 5.0
    END
    STYLE
      COLOR 254 51 153
      WIDTH 3
      ANTIALIAS TRUE
    END
  END
  CLASS
    NAME 'cc-mixed'
    EXPRESSION ([cond_code] = 23)
    STYLE
      COLOR 0 0 0
      WIDTH 5.0
    END
    STYLE
      COLOR 181 0 181
      WIDTH 3
      ANTIALIAS TRUE
    END
  END
  # SLUSH!
  CLASS
    NAME 'pc-slush'
    EXPRESSION ([cond_code] = 56)
    STYLE
      COLOR 0 0 0
      WIDTH 5.0
    END
    STYLE
      COLOR 255 197 197
      WIDTH 3
      ANTIALIAS TRUE
    END
  END
  CLASS
    NAME 'mc-slush'
    EXPRESSION ([cond_code] = 60)
    STYLE
      COLOR 0 0 0
      WIDTH 5.0
    END
    STYLE
      COLOR 254 51 153
      WIDTH 3
      ANTIALIAS TRUE
    END
  END
  CLASS
    NAME 'cc-slush'
    EXPRESSION ([cond_code] = 64)
    STYLE
      COLOR 0 0 0
      WIDTH 5.0
    END
    STYLE
      COLOR 181 0 181
      WIDTH 3
      ANTIALIAS TRUE
    END
  END
  # ICE!
  CLASS
    NAME 'pc-ice'
    EXPRESSION ([cond_code] = 27)
    STYLE
      COLOR 0 0 0
      WIDTH 5.0
    END
    STYLE
      COLOR 255 197 197
      WIDTH 3
      ANTIALIAS TRUE
    END
  END
  CLASS
    NAME 'mc-ice'
    EXPRESSION ([cond_code] = 31)
    STYLE
      COLOR 0 0 0
      WIDTH 5.0
    END
    STYLE
      COLOR 254 51 153
      WIDTH 3
      ANTIALIAS TRUE
    END
  END
  CLASS
    NAME 'cc-ice'
    EXPRESSION ([cond_code] = 35)
    STYLE
      COLOR 0 0 0
      WIDTH 5.0
    END
    STYLE
      COLOR 181 0 181
      WIDTH 3
      ANTIALIAS TRUE
    END
  END
 # Snow!
  CLASS
    NAME 'pc-snow'
    EXPRESSION ([cond_code] = 39)
    STYLE
      COLOR 0 0 0
      WIDTH 5.0
    END
    STYLE
      COLOR  153 255 255
      WIDTH 3
      ANTIALIAS TRUE
    END
  END
  CLASS
    NAME 'mc-snow'
    EXPRESSION ([cond_code] = 43)
    STYLE
      COLOR 0 0 0
      WIDTH 5.0
    END
    STYLE
      COLOR  0 153 254
      WIDTH 3
      ANTIALIAS TRUE
    END
  END
  CLASS
    NAME 'cc-snow'
    EXPRESSION ([cond_code] = 47)
    STYLE
      COLOR 0 0 0
      WIDTH 5.0
    END
    STYLE
      COLOR  0 0 158
      WIDTH 3
      ANTIALIAS TRUE
    END
  END

#  CLASS
#    NAME 'others'
#    STYLE
#      COLOR 255 255 0
#      WIDTH 3
#      ANTIALIAS TRUE
#    END
#  END
  TOLERANCE 50
END

# IDOT Trucks
LAYER
  CONNECTIONTYPE postgis
  NAME "trucks"
  CONNECTION "user=nobody dbname=postgis host=iemdb-postgis.local"
  DATA "geom from (select geom, random() as boid from idot_snowplow_archive WHERE valid > (now() - '10 minutes'::interval)) as foo using UNIQUE boid using SRID=4326"
  STATUS OFF
  TYPE POINT
  PROJECTION
   "init=epsg:4326"
  END
  LABELCACHE OFF
  CLASS
    STYLE
      COLOR 255 0 255
      SYMBOL 'circle'
      SIZE 8
    END
  END
END

#____________________
#  We label interstates a bit larger!
#
LAYER
  CONNECTIONTYPE postgis
  NAME "roads-inter"
  CONNECTION "user=nobody dbname=postgis host=iemdb-postgis.local"
  DATA "geom from (select b.type as rtype, b.int1, random() as boid, b.segid, c.cond_code, b.geom from roads_base b, roads_current c WHERE b.segid = c.segid and b.type = 1 and c.valid > (now() - '93 days'::interval) ORDER by b.segid DESC) as foo using UNIQUE boid using SRID=26915"
  STATUS OFF
  TYPE LINE
  METADATA
    "wfs_title" "Iowa Interstates Conditions"
    "wms_title" "Iowa Interstates Conditions"
    "wms_srs"   "EPSG:4326 EPSG:26915 EPSG:3857"
  END
  PROJECTION
   "init=epsg:26915"
  END
  TEMPLATE "roadsq.html"
  LABELCACHE ON
  CLASS
    NAME 'normal'
    EXPRESSION ([cond_code] = 0)
    STYLE
      COLOR 220 220 220
      WIDTH 7.0
    END
    STYLE
      COLOR 0 0 0
      WIDTH 5
      ANTIALIAS TRUE
    END
  END
  CLASS
    NAME 'wet'
    EXPRESSION ([cond_code] = 1)
    STYLE
      COLOR 220 220 220
      WIDTH 7.0
    END
    STYLE
      COLOR 0 204 0
      WIDTH 5
      ANTIALIAS TRUE
    END
  END
  CLASS
    NAME 'frost'
    EXPRESSION ([cond_code] >= 3 and [cond_code] <= 14)
    STYLE
      COLOR 220 220 220
      WIDTH 7.0
    END
    STYLE
      #COLOR  152 152 152
      COLOR  240 240 0
      WIDTH 5
      ANTIALIAS TRUE
    END
  END

  CLASS
    NAME 'closed-int'
    EXPRESSION ([cond_code] = 86)
    STYLE
      COLOR 250 250 0
      WIDTH 7
      ANTIALIAS TRUE
    END
    STYLE
      COLOR 230 0 0
      WIDTH 5.0
    END
    STYLE
      COLOR  250 250 0
      SIZE 3
      SYMBOL 'fill45'
    END
  END
  CLASS
    NAME 'not advised'
    EXPRESSION ([cond_code] = 51)
    STYLE
      COLOR 220 220 220
      WIDTH 7.0
    END
    STYLE
      COLOR  232 95 1
      WIDTH 5
      ANTIALIAS TRUE
    END
  END
  CLASS
    NAME 'mixed'
    EXPRESSION ([cond_code] = 15)
    STYLE
      COLOR 220 220 220
      WIDTH 7.0
    END
    STYLE
      COLOR 255 197 197
      WIDTH 5
      ANTIALIAS TRUE
    END
  END
  CLASS
    NAME 'mixed'
    EXPRESSION ([cond_code] = 19)
    STYLE
      COLOR 220 220 220
      WIDTH 7.0
    END
    STYLE
      COLOR 254 51 153
      WIDTH 5
      ANTIALIAS TRUE
    END
  END
  CLASS
    NAME 'mixed'
    EXPRESSION ([cond_code] = 23)
    STYLE
      COLOR 220 220 220
      WIDTH 7.0
    END
    STYLE
      COLOR 181 0 181
      WIDTH 5
      ANTIALIAS TRUE
    END
  END

  CLASS
    NAME 'slush'
    EXPRESSION ([cond_code] = 56)
    STYLE
      COLOR 220 220 220
      WIDTH 7.0
    END
    STYLE
      COLOR 255 197 197
      WIDTH 5
      ANTIALIAS TRUE
    END
  END
  CLASS
    NAME 'slush'
    EXPRESSION ([cond_code] = 60)
    STYLE
      COLOR 220 220 220
      WIDTH 7.0
    END
    STYLE
      COLOR 254 51 153
      WIDTH 5
      ANTIALIAS TRUE
    END
  END
  CLASS
    NAME 'slush'
    EXPRESSION ([cond_code] = 64)
    STYLE
      COLOR 220 220 220
      WIDTH 7.0
    END
    STYLE
      COLOR 181 0 181
      WIDTH 5
      ANTIALIAS TRUE
    END
  END
  CLASS
    NAME 'ice'
    EXPRESSION ([cond_code] = 27)
    STYLE
      COLOR 220 220 220
      WIDTH 7.0
    END
    STYLE
      COLOR 255 197 197
      WIDTH 5
      ANTIALIAS TRUE
    END
  END
  CLASS
    NAME 'ice'
    EXPRESSION ([cond_code] = 31)
    STYLE
      COLOR 220 220 220
      WIDTH 7.0
    END
    STYLE
      COLOR 254 51 153
      WIDTH 5
      ANTIALIAS TRUE
    END
  END
  CLASS
    NAME 'ice'
    EXPRESSION ([cond_code] = 35)
    STYLE
      COLOR 220 220 220
      WIDTH 7.0
    END
    STYLE
      COLOR 181 0 181
      WIDTH 5
      ANTIALIAS TRUE
    END
  END


  CLASS
    NAME 'snow'
    EXPRESSION ([cond_code] = 39)
    STYLE
      COLOR 220 220 220
      WIDTH 7.0
    END
    STYLE
      COLOR  153 255 255
      WIDTH 5
      ANTIALIAS TRUE
    END
  END
  CLASS
    NAME 'snow'
    EXPRESSION ([cond_code] = 43)
    STYLE
      COLOR 220 220 220
      WIDTH 7.0
    END
    STYLE
      COLOR  0 153 254
      WIDTH 5
      ANTIALIAS TRUE
    END
  END
  CLASS
    NAME 'snow'
    EXPRESSION ([cond_code] = 47)
    STYLE
      COLOR 220 220 220
      WIDTH 7.0
    END
    STYLE
      COLOR  0 0 158
      WIDTH 5
      ANTIALIAS TRUE
    END
  END


#  CLASS
#    NAME 'others'
#    STYLE
#      COLOR 220 220 220
#      WIDTH 5
#      ANTIALIAS TRUE
#    END
#  END
  TOLERANCE 50
END


LAYER
  NAME states
  STATUS OFF
  TYPE LINE
  DATA /mesonet/data/gis/static/shape/26915/us/states.shp
  METADATA
    "wms_title" "US States"
     "wms_srs" "EPSG:4236"  # Specify as Latlong?
  END
  PROJECTION
    "init=epsg:26915"
  END
  CLASS
    STYLE
      COLOR 200 200 200
      WIDTH 3
      ANTIALIAS TRUE
    END
  END
END

LAYER
  NAME colorkey-small
  TYPE POINT
  STATUS OFF
  TRANSFORM FALSE
  FEATURE
    #POINTS 320 425 END
    POINTS 160 30 END
  END
  LABELCACHE ON
  CLASS
    STYLE
      SYMBOL 'logokey'
    END
  END
END

LAYER
  NAME colorkey
  TYPE POINT
  STATUS OFF
  TRANSFORM FALSE
  FEATURE
    #POINTS 320 425 END
    POINTS 320 73 END
  END
  LABELCACHE ON
  CLASS
    LABEL
    END
    STYLE
      SYMBOL 'logokey'
    END
  END
END

LAYER
  NAME iemlogo
  TYPE POINT
  STATUS OFF
  TRANSFORM FALSE
  FEATURE
    #POINTS 320 425 END
    POINTS 80 390 END
  END
  LABELCACHE ON
  CLASS
    LABEL
    END
    STYLE
      SYMBOL 'iem_isp'
    END
  END
END

LAYER
  NAME ia511
  TYPE POINT
  STATUS OFF
  TRANSFORM FALSE
  FEATURE
    #POINTS 320 425 END
    POINTS 570 380 END
  END
  LABELCACHE ON
  CLASS
    LABEL
    END
    STYLE
      SIZE 55
      SYMBOL 'ia511'
    END
  END
END

LAYER
  NAME credits
  TYPE POINT
  STATUS OFF
  TRANSFORM FALSE
  LABELCACHE ON
 METADATA
  "show_in_legend" "0"
 END
  CLASS
    NAME 'credits'
    LABEL
     COLOR  255 255 255
     OUTLINECOLOR 0 0 0
     FONT "liberation-mono"
     TYPE truetype
     SIZE 20
     POSITION CR
     PARTIALS TRUE
    END
  END
  CLASS
    NAME 'foggy'
    LABEL
      COLOR 200 200 200
      TYPE BITMAP
      SIZE medium
      POSITION CR
    END
  END
END

END
