MAP
#
# Start of map file
#
NAME stations
STATUS ON
SIZE 640 480
#SYMBOLSET symbols/symbol.sym
FONTSET "/mesonet/data/gis/fonts/fonts.list"
#EXTENT -2223813 -1746393 2207341 1701506
#UNITS METERS
EXTENT -99 38 -90 46
UNITS DD
#SHAPEPATH "/mesonet/data/gis/"
SYMBOLSET "/mesonet/data/gis/symbols/stations.sym"
IMAGECOLOR 255 255 255
IMAGETYPE PNG
TRANSPARENT off
INTERLACE off

#
# Projection definition, consult the PROJ.4 documentation for parameter discussion
#
PROJECTION
  "proj=latlong"
END

#
# Start of web interface definition
#
WEB
  HEADER q_header.html
  TEMPLATE warning0.html
  FOOTER q_footer.html
  MINSCALE 90000
  MAXSCALE 40000000
  IMAGEPATH "/var/www/htdocs/tmp/"
  IMAGEURL "/tmp/"
  LOG "/var/www/htdocs/tmp/iawarn.log"
END



SCALEBAR
  IMAGECOLOR 255 255 255
  LABEL
    COLOR 0 0 0
    SIZE tiny
  END
  STYLE 1
  SIZE 50 2
  COLOR 0 0 0
  UNITS MILES
  INTERVALS 1
  TRANSPARENT TRUE
  STATUS TRUE
END

LAYER
  NAME radar
  DATA /mesonet/data/gis/images/unproj/USCOMP/n0r_0.png
  TYPE RASTER
  STATUS ON
  PROJECTION
   "proj=latlong"
  END
  OFFSITE 0
END


LAYER
  NAME states
  STATUS DEFAULT
  TYPE POLYGON
  DATA /mesonet/data/gis/static/shape/4326/us/states.shp
  PROJECTION
   "proj=latlong"
  END
  CLASS
    OUTLINECOLOR 0 0 0
  END
END

LAYER
  NAME iowa_counties
  STATUS ON
  TYPE POLYGON
  DATA /mesonet/data/gis/static/shape/4326/us/uscounties.shp
  PROJECTION
   "proj=latlong"
  END
  CLASSITEM 'FIPS'
  CLASS
    EXPRESSION /19043/
    OUTLINECOLOR 0 0 0
    COLOR 0 0 0
    BACKGROUNDCOLOR 0 0 0
    SYMBOL 1
    SIZE 3
  END
  CLASS
    OUTLINECOLOR 255 0 0
    COLOR -1 -1 -1
  END
END

LAYER
  NAME more_counties
  STATUS ON
  TYPE POLYGON
  DATA /mesonet/data/gis/static/shape/4326/us/uscounties.shp
  PROJECTION
   "proj=latlong"
  END
  CLASS
    OUTLINECOLOR 255 0 0
    COLOR -1 -1 -1
  END
END



LAYER
  NAME cwas
  STATUS ON
  TYPE POLYGON
  DATA /mesonet/data/gis/static/shape/4326/iem/cwas.shp
  PROJECTION
   "proj=latlong"
  END
  LABELITEM "WFO"
  CLASSITEM "WFO"
  CLASS
    EXPRESSION /DMX|ABR/
    OUTLINECOLOR -1 -1 -1
    COLOR 200 200 200
    LABEL
      COLOR 0 0 255
      BACKGROUNDCOLOR -1 -1 -1
      OUTLINECOLOR -1 -1 -1
      TYPE TRUETYPE
      SIZE 12
      FONT 'arial'
      POSITION CC
      PARTIALS FALSE
    END
  END
  CLASS
    EXPRESSION /DVN|FSD/
    OUTLINECOLOR -1 -1 -1
    COLOR 240 248 255
    LABEL
      COLOR 0 0 255
      BACKGROUNDCOLOR -1 -1 -1
      OUTLINECOLOR -1 -1 -1
      TYPE TRUETYPE
      SIZE 12
      FONT 'arial'
      POSITION CC
      PARTIALS FALSE
    END
  END
  CLASS
    EXPRESSION /MPX|EAX|UNR/
    OUTLINECOLOR -1 -1 -1
    COLOR 250 235 215
    LABEL
      COLOR 0 0 255
      BACKGROUNDCOLOR -1 -1 -1
      OUTLINECOLOR -1 -1 -1
      TYPE TRUETYPE
      SIZE 12
      FONT 'arial'
      POSITION CC
      PARTIALS FALSE
    END
  END
  CLASS
    EXPRESSION /OAX|ARX/
    OUTLINECOLOR -1 -1 -1
    COLOR 255 182 193
    LABEL
      COLOR 0 0 255
      BACKGROUNDCOLOR -1 -1 -1
      OUTLINECOLOR -1 -1 -1
      TYPE TRUETYPE
      SIZE 12
      FONT 'arial'
      POSITION CC
      PARTIALS FALSE
    END
  END
END



LAYER
  CONNECTIONTYPE postgis
  NAME warnings0_c
  CONNECTION "user=akrherz dbname=postgis host=mesonet.agron.iastate.edu"
  DATA "geom from warnings"
  STATUS ON
  TYPE POLYGON
  TEMPLATE q_template.html
  FILTER "expire > CURRENT_TIMESTAMP and gtype = 'C'"
  PROJECTION
   "proj=latlong"
  END
  CLASS
    COLOR -1 -1 -1
    BACKGROUNDCOLOR 0 0 0
    OUTLINECOLOR 0 0 0
    SYMBOL 1
    SIZE 2
  END
END


LAYER
  CONNECTIONTYPE postgis
  NAME warnings0_p
  CONNECTION "user=akrherz dbname=postgis host=mesonet.agron.iastate.edu"
  DATA "geom from warnings"
  STATUS ON
  TYPE POLYGON
  TEMPLATE q_template.html
  FILTER "expire > CURRENT_TIMESTAMP and gtype = 'P'"
  PROJECTION
   "proj=latlong"
  END
  CLASS
    COLOR -1 -1 -1
    BACKGROUNDCOLOR 255 0 0
    OUTLINECOLOR 255 0 0
    SYMBOL 1
    SIZE 2
  END
END

END
