MAP
#
# Start of map file
#
NAME "iemtest"
STATUS OFF
SIZE 450 350
#SYMBOLSET symbols/symbol.sym
#FONTSET "/mesonet/data/gis/fonts/fonts.list"
EXTENT 200000 4400000 710000 4900000
UNITS METERS
IMAGECOLOR -1 -1 -1


#
# Projection definition, consult the PROJ.4 documentation for parameter discussion
#
PROJECTION
   "init=epsg:26915"
END

#
# Start of web interface definition
#
WEB
#  HEADER ia_header.html
  TEMPLATE ia.html
#  FOOTER ia_footer.html
  IMAGEPATH "/var/webtmp/"
  IMAGEURL "/tmp/"
  #LOG "/var/webtmp/w0.log"
  METADATA
   "wms_title" "IEM WMS KCCI-TV Super DopplerHD"
   "wms_onlineresource" "https://mesonet.agron.iastate.edu/cgi-bin/wms/iowa/kcci.cgi?"
   "wms_srs" "EPSG:26915 EPSG:4326 EPSG:3857"
   "wms_abstract" "IEM feed of KCCI-TV SuperDopperHD RADAR"
   "wms_keywords" "KCCI"
   "wms_accessconstraints" "None"
   "wms_contactperson" "Daryl Herzmann"
   "wms_contactorganization" "Iowa State University"
      "wms_enable_request" "*"
      "wms_allow_getmap_without_styles" "true"
  END
END

LAYER
  NAME kccidoppler
  DATA  "/mesonet/ldmdata/gis/images/26915/KCCI/KCCI_N0R_0.png"
  STATUS OFF
  TYPE RASTER
  METADATA
    "wms_title" "KCCI Super DopplerHD"
   "wms_srs" "EPSG:26915 EPSG:4326 EPSG:3857"
  END
  PROJECTION
    "init=epsg:26915"
  END
  OFFSITE 0 0 0
END

END
