MAP
#
NAME road_conditions
STATUS ON
SIZE 640 480
EXTENT -97 40 -89 44
UNITS DD
IMAGECOLOR 140 144 90
IMAGETYPE PNG24
SYMBOLSET "/opt/iem/data/gis/stations.sym"


#
WEB
  TEMPLATE "test.html"
  IMAGEPATH "/var/webtmp/"
  IMAGEURL "/tmp/"
  METADATA
    "wms_title"	"IEM Iowa Road Conditions"
    "wms_onlineresource" "https://mesonet.agron.iastate.edu/cgi-bin/wms/iowa/roadcond.cgi"
    "wms_srs"	"EPSG:4326 EPSG:26915"
    "wms_abstract" "Ba Ba Ba"
    "wms_fees" "None"
    "wms_keywordlist" "Ba"
    "wms_accessconstraints" "None"
    "wms_contactperson" "Daryl Herzmann"
    "wms_contactorganization" "Iowa State University"
    "wms_encoding" "ISO-8859-1"
    "ows_schemas_location" "http://ogc.dmsolutions.ca"
    "wms_enable_request" "*"
  END
END
 
PROJECTION
	"init=epsg:4326"
END

OUTPUTFORMAT
  NAME PNG24
  MIMETYPE "image/png"
  DRIVER "GD/PNG"
  IMAGEMODE RGB
  TRANSPARENT OFF
END




LEGEND
  KEYSIZE 18 12
  LABEL
    TYPE BITMAP
    SIZE MEDIUM
    COLOR 0 0 89
  END
  STATUS ON
END

SCALEBAR
  IMAGECOLOR 255 255 255
  LABEL
    COLOR 0 0 0
    SIZE SMALL
  END
  SIZE 150 5
  COLOR 255 255 255
  BACKGROUNDCOLOR 0 0 0
  OUTLINECOLOR 0 0 0
  UNITS miles
  INTERVALS 5
  STATUS ON
END


QUERYMAP
  STYLE HILITE
  COLOR 255 0 0
END

#
LAYER
  CONNECTIONTYPE postgis
  NAME "roadcond-noninterstate"
  DUMP true
  CONNECTION "user=nobody dbname=postgis host=iemdb-postgis.local"
  DATA "mygeom from (select b.type as rtype, b.int1, random() as boid, b.segid, c.cond_code, ST_Transform(b.geom,4326) as mygeom from roads_base b, roads_current c WHERE b.segid = c.segid and b.type > 1 ORDER by b.segid DESC) as foo using UNIQUE boid using SRID=26915"
  STATUS ON
  TYPE LINE
  DUMP TRUE
  METADATA
    "wms_title" "Iowa Non-Interstates Conditions"
    "wms_srs"   "EPSG:4326 EPSG:26915 EPSG:900913 EPSG:3857 EPSG:102113 EPSG:102100"
    "wms_extent" "-97 40 -89 44"
  END
  PROJECTION
   "init=epsg:4326"
  END
  TEMPLATE "roadsq.html"
  LABELCACHE ON
  CLASS
    NAME 'normal'
    EXPRESSION ([cond_code] = 0)
    STYLE
      COLOR 153 153 153
      SIZE 5
      SYMBOL 'circle'
    END
    STYLE
      COLOR 0 0 0
      WIDTH 3
      ANTIALIAS TRUE
    END
  END
  CLASS
    NAME 'wet'
    EXPRESSION ([cond_code] = 1)
    STYLE
      COLOR 0 0 0
      SIZE 5
      SYMBOL 'circle'
    END
    STYLE
      COLOR 0 204 0
      WIDTH 3
      ANTIALIAS TRUE
    END
  END
  CLASS
    NAME 'frost'
    EXPRESSION ([cond_code] >= 3 and [cond_code] <= 14)
    STYLE
      COLOR 0 0 0
      SIZE 5
      SYMBOL 'circle'
    END
    STYLE
      #COLOR  152 152 152
      COLOR  240 240 0
      WIDTH 3
      ANTIALIAS TRUE
    END
  END
  CLASS
    NAME 'closed'
    EXPRESSION ([cond_code] = 86)
    STYLE
      COLOR 250 250 0
      WIDTH 7
      ANTIALIAS TRUE
    END
    STYLE
      COLOR 230 0 0
      SIZE 5
      SYMBOL 'circle'
    END
    STYLE
      COLOR  250 250 0
      SIZE 3
      SYMBOL 'circle'
    END
  END
  CLASS
    NAME 'not advised'
    EXPRESSION ([cond_code] = 51)
    STYLE
      COLOR 0 0 0
      SIZE 5
      SYMBOL 'circle'
    END
    STYLE
      COLOR  232 95 1
      WIDTH 3
      ANTIALIAS TRUE
    END
  END
  # SLUSH!
  CLASS
    NAME 'pc-mix'
    EXPRESSION ([cond_code] = 56 or [cond_code] = 27 or [cond_code] = 15)
    STYLE
      COLOR 0 0 0
      SIZE 5
      SYMBOL 'circle'
    END
    STYLE
      COLOR 255 197 197
      WIDTH 3
      ANTIALIAS TRUE
    END
  END
  CLASS
    NAME 'mc-mix'
    EXPRESSION ([cond_code] = 60 or [cond_code] = 31 or [cond_code] = 19)
    STYLE
      COLOR 0 0 0
      SIZE 5
      SYMBOL 'circle'
    END
    STYLE
      COLOR 254 51 153
      WIDTH 3
      ANTIALIAS TRUE
    END
  END
  CLASS
    NAME 'cc-mix'
    EXPRESSION ([cond_code] = 64 or [cond_code] = 35 or [cond_code] = 23)
    STYLE
      COLOR 0 0 0
      SIZE 5
      SYMBOL 'circle'
    END
    STYLE
      COLOR 181 0 181
      WIDTH 3
      ANTIALIAS TRUE
    END
  END
 # Snow!
  CLASS
    NAME 'pc-snow'
    EXPRESSION ([cond_code] = 39)
    STYLE
      COLOR 0 0 0
      SIZE 5
      SYMBOL 'circle'
    END
    STYLE
      COLOR  153 255 255
      WIDTH 3
      ANTIALIAS TRUE
    END
  END
  CLASS
    NAME 'mc-snow'
    EXPRESSION ([cond_code] = 43)
    STYLE
      COLOR 0 0 0
      SIZE 5
      SYMBOL 'circle'
    END
    STYLE
      COLOR  0 153 254
      WIDTH 3
      ANTIALIAS TRUE
    END
  END
  CLASS
    NAME 'cc-snow'
    EXPRESSION ([cond_code] = 47)
    STYLE
      COLOR 0 0 0
      SIZE 5
      SYMBOL 'circle'
    END
    STYLE
      COLOR  0 0 158
      WIDTH 3
      ANTIALIAS TRUE
    END
  END

#  CLASS
#    NAME 'others'
#    STYLE
#      COLOR 255 255 0
#      WIDTH 3
#      ANTIALIAS TRUE
#    END
#  END
  TOLERANCE 50
END

#____________________
#  We label interstates a bit larger!
#
LAYER
  CONNECTIONTYPE postgis
  NAME "roadcond-interstate"
  DUMP true
  CONNECTION "user=nobody dbname=postgis host=iemdb-postgis.local"
  DATA "mygeom from (select b.type as rtype, b.int1, random() as boid, b.segid, c.cond_code, ST_Transform(b.geom,4326) as mygeom from roads_base b, roads_current c WHERE b.segid = c.segid and b.type = 1 ORDER by b.segid DESC) as foo using UNIQUE boid using SRID=26915"
  STATUS ON
  TYPE LINE
  METADATA
    "wms_title" "Iowa Interstates Conditions"
    "wms_srs"   "EPSG:4326 EPSG:26915 EPSG:900913 EPSG:3857 EPSG:102113 EPSG:102100"
    "wms_extent" "-97 40 -89 44"
  END
  TRANSPARENCY ALPHA
  PROJECTION
   "init=epsg:4326"
  END
  TEMPLATE "roadsq.html"
  LABELCACHE ON
  CLASS
    NAME 'normal'
    EXPRESSION ([cond_code] = 0)
    STYLE
      COLOR 220 220 220
      SIZE 7
      SYMBOL 'circle'
    END
    STYLE
      COLOR 0 0 0
      WIDTH 5
      ANTIALIAS TRUE
    END
  END
  CLASS
    NAME 'wet'
    EXPRESSION ([cond_code] = 1)
    STYLE
      COLOR 220 220 220
      SIZE 7
      SYMBOL 'circle'
    END
    STYLE
      COLOR 0 204 0
      WIDTH 5
      ANTIALIAS TRUE
    END
  END
  CLASS
    NAME 'frost'
    EXPRESSION ([cond_code] >= 3 and [cond_code] <= 14)
    STYLE
      COLOR 220 220 220
      SIZE 7
      SYMBOL 'circle'
    END
    STYLE
      COLOR  152 152 152
      WIDTH 5
      ANTIALIAS TRUE
    END
  END

  CLASS
    NAME 'closed-int'
    EXPRESSION ([cond_code] = 86)
    STYLE
      COLOR 250 250 0
      WIDTH 7
      ANTIALIAS TRUE
    END
    STYLE
      COLOR 230 0 0
      SIZE 5
      SYMBOL 'circle'
    END
    STYLE
      COLOR  250 250 0
      SIZE 3
      SYMBOL 'fill45'
    END
  END
  CLASS
    NAME 'not advised'
    EXPRESSION ([cond_code] = 51)
    STYLE
      COLOR 220 220 220
      SIZE 7
      SYMBOL 'circle'
    END
    STYLE
      COLOR  232 95 1
      WIDTH 5
      ANTIALIAS TRUE
    END
  END
  # SLUSH!
  CLASS
    NAME 'pc-mix'
    EXPRESSION ([cond_code] = 56 or [cond_code] = 27 or [cond_code] = 15)
    STYLE
      COLOR 0 0 0
      SIZE 7
      SYMBOL 'circle'
    END
    STYLE
      COLOR 255 197 197
      WIDTH 5
      ANTIALIAS TRUE
    END
  END
  CLASS
    NAME 'mc-mix'
    EXPRESSION ([cond_code] = 60 or [cond_code] = 31 or [cond_code] = 19)
    STYLE
      COLOR 0 0 0
      SIZE 7
      SYMBOL 'circle'
    END
    STYLE
      COLOR 254 51 153
      WIDTH 5
      ANTIALIAS TRUE
    END
  END
  CLASS
    NAME 'cc-mix'
    EXPRESSION ([cond_code] = 64 or [cond_code] = 35 or [cond_code] = 23)
    STYLE
      COLOR 0 0 0
      SIZE 7
      SYMBOL 'circle'
    END
    STYLE
      COLOR 181 0 181
      WIDTH 5
      ANTIALIAS TRUE
    END
  END
  CLASS
    NAME 'snow'
    EXPRESSION ([cond_code] = 39)
    STYLE
      COLOR 220 220 220
      SIZE 7
      SYMBOL 'circle'
    END
    STYLE
      COLOR  153 255 255
      WIDTH 5
      ANTIALIAS TRUE
    END
  END
  CLASS
    NAME 'snow'
    EXPRESSION ([cond_code] = 43)
    STYLE
      COLOR 220 220 220
      SIZE 7
      SYMBOL 'circle'
    END
    STYLE
      COLOR  0 153 254
      WIDTH 5
      ANTIALIAS TRUE
    END
  END
  CLASS
    NAME 'snow'
    EXPRESSION ([cond_code] = 47)
    STYLE
      COLOR 220 220 220
      SIZE 7
      SYMBOL 'circle'
    END
    STYLE
      COLOR  0 0 158
      WIDTH 5
      ANTIALIAS TRUE
    END
  END


#  CLASS
#    NAME 'others'
#    STYLE
#      COLOR 220 220 220
#      WIDTH 5
#      ANTIALIAS TRUE
#    END
#  END
  TOLERANCE 50
END

END
