MAP

NAME "weatherwarn"
STATUS ON
SIZE 450 350
FONTSET "/opt/iem/data/gis/fonts.list"
EXTENT -155.0 15.0 -30.0 70.0
UNITS DD
SHAPEPATH "/mesonet/data/gis/static/"
SYMBOLSET "/opt/iem/data/gis/symbols/stations.sym"
IMAGECOLOR -1 -1 -1


#
# Projection definition, consult the PROJ.4 documentation for parameter discussion
#
PROJECTION
   "init=epsg:4326"
END

#
# Start of web interface definition
#
WEB
#  HEADER ia_header.html
  TEMPLATE img.html
#  FOOTER ia_footer.html
  IMAGEPATH "/var/webtmp/"
  IMAGEURL "/tmp/"
  #LOG "/tmp/w0.log"
  METADATA
   "wfs_title" "IEM Weather Warnings"
   "ows_service_onlineresource" "https://mesonet.agron.iastate.edu/cgi-bin/mapserv/mapserv?map=/opt/iem/data/wfs/ww.map&amp;"
   "wfs_srs" "EPSG:4326"
   "wfs_abstract" "Archived NWS Watch, Warning, Advisories"
   "ows_fees" "None"
   "wfs_keywords" "Ba"
   "ows_keywordlist" "NWS,Warnings"
   "wfs_accessconstraints" "None"
   "wfs_contactperson" "Daryl Herzmann"
   "ows_contactposition" "Assistant Scientist"
   "ows_contactvoicetelephone" "515-294-5978"
   "ows_contactfacsimiletelephone" "515-294-5978"
   "wfs_contactorganization" "Iowa State University"
   "ows_address" "3015 Agronomy Hall"
   "ows_city" "Ames"
   "ows_stateorprovince" "Iowa"
   "ows_country" "USA"
   "ows_contactelectronicmailaddress" "akrherz@iastate.edu"
   "ows_hoursofservice" "24x7"
   "ows_contactinstructions" "email"
   "ows_role" "Owner"
   "ows_postcode" "50014"
   "ows_enable_request" "*"
  END
END

LAYER
  NAME counties
  STATUS DEFAULT
  TYPE POLYGON
  DATA shape/4326/iowa/iacounties.shp
  METADATA 
    "wfs_title" "Iowa Counties"
     "wfs_srs" "EPSG:4326"
  END
  PROJECTION
    "init=epsg:4326"
  END
  CLASS
    STYLE
      COLOR -1 -1 -1
      OUTLINECOLOR 0 0 0
    END
  END
END


LAYER
  CONNECTIONTYPE postgis
  NAME archwarn_county
  CONNECTION "user=nobody dbname=postgis host=iemdb-postgis.local"
  DATA "geom from (select u.geom, phenomena, issue, expire, w.wfo,  significance, eventid, random() as boid from warnings_%YEAR% w JOIN ugcs u on (u.gid = w.gid) WHERE expire < '%ENDTS%' and issue > '%STARTTS%' and issue < '%ENDTS%' ORDER by expire, phenomena ASC) as foo USING unique boid USING SRID=4326"
  STATUS ON
  TYPE POLYGON
  PROJECTION
   "init=epsg:4326"
  END
  METADATA
    "wfs_title" "County Based Warnings"
    "wfs_srs" "EPSG:4326"
    "gml_featureid" "OID"
    "gml_include_items" "all" 
  END
  CLASSITEM "phenomena"
  CLASS
    EXPRESSION 'TO'
    STYLE
      COLOR -1 -1 -1
      OUTLINECOLOR 255 0 0
      SIZE 2
      SYMBOL 1
    END
  END
  CLASS
    EXPRESSION 'SV'
    STYLE
      COLOR -1 -1 -1
      OUTLINECOLOR 255 255 0
      SIZE 2
      SYMBOL 1
    END
  END
  CLASS
    EXPRESSION 'FF'
    STYLE
      COLOR -1 -1 -1
      OUTLINECOLOR 0 255 0
      SIZE 2
      SYMBOL 1
    END
  END
END


LAYER
  CONNECTIONTYPE postgis
  NAME archwarn_polygon
  CONNECTION "user=nobody dbname=postgis host=iemdb-postgis.local"
  DATA "geom from (select u.geom, phenomena, issue, expire, w.wfo,  significance, eventid, random() as oid from sbw_%YEAR% w JOIN ugcs u on (u.gid = w.gid) WHERE status = 'NEW' and expire < '%ENDTS%' and issue > '%STARTTS%' and issue < '%ENDTS%' ORDER by expire, phenomena ASC) as foo USING unique oid USING SRID=4326"
  STATUS ON
  TYPE POLYGON
  PROJECTION
   "init=epsg:4326"
  END
  METADATA
    "wfs_title" "Polygon Based Warnings"
    "wfs_srs" "EPSG:4326"
    "gml_featureid" "OID"
    "gml_include_items" "all" 
  END
  CLASSITEM 'phenomena'
  CLASS
        EXPRESSION /TO|SV/
    STYLE
      COLOR -1 -1 -1
      OUTLINECOLOR 255 255 255
      SYMBOL 1
      SIZE 1
    END
  END
END


LAYER
  CONNECTIONTYPE postgis
  NAME warn_polygon
  CONNECTION "user=nobody dbname=postgis host=iemdb-postgis.local"
  DATA "geom from (select w.geom, phenomena, issue, expire, w.wfo,  significance, eventid, random() as oid from sbw w  WHERE status = 'NEW' and expire > CURRENT_TIMESTAMP ORDER by expire, phenomena ASC) as foo USING unique oid USING SRID=4326"
  STATUS ON
  TYPE POLYGON
  PROJECTION
   "init=epsg:4326"
  END
  METADATA
    "wfs_title" "Current Polygon Based Warnings"
    "wfs_srs" "EPSG:4326"
    "gml_featureid" "OID"
    "gml_include_items" "all" 
  END
  CLASSITEM 'phenomena'
  CLASS
        EXPRESSION /TO|SV/
    STYLE
      COLOR -1 -1 -1
      OUTLINECOLOR 255 255 255
      SYMBOL 1
      SIZE 1
    END
  END
END

LAYER
  CONNECTIONTYPE postgis
  NAME warn_county
  CONNECTION "user=nobody dbname=postgis host=iemdb-postgis.local"
  DATA "geom from (select u.geom, phenomena, issue, expire, w.wfo, significance, eventid,  significance, eventid, random() as oid from warnings w JOIN ugcs u on (u.gid = w.gid) WHERE  expire > CURRENT_TIMESTAMP ORDER by expire, phenomena ASC) as foo USING unique oid USING SRID=4326"
  STATUS ON
  TYPE POLYGON
  PROJECTION
   "init=epsg:4326"
  END
  METADATA
    "wfs_title" "Current County Based Warnings"
    "wfs_srs" "EPSG:4326"
    "gml_featureid" "OID"
    "gml_include_items" "all" 
  END
  CLASSITEM "phenomena"
  CLASS
    EXPRESSION 'TO'
    STYLE
      COLOR -1 -1 -1
      OUTLINECOLOR 255 0 0
      SIZE 2
      SYMBOL 1
    END
  END
  CLASS
    EXPRESSION 'SV'
    STYLE
      COLOR -1 -1 -1
      OUTLINECOLOR 255 255 0
      SIZE 2
      SYMBOL 1
    END
  END
  CLASS
    EXPRESSION 'FF'
    STYLE
      COLOR -1 -1 -1
      OUTLINECOLOR 0 255 0
      SIZE 2
      SYMBOL 1
    END
  END
END


END
