MAP
#
# Start of map file
#
NAME "nexrad_base_reflect"
STATUS ON
SIZE 450 350
#SYMBOLSET symbols/symbol.sym
EXTENT -126 24 -66 50
UNITS DD
SHAPEPATH "/mesonet/data/gis/"
IMAGECOLOR -1 -1 -1
#CONFIG "ON_MISSING_DATA" "IGNORE"


#
# Projection definition, consult the PROJ.4 documentation for parameter discussion
#
PROJECTION
   "init=epsg:4326"
END

#
# Start of web interface definition
#
WEB
#  HEADER ia_header.html
  TEMPLATE ia.html
#  FOOTER ia_footer.html
  MINSCALE 0
  MAXSCALE 465000000
  IMAGEPATH "/var/webtmp/"
  IMAGEURL "/tmp/"
  #LOG "/tmp/n0q-w0.log"
  METADATA
   "wms_title" "IEM WMS Service"
   "wms_onlineresource" "https://mesonet.agron.iastate.edu/cgi-bin/wms/nexrad/n0q.cgi?"
   "wms_srs" "EPSG:4326 EPSG:900913 EPSG:102100 EPSG:3857"
   "wms_abstract" "IEM generated CONUS composite of NWS WSR-88D level III base reflectivity."
   "wms_keywords" "NEXRAD,n0q"
   "wms_accessconstraints" "None"
   "wms_contactperson" "Daryl Herzmann"
   "wms_contactorganization" "Iowa State University"
    "wms_enable_request" "*"
    "ows_http_max_age" "300"
  END
END

#------------------------------------------------------
#


LAYER
  NAME "nexrad-n0q-900913-conus"
  GROUP "nexrad-n0q-900913"
  STATUS ON
  DATA "/mesonet/ldmdata/gis/images/900913/USCOMP/n0q_0.tif"
  TYPE RASTER
  MINSCALE 0
  MAXSCALE 4650000000000000
  PROJECTION
    "init=epsg:3857"
  END
  METADATA
    "wms_title" "NEXRAD BASE REFLECT (GOOGLE)"
    "wms_srs"   "EPSG:900913 EPSG:4326 EPSG:102100 EPSG:3857"
    "wms_extent" "-126 24 -66 50"
  END
  OFFSITE 0 0 0
  PROCESSING "CLOSE_CONNECTION=NORMAL"
END

LAYER
  NAME "nexrad-n0q-900913-ak"
  GROUP "nexrad-n0q-900913"
  STATUS ON
  DATA "/mesonet/ldmdata/gis/images/900913/AKCOMP/n0q_0.tif"
  TYPE RASTER
  MINSCALE 0
  MAXSCALE 4650000000000000
  PROJECTION
    "init=epsg:3857"
  END
  METADATA
    "wms_title" "NEXRAD BASE REFLECT (GOOGLE)"
    "wms_srs"   "EPSG:900913 EPSG:4326 EPSG:102100 EPSG:3857"
    "wms_extent" "-126 24 -66 50"
  END
  OFFSITE 0 0 0
  PROCESSING "CLOSE_CONNECTION=NORMAL"
END

LAYER
  NAME "nexrad-n0q-900913-hi"
  GROUP "nexrad-n0q-900913"
  STATUS ON
  DATA "/mesonet/ldmdata/gis/images/900913/HICOMP/n0q_0.tif"
  TYPE RASTER
  MINSCALE 0
  MAXSCALE 4650000000000000
  PROJECTION
    "init=epsg:3857"
  END
  METADATA
    "wms_title" "NEXRAD BASE REFLECT (GOOGLE)"
    "wms_srs"   "EPSG:900913 EPSG:4326 EPSG:102100 EPSG:3857"
    "wms_extent" "-126 24 -66 50"
  END
  OFFSITE 0 0 0
  PROCESSING "CLOSE_CONNECTION=NORMAL"
END
LAYER
  NAME "nexrad-n0q-900913-pr"
  GROUP "nexrad-n0q-900913"
  STATUS ON
  DATA "/mesonet/ldmdata/gis/images/900913/PRCOMP/n0q_0.tif"
  TYPE RASTER
  MINSCALE 0
  MAXSCALE 4650000000000000
  PROJECTION
    "init=epsg:3857"
  END
  METADATA
    "wms_title" "NEXRAD BASE REFLECT (GOOGLE)"
    "wms_srs"   "EPSG:900913 EPSG:4326 EPSG:102100 EPSG:3857"
    "wms_extent" "-126 24 -66 50"
  END
  OFFSITE 0 0 0
  PROCESSING "CLOSE_CONNECTION=NORMAL"
END

#-----------------------------------------
LAYER
  NAME "nexrad-n0q-900913-m05m-conus"
  GROUP "nexrad-n0q-900913-m05m"
  STATUS ON
  DATA "/mesonet/ldmdata/gis/images/900913/USCOMP/n0q_1.tif"
  TYPE RASTER
  MINSCALE 0
  MAXSCALE 4650000000000000
  PROJECTION
    "init=epsg:3857"
  END
  METADATA
    "wms_title" "NEXRAD BASE REFLECT (GOOGLE) M5 MINS"
    "wms_srs"   "EPSG:900913 EPSG:4326 EPSG:102100 EPSG:3857"
    "wms_extent" "-126 24 -66 50"
  END
  OFFSITE 0 0 0
  PROCESSING "CLOSE_CONNECTION=NORMAL"
END
LAYER
  NAME "nexrad-n0q-900913-m05m-hi"
  GROUP "nexrad-n0q-900913-m05m"
  STATUS ON
  DATA "/mesonet/ldmdata/gis/images/900913/HICOMP/n0q_1.tif"
  TYPE RASTER
  MINSCALE 0
  MAXSCALE 4650000000000000
  PROJECTION
    "init=epsg:3857"
  END
  METADATA
    "wms_title" "NEXRAD BASE REFLECT (GOOGLE) M5 MINS"
    "wms_srs"   "EPSG:900913 EPSG:4326 EPSG:102100 EPSG:3857"
    "wms_extent" "-126 24 -66 50"
  END
  OFFSITE 0 0 0
  PROCESSING "CLOSE_CONNECTION=NORMAL"
END
LAYER
  NAME "nexrad-n0q-900913-m05m-ak"
  GROUP "nexrad-n0q-900913-m05m"
  STATUS ON
  DATA "/mesonet/ldmdata/gis/images/900913/AKCOMP/n0q_1.tif"
  TYPE RASTER
  MINSCALE 0
  MAXSCALE 4650000000000000
  PROJECTION
    "init=epsg:3857"
  END
  METADATA
    "wms_title" "NEXRAD BASE REFLECT (GOOGLE) M5 MINS"
    "wms_srs"   "EPSG:900913 EPSG:4326 EPSG:102100 EPSG:3857"
    "wms_extent" "-126 24 -66 50"
  END
  OFFSITE 0 0 0
  PROCESSING "CLOSE_CONNECTION=NORMAL"
END
LAYER
  NAME "nexrad-n0q-900913-m05m-pr"
  GROUP "nexrad-n0q-900913-m05m"
  STATUS ON
  DATA "/mesonet/ldmdata/gis/images/900913/PRCOMP/n0q_1.tif"
  TYPE RASTER
  MINSCALE 0
  MAXSCALE 4650000000000000
  PROJECTION
    "init=epsg:3857"
  END
  METADATA
    "wms_title" "NEXRAD BASE REFLECT (GOOGLE) M5 MINS"
    "wms_srs"   "EPSG:900913 EPSG:4326 EPSG:102100 EPSG:3857"
    "wms_extent" "-126 24 -66 50"
  END
  OFFSITE 0 0 0
  PROCESSING "CLOSE_CONNECTION=NORMAL"
END
#-----------------------------------------
LAYER
  NAME "nexrad-n0q-900913-m10m-conus"
  GROUP "nexrad-n0q-900913-m10m"
  STATUS ON
  DATA "/mesonet/ldmdata/gis/images/900913/USCOMP/n0q_2.tif"
  TYPE RASTER
  MINSCALE 0
  MAXSCALE 4650000000000000
  PROJECTION
    "init=epsg:3857"
  END
  METADATA
    "wms_title" "NEXRAD BASE REFLECT (GOOGLE) M10 MINS"
    "wms_srs"   "EPSG:900913 EPSG:4326 EPSG:102100 EPSG:3857"
    "wms_extent" "-126 24 -66 50"
  END
  OFFSITE 0 0 0
  PROCESSING "CLOSE_CONNECTION=NORMAL"
END
LAYER
  NAME "nexrad-n0q-900913-m10m-ak"
  GROUP "nexrad-n0q-900913-m10m"
  STATUS ON
  DATA "/mesonet/ldmdata/gis/images/900913/AKCOMP/n0q_2.tif"
  TYPE RASTER
  MINSCALE 0
  MAXSCALE 4650000000000000
  PROJECTION
    "init=epsg:3857"
  END
  METADATA
    "wms_title" "NEXRAD BASE REFLECT (GOOGLE) M10 MINS"
    "wms_srs"   "EPSG:900913 EPSG:4326 EPSG:102100 EPSG:3857"
    "wms_extent" "-126 24 -66 50"
  END
  OFFSITE 0 0 0
  PROCESSING "CLOSE_CONNECTION=NORMAL"
END
LAYER
  NAME "nexrad-n0q-900913-m10m-hi"
  GROUP "nexrad-n0q-900913-m10m"
  STATUS ON
  DATA "/mesonet/ldmdata/gis/images/900913/HICOMP/n0q_2.tif"
  TYPE RASTER
  MINSCALE 0
  MAXSCALE 4650000000000000
  PROJECTION
    "init=epsg:3857"
  END
  METADATA
    "wms_title" "NEXRAD BASE REFLECT (GOOGLE) M10 MINS"
    "wms_srs"   "EPSG:900913 EPSG:4326 EPSG:102100 EPSG:3857"
    "wms_extent" "-126 24 -66 50"
  END
  OFFSITE 0 0 0
  PROCESSING "CLOSE_CONNECTION=NORMAL"
END
LAYER
  NAME "nexrad-n0q-900913-m10m-pr"
  GROUP "nexrad-n0q-900913-m10m"
  STATUS ON
  DATA "/mesonet/ldmdata/gis/images/900913/PRCOMP/n0q_2.tif"
  TYPE RASTER
  MINSCALE 0
  MAXSCALE 4650000000000000
  PROJECTION
    "init=epsg:3857"
  END
  METADATA
    "wms_title" "NEXRAD BASE REFLECT (GOOGLE) M10 MINS"
    "wms_srs"   "EPSG:900913 EPSG:4326 EPSG:102100 EPSG:3857"
    "wms_extent" "-126 24 -66 50"
  END
  OFFSITE 0 0 0
  PROCESSING "CLOSE_CONNECTION=NORMAL"
END
#-----------------------------------------
LAYER
  NAME "nexrad-n0q-900913-m15m-conus"
  GROUP "nexrad-n0q-900913-m15m"
  STATUS ON
  DATA "/mesonet/ldmdata/gis/images/900913/USCOMP/n0q_3.tif"
  TYPE RASTER
  MINSCALE 0
  MAXSCALE 4650000000000000
  PROJECTION
    "init=epsg:3857"
  END
  METADATA
    "wms_title" "NEXRAD BASE REFLECT (GOOGLE) M15 MINS"
    "wms_srs"   "EPSG:900913 EPSG:4326 EPSG:102100 EPSG:3857"
    "wms_extent" "-126 24 -66 50"
  END
  OFFSITE 0 0 0
  PROCESSING "CLOSE_CONNECTION=NORMAL"
END
LAYER
  NAME "nexrad-n0q-900913-m15m-ak"
  GROUP "nexrad-n0q-900913-m15m"
  STATUS ON
  DATA "/mesonet/ldmdata/gis/images/900913/AKCOMP/n0q_3.tif"
  TYPE RASTER
  MINSCALE 0
  MAXSCALE 4650000000000000
  PROJECTION
    "init=epsg:3857"
  END
  METADATA
    "wms_title" "NEXRAD BASE REFLECT (GOOGLE) M15 MINS"
    "wms_srs"   "EPSG:900913 EPSG:4326 EPSG:102100 EPSG:3857"
    "wms_extent" "-126 24 -66 50"
  END
  OFFSITE 0 0 0
  PROCESSING "CLOSE_CONNECTION=NORMAL"
END
LAYER
  NAME "nexrad-n0q-900913-m15m-hi"
  GROUP "nexrad-n0q-900913-m15m"
  STATUS ON
  DATA "/mesonet/ldmdata/gis/images/900913/HICOMP/n0q_3.tif"
  TYPE RASTER
  MINSCALE 0
  MAXSCALE 4650000000000000
  PROJECTION
    "init=epsg:3857"
  END
  METADATA
    "wms_title" "NEXRAD BASE REFLECT (GOOGLE) M15 MINS"
    "wms_srs"   "EPSG:900913 EPSG:4326 EPSG:102100 EPSG:3857"
    "wms_extent" "-126 24 -66 50"
  END
  OFFSITE 0 0 0
  PROCESSING "CLOSE_CONNECTION=NORMAL"
END
LAYER
  NAME "nexrad-n0q-900913-m15m-pr"
  GROUP "nexrad-n0q-900913-m15m"
  STATUS ON
  DATA "/mesonet/ldmdata/gis/images/900913/PRCOMP/n0q_3.tif"
  TYPE RASTER
  MINSCALE 0
  MAXSCALE 4650000000000000
  PROJECTION
    "init=epsg:3857"
  END
  METADATA
    "wms_title" "NEXRAD BASE REFLECT (GOOGLE) M10 MINS"
    "wms_srs"   "EPSG:900913 EPSG:4326 EPSG:102100 EPSG:3857"
    "wms_extent" "-126 24 -66 50"
  END
  OFFSITE 0 0 0
  PROCESSING "CLOSE_CONNECTION=NORMAL"
END
#--------------------------------------------
LAYER
  GROUP "nexrad-n0q-900913-m20m"
  NAME "nexrad-n0q-900913-m20m-conus"
  STATUS ON
  DATA "/mesonet/ldmdata/gis/images/900913/USCOMP/n0q_4.tif"
  TYPE RASTER
  MINSCALE 0
  MAXSCALE 4650000000000000
  PROJECTION
    "init=epsg:3857"
  END
  METADATA
    "wms_title" "NEXRAD BASE REFLECT (GOOGLE) M20 MINS"
    "wms_srs"   "EPSG:900913 EPSG:4326 EPSG:102100 EPSG:3857"
    "wms_extent" "-126 24 -66 50"
  END
  OFFSITE 0 0 0
  PROCESSING "CLOSE_CONNECTION=NORMAL"
END
LAYER
  GROUP "nexrad-n0q-900913-m20m"
  NAME "nexrad-n0q-900913-m20m-hi"
  STATUS ON
  DATA "/mesonet/ldmdata/gis/images/900913/HICOMP/n0q_4.tif"
  TYPE RASTER
  MINSCALE 0
  MAXSCALE 4650000000000000
  PROJECTION
    "init=epsg:3857"
  END
  METADATA
    "wms_title" "NEXRAD BASE REFLECT (GOOGLE) M20 MINS"
    "wms_srs"   "EPSG:900913 EPSG:4326 EPSG:102100 EPSG:3857"
    "wms_extent" "-126 24 -66 50"
  END
  OFFSITE 0 0 0
  PROCESSING "CLOSE_CONNECTION=NORMAL"
END
LAYER
  GROUP "nexrad-n0q-900913-m20m"
  NAME "nexrad-n0q-900913-m20m-ak"
  STATUS ON
  DATA "/mesonet/ldmdata/gis/images/900913/AKCOMP/n0q_4.tif"
  TYPE RASTER
  MINSCALE 0
  MAXSCALE 4650000000000000
  PROJECTION
    "init=epsg:3857"
  END
  METADATA
    "wms_title" "NEXRAD BASE REFLECT (GOOGLE) M20 MINS"
    "wms_srs"   "EPSG:900913 EPSG:4326 EPSG:102100 EPSG:3857"
    "wms_extent" "-126 24 -66 50"
  END
  OFFSITE 0 0 0
  PROCESSING "CLOSE_CONNECTION=NORMAL"
END
LAYER
  GROUP "nexrad-n0q-900913-m20m"
  NAME "nexrad-n0q-900913-m20m-pr"
  STATUS ON
  DATA "/mesonet/ldmdata/gis/images/900913/PRCOMP/n0q_4.tif"
  TYPE RASTER
  MINSCALE 0
  MAXSCALE 4650000000000000
  PROJECTION
    "init=epsg:3857"
  END
  METADATA
    "wms_title" "NEXRAD BASE REFLECT (GOOGLE) M20 MINS"
    "wms_srs"   "EPSG:900913 EPSG:4326 EPSG:102100 EPSG:3857"
    "wms_extent" "-126 24 -66 50"
  END
  OFFSITE 0 0 0
  PROCESSING "CLOSE_CONNECTION=NORMAL"
END
#-----------------------------------------------
LAYER
  GROUP "nexrad-n0q-900913-m25m"
  NAME "nexrad-n0q-900913-m25m-conus"
  STATUS ON
  DATA "/mesonet/ldmdata/gis/images/900913/USCOMP/n0q_5.tif"
  TYPE RASTER
  MINSCALE 0
  MAXSCALE 4650000000000000
  PROJECTION
    "init=epsg:3857"
  END
  METADATA
    "wms_title" "NEXRAD BASE REFLECT (GOOGLE) M25 MINS"
    "wms_srs"   "EPSG:900913 EPSG:4326 EPSG:102100 EPSG:3857"
    "wms_extent" "-126 24 -66 50"
  END
  OFFSITE 0 0 0
  PROCESSING "CLOSE_CONNECTION=NORMAL"
END
LAYER
  GROUP "nexrad-n0q-900913-m25m"
  NAME "nexrad-n0q-900913-m25m-hi"
  STATUS ON
  DATA "/mesonet/ldmdata/gis/images/900913/HICOMP/n0q_5.tif"
  TYPE RASTER
  MINSCALE 0
  MAXSCALE 4650000000000000
  PROJECTION
    "init=epsg:3857"
  END
  METADATA
    "wms_title" "NEXRAD BASE REFLECT (GOOGLE) M25 MINS"
    "wms_srs"   "EPSG:900913 EPSG:4326 EPSG:102100 EPSG:3857"
    "wms_extent" "-126 24 -66 50"
  END
  OFFSITE 0 0 0
  PROCESSING "CLOSE_CONNECTION=NORMAL"
END
LAYER
  GROUP "nexrad-n0q-900913-m25m"
  NAME "nexrad-n0q-900913-m25m-ak"
  STATUS ON
  DATA "/mesonet/ldmdata/gis/images/900913/AKCOMP/n0q_5.tif"
  TYPE RASTER
  MINSCALE 0
  MAXSCALE 4650000000000000
  PROJECTION
    "init=epsg:3857"
  END
  METADATA
    "wms_title" "NEXRAD BASE REFLECT (GOOGLE) M25 MINS"
    "wms_srs"   "EPSG:900913 EPSG:4326 EPSG:102100 EPSG:3857"
    "wms_extent" "-126 24 -66 50"
  END
  OFFSITE 0 0 0
  PROCESSING "CLOSE_CONNECTION=NORMAL"
END
LAYER
  GROUP "nexrad-n0q-900913-m25m"
  NAME "nexrad-n0q-900913-m25m-pr"
  STATUS ON
  DATA "/mesonet/ldmdata/gis/images/900913/PRCOMP/n0q_5.tif"
  TYPE RASTER
  MINSCALE 0
  MAXSCALE 4650000000000000
  PROJECTION
    "init=epsg:3857"
  END
  METADATA
    "wms_title" "NEXRAD BASE REFLECT (GOOGLE) M25 MINS"
    "wms_srs"   "EPSG:900913 EPSG:4326 EPSG:102100 EPSG:3857"
    "wms_extent" "-126 24 -66 50"
  END
  OFFSITE 0 0 0
  PROCESSING "CLOSE_CONNECTION=NORMAL"
END
#----------------------------------------------
LAYER
  NAME "nexrad-n0q-900913-m30m-conus"
  GROUP "nexrad-n0q-900913-m30m"
  STATUS ON
  DATA "/mesonet/ldmdata/gis/images/900913/USCOMP/n0q_6.tif"
  TYPE RASTER
  MINSCALE 0
  MAXSCALE 4650000000000000
  PROJECTION
    "init=epsg:3857"
  END
  METADATA
    "wms_title" "NEXRAD BASE REFLECT (GOOGLE) M30 MINS"
    "wms_srs"   "EPSG:900913 EPSG:4326 EPSG:102100 EPSG:3857"
    "wms_extent" "-126 24 -66 50"
  END
  OFFSITE 0 0 0
  PROCESSING "CLOSE_CONNECTION=NORMAL"
END
LAYER
  NAME "nexrad-n0q-900913-m30m-hi"
  GROUP "nexrad-n0q-900913-m30m"
  STATUS ON
  DATA "/mesonet/ldmdata/gis/images/900913/HICOMP/n0q_6.tif"
  TYPE RASTER
  MINSCALE 0
  MAXSCALE 4650000000000000
  PROJECTION
    "init=epsg:3857"
  END
  METADATA
    "wms_title" "NEXRAD BASE REFLECT (GOOGLE) M30 MINS"
    "wms_srs"   "EPSG:900913 EPSG:4326 EPSG:102100 EPSG:3857"
    "wms_extent" "-126 24 -66 50"
  END
  OFFSITE 0 0 0
  PROCESSING "CLOSE_CONNECTION=NORMAL"
END
LAYER
  NAME "nexrad-n0q-900913-m30m-ak"
  GROUP "nexrad-n0q-900913-m30m"
  STATUS ON
  DATA "/mesonet/ldmdata/gis/images/900913/AKCOMP/n0q_6.tif"
  TYPE RASTER
  MINSCALE 0
  MAXSCALE 4650000000000000
  PROJECTION
    "init=epsg:3857"
  END
  METADATA
    "wms_title" "NEXRAD BASE REFLECT (GOOGLE) M30 MINS"
    "wms_srs"   "EPSG:900913 EPSG:4326 EPSG:102100 EPSG:3857"
    "wms_extent" "-126 24 -66 50"
  END
  OFFSITE 0 0 0
  PROCESSING "CLOSE_CONNECTION=NORMAL"
END
LAYER
  NAME "nexrad-n0q-900913-m30m-pr"
  GROUP "nexrad-n0q-900913-m30m"
  STATUS ON
  DATA "/mesonet/ldmdata/gis/images/900913/PRCOMP/n0q_6.tif"
  TYPE RASTER
  MINSCALE 0
  MAXSCALE 4650000000000000
  PROJECTION
    "init=epsg:3857"
  END
  METADATA
    "wms_title" "NEXRAD BASE REFLECT (GOOGLE) M30 MINS"
    "wms_srs"   "EPSG:900913 EPSG:4326 EPSG:102100 EPSG:3857"
    "wms_extent" "-126 24 -66 50"
  END
  OFFSITE 0 0 0
  PROCESSING "CLOSE_CONNECTION=NORMAL"
END
#----------------------------------------------
LAYER
  GROUP "nexrad-n0q-900913-m35m"
  NAME "nexrad-n0q-900913-m35m-conus"
  STATUS ON
  DATA "/mesonet/ldmdata/gis/images/900913/USCOMP/n0q_7.tif"
  TYPE RASTER
  MINSCALE 0
  MAXSCALE 4650000000000000
  PROJECTION
    "init=epsg:3857"
  END
  METADATA
    "wms_title" "NEXRAD BASE REFLECT (GOOGLE) M35 MINS"
    "wms_srs"   "EPSG:900913 EPSG:4326 EPSG:102100 EPSG:3857"
    "wms_extent" "-126 24 -66 50"
  END
  OFFSITE 0 0 0
  PROCESSING "CLOSE_CONNECTION=NORMAL"
END
LAYER
  GROUP "nexrad-n0q-900913-m35m"
  NAME "nexrad-n0q-900913-m35m-hi"
  STATUS ON
  DATA "/mesonet/ldmdata/gis/images/900913/HICOMP/n0q_7.tif"
  TYPE RASTER
  MINSCALE 0
  MAXSCALE 4650000000000000
  PROJECTION
    "init=epsg:3857"
  END
  METADATA
    "wms_title" "NEXRAD BASE REFLECT (GOOGLE) M35 MINS"
    "wms_srs"   "EPSG:900913 EPSG:4326 EPSG:102100 EPSG:3857"
    "wms_extent" "-126 24 -66 50"
  END
  OFFSITE 0 0 0
  PROCESSING "CLOSE_CONNECTION=NORMAL"
END
LAYER
  GROUP "nexrad-n0q-900913-m35m"
  NAME "nexrad-n0q-900913-m35m-ak"
  STATUS ON
  DATA "/mesonet/ldmdata/gis/images/900913/AKCOMP/n0q_7.tif"
  TYPE RASTER
  MINSCALE 0
  MAXSCALE 4650000000000000
  PROJECTION
    "init=epsg:3857"
  END
  METADATA
    "wms_title" "NEXRAD BASE REFLECT (GOOGLE) M35 MINS"
    "wms_srs"   "EPSG:900913 EPSG:4326 EPSG:102100 EPSG:3857"
    "wms_extent" "-126 24 -66 50"
  END
  OFFSITE 0 0 0
  PROCESSING "CLOSE_CONNECTION=NORMAL"
END
LAYER
  GROUP "nexrad-n0q-900913-m35m"
  NAME "nexrad-n0q-900913-m35m-pr"
  STATUS ON
  DATA "/mesonet/ldmdata/gis/images/900913/PRCOMP/n0q_7.tif"
  TYPE RASTER
  MINSCALE 0
  MAXSCALE 4650000000000000
  PROJECTION
    "init=epsg:3857"
  END
  METADATA
    "wms_title" "NEXRAD BASE REFLECT (GOOGLE) M35 MINS"
    "wms_srs"   "EPSG:900913 EPSG:4326 EPSG:102100 EPSG:3857"
    "wms_extent" "-126 24 -66 50"
  END
  OFFSITE 0 0 0
  PROCESSING "CLOSE_CONNECTION=NORMAL"
END
#---------------------------------------
LAYER
  GROUP "nexrad-n0q-900913-m40m"
  NAME "nexrad-n0q-900913-m40m-conus"
  STATUS ON
  DATA "/mesonet/ldmdata/gis/images/900913/USCOMP/n0q_8.tif"
  TYPE RASTER
  MINSCALE 0
  MAXSCALE 4650000000000000
  PROJECTION
    "init=epsg:3857"
  END
  METADATA
    "wms_title" "NEXRAD BASE REFLECT (GOOGLE) M40 MINS"
    "wms_srs"   "EPSG:900913 EPSG:4326 EPSG:102100 EPSG:3857"
    "wms_extent" "-126 24 -66 50"
  END
  OFFSITE 0 0 0
  PROCESSING "CLOSE_CONNECTION=NORMAL"
END
LAYER
  GROUP "nexrad-n0q-900913-m40m"
  NAME "nexrad-n0q-900913-m40m-hi"
  STATUS ON
  DATA "/mesonet/ldmdata/gis/images/900913/HICOMP/n0q_8.tif"
  TYPE RASTER
  MINSCALE 0
  MAXSCALE 4650000000000000
  PROJECTION
    "init=epsg:3857"
  END
  METADATA
    "wms_title" "NEXRAD BASE REFLECT (GOOGLE) M40 MINS"
    "wms_srs"   "EPSG:900913 EPSG:4326 EPSG:102100 EPSG:3857"
    "wms_extent" "-126 24 -66 50"
  END
  OFFSITE 0 0 0
  PROCESSING "CLOSE_CONNECTION=NORMAL"
END
LAYER
  GROUP "nexrad-n0q-900913-m40m"
  NAME "nexrad-n0q-900913-m40m-ak"
  STATUS ON
  DATA "/mesonet/ldmdata/gis/images/900913/AKCOMP/n0q_8.tif"
  TYPE RASTER
  MINSCALE 0
  MAXSCALE 4650000000000000
  PROJECTION
    "init=epsg:3857"
  END
  METADATA
    "wms_title" "NEXRAD BASE REFLECT (GOOGLE) M40 MINS"
    "wms_srs"   "EPSG:900913 EPSG:4326 EPSG:102100 EPSG:3857"
    "wms_extent" "-126 24 -66 50"
  END
  OFFSITE 0 0 0
  PROCESSING "CLOSE_CONNECTION=NORMAL"
END
LAYER
  GROUP "nexrad-n0q-900913-m40m"
  NAME "nexrad-n0q-900913-m40m-pr"
  STATUS ON
  DATA "/mesonet/ldmdata/gis/images/900913/PRCOMP/n0q_8.tif"
  TYPE RASTER
  MINSCALE 0
  MAXSCALE 4650000000000000
  PROJECTION
    "init=epsg:3857"
  END
  METADATA
    "wms_title" "NEXRAD BASE REFLECT (GOOGLE) M40 MINS"
    "wms_srs"   "EPSG:900913 EPSG:4326 EPSG:102100 EPSG:3857"
    "wms_extent" "-126 24 -66 50"
  END
  OFFSITE 0 0 0
  PROCESSING "CLOSE_CONNECTION=NORMAL"
END
#-------------------------------------------------
LAYER
  NAME "nexrad-n0q-900913-m45m-conus"
  GROUP "nexrad-n0q-900913-m45m"
  STATUS ON
  DATA "/mesonet/ldmdata/gis/images/900913/USCOMP/n0q_9.tif"
  TYPE RASTER
  MINSCALE 0
  MAXSCALE 4650000000000000
  PROJECTION
    "init=epsg:3857"
  END
  METADATA
    "wms_title" "NEXRAD BASE REFLECT (GOOGLE) M45 MINS"
    "wms_srs"   "EPSG:900913 EPSG:4326 EPSG:102100 EPSG:3857"
    "wms_extent" "-126 24 -66 50"
  END
  OFFSITE 0 0 0
  PROCESSING "CLOSE_CONNECTION=NORMAL"
END
LAYER
  NAME "nexrad-n0q-900913-m45m-hi"
  GROUP "nexrad-n0q-900913-m45m"
  STATUS ON
  DATA "/mesonet/ldmdata/gis/images/900913/HICOMP/n0q_9.tif"
  TYPE RASTER
  MINSCALE 0
  MAXSCALE 4650000000000000
  PROJECTION
    "init=epsg:3857"
  END
  METADATA
    "wms_title" "NEXRAD BASE REFLECT (GOOGLE) M45 MINS"
    "wms_srs"   "EPSG:900913 EPSG:4326 EPSG:102100 EPSG:3857"
    "wms_extent" "-126 24 -66 50"
  END
  OFFSITE 0 0 0
  PROCESSING "CLOSE_CONNECTION=NORMAL"
END
LAYER
  NAME "nexrad-n0q-900913-m45m-ak"
  GROUP "nexrad-n0q-900913-m45m"
  STATUS ON
  DATA "/mesonet/ldmdata/gis/images/900913/AKCOMP/n0q_9.tif"
  TYPE RASTER
  MINSCALE 0
  MAXSCALE 4650000000000000
  PROJECTION
    "init=epsg:3857"
  END
  METADATA
    "wms_title" "NEXRAD BASE REFLECT (GOOGLE) M45 MINS"
    "wms_srs"   "EPSG:900913 EPSG:4326 EPSG:102100 EPSG:3857"
    "wms_extent" "-126 24 -66 50"
  END
  OFFSITE 0 0 0
  PROCESSING "CLOSE_CONNECTION=NORMAL"
END
LAYER
  NAME "nexrad-n0q-900913-m45m-pr"
  GROUP "nexrad-n0q-900913-m45m"
  STATUS ON
  DATA "/mesonet/ldmdata/gis/images/900913/PRCOMP/n0q_9.tif"
  TYPE RASTER
  MINSCALE 0
  MAXSCALE 4650000000000000
  PROJECTION
    "init=epsg:3857"
  END
  METADATA
    "wms_title" "NEXRAD BASE REFLECT (GOOGLE) M45 MINS"
    "wms_srs"   "EPSG:900913 EPSG:4326 EPSG:102100 EPSG:3857"
    "wms_extent" "-126 24 -66 50"
  END
  OFFSITE 0 0 0
  PROCESSING "CLOSE_CONNECTION=NORMAL"
END
#----------------------------------------------------
LAYER
  NAME "nexrad-n0q-900913-m50m-conus"
  GROUP "nexrad-n0q-900913-m50m"
  STATUS ON
  DATA "/mesonet/ldmdata/gis/images/900913/USCOMP/n0q_10.tif"
  TYPE RASTER
  MINSCALE 0
  MAXSCALE 4650000000000000
  PROJECTION
    "init=epsg:3857"
  END
  METADATA
    "wms_title" "NEXRAD BASE REFLECT (GOOGLE) M50 MINS"
    "wms_srs"   "EPSG:900913 EPSG:4326 EPSG:102100 EPSG:3857"
    "wms_extent" "-126 24 -66 50"
  END
  OFFSITE 0 0 0
  PROCESSING "CLOSE_CONNECTION=NORMAL"
END
LAYER
  NAME "nexrad-n0q-900913-m50m-ak"
  GROUP "nexrad-n0q-900913-m50m"
  STATUS ON
  DATA "/mesonet/ldmdata/gis/images/900913/AKCOMP/n0q_10.tif"
  TYPE RASTER
  MINSCALE 0
  MAXSCALE 4650000000000000
  PROJECTION
    "init=epsg:3857"
  END
  METADATA
    "wms_title" "NEXRAD BASE REFLECT (GOOGLE) M50 MINS"
    "wms_srs"   "EPSG:900913 EPSG:4326 EPSG:102100 EPSG:3857"
    "wms_extent" "-126 24 -66 50"
  END
  OFFSITE 0 0 0
  PROCESSING "CLOSE_CONNECTION=NORMAL"
END
LAYER
  NAME "nexrad-n0q-900913-m50m-hi"
  GROUP "nexrad-n0q-900913-m50m"
  STATUS ON
  DATA "/mesonet/ldmdata/gis/images/900913/HICOMP/n0q_10.tif"
  TYPE RASTER
  MINSCALE 0
  MAXSCALE 4650000000000000
  PROJECTION
    "init=epsg:3857"
  END
  METADATA
    "wms_title" "NEXRAD BASE REFLECT (GOOGLE) M50 MINS"
    "wms_srs"   "EPSG:900913 EPSG:4326 EPSG:102100 EPSG:3857"
    "wms_extent" "-126 24 -66 50"
  END
  OFFSITE 0 0 0
  PROCESSING "CLOSE_CONNECTION=NORMAL"
END
LAYER
  NAME "nexrad-n0q-900913-m50m-pr"
  GROUP "nexrad-n0q-900913-m50m"
  STATUS ON
  DATA "/mesonet/ldmdata/gis/images/900913/PRCOMP/n0q_10.tif"
  TYPE RASTER
  MINSCALE 0
  MAXSCALE 4650000000000000
  PROJECTION
    "init=epsg:3857"
  END
  METADATA
    "wms_title" "NEXRAD BASE REFLECT (GOOGLE) M50 MINS"
    "wms_srs"   "EPSG:900913 EPSG:4326 EPSG:102100 EPSG:3857"
    "wms_extent" "-126 24 -66 50"
  END
  OFFSITE 0 0 0
  PROCESSING "CLOSE_CONNECTION=NORMAL"
END
#-------------------------------------------
#-------------------------------------------
#-------------------------------------------
LAYER
  NAME "nexrad-n0q-conus"
  GROUP "nexrad-n0q"
  STATUS ON
  DATA "/mesonet/ldmdata/gis/images/4326/USCOMP/n0q_0.tif"
  TYPE RASTER
  MINSCALE 0
  MAXSCALE 465000000
  PROJECTION
   "init=epsg:4326"
  END
  METADATA
    "wms_title" "NEXRAD BASE REFLECT CURRENT"
    "wms_srs"   "EPSG:4326 EPSG:26915"
    "wms_extent" "-126 24 -66 50"
  END
  OFFSITE 0 0 0
  PROCESSING "CLOSE_CONNECTION=NORMAL"
END
LAYER
  NAME "nexrad-n0q-hi"
  GROUP "nexrad-n0q"
  STATUS ON
  DATA "/mesonet/ldmdata/gis/images/4326/HICOMP/n0q_0.tif"
  TYPE RASTER
  MINSCALE 0
  MAXSCALE 465000000
  PROJECTION
   "init=epsg:4326"
  END
  METADATA
    "wms_title" "NEXRAD BASE REFLECT CURRENT"
    "wms_srs"   "EPSG:4326 EPSG:26915"
    "wms_extent" "-126 24 -66 50"
  END
  OFFSITE 0 0 0
  PROCESSING "CLOSE_CONNECTION=NORMAL"
END
LAYER
  NAME "nexrad-n0q-ak"
  GROUP "nexrad-n0q"
  STATUS ON
  DATA "/mesonet/ldmdata/gis/images/4326/AKCOMP/n0q_0.tif"
  TYPE RASTER
  MINSCALE 0
  MAXSCALE 465000000
  PROJECTION
   "init=epsg:4326"
  END
  METADATA
    "wms_title" "NEXRAD BASE REFLECT CURRENT"
    "wms_srs"   "EPSG:4326 EPSG:26915"
    "wms_extent" "-126 24 -66 50"
  END
  OFFSITE 0 0 0
  PROCESSING "CLOSE_CONNECTION=NORMAL"
END
LAYER
  NAME "nexrad-n0q-pr"
  GROUP "nexrad-n0q"
  STATUS ON
  DATA "/mesonet/ldmdata/gis/images/4326/PRCOMP/n0q_0.tif"
  TYPE RASTER
  MINSCALE 0
  MAXSCALE 465000000
  PROJECTION
   "init=epsg:4326"
  END
  METADATA
    "wms_title" "NEXRAD BASE REFLECT CURRENT"
    "wms_srs"   "EPSG:4326 EPSG:26915"
    "wms_extent" "-126 24 -66 50"
  END
  OFFSITE 0 0 0
  PROCESSING "CLOSE_CONNECTION=NORMAL"
END
#----------------------------------------
LAYER
  NAME "nexrad-n0q-m05m-conus"
  GROUP "nexrad-n0q-m05m"
  STATUS ON
  DATA "/mesonet/ldmdata/gis/images/4326/USCOMP/n0q_1.tif"
  TYPE RASTER
  MINSCALE 0
  MAXSCALE 465000000
  PROJECTION
   "init=epsg:4326"
  END
  METADATA
    "wms_title" "NEXRAD BASE REFLECT M5 MINS"
    "wms_srs"   "EPSG:4326 EPSG:26915"
    "wms_extent" "-126 24 -66 50"
  END
  OFFSITE 0 0 0
  PROCESSING "CLOSE_CONNECTION=NORMAL"
END
LAYER
  NAME "nexrad-n0q-m05m-hi"
  GROUP "nexrad-n0q-m05m"
  STATUS ON
  DATA "/mesonet/ldmdata/gis/images/4326/HICOMP/n0q_1.tif"
  TYPE RASTER
  MINSCALE 0
  MAXSCALE 465000000
  PROJECTION
   "init=epsg:4326"
  END
  METADATA
    "wms_title" "NEXRAD BASE REFLECT M5 MINS"
    "wms_srs"   "EPSG:4326 EPSG:26915"
    "wms_extent" "-126 24 -66 50"
  END
  OFFSITE 0 0 0
  PROCESSING "CLOSE_CONNECTION=NORMAL"
END
LAYER
  NAME "nexrad-n0q-m05m-ak"
  GROUP "nexrad-n0q-m05m"
  STATUS ON
  DATA "/mesonet/ldmdata/gis/images/4326/AKCOMP/n0q_1.tif"
  TYPE RASTER
  MINSCALE 0
  MAXSCALE 465000000
  PROJECTION
   "init=epsg:4326"
  END
  METADATA
    "wms_title" "NEXRAD BASE REFLECT M5 MINS"
    "wms_srs"   "EPSG:4326 EPSG:26915"
    "wms_extent" "-126 24 -66 50"
  END
  OFFSITE 0 0 0
  PROCESSING "CLOSE_CONNECTION=NORMAL"
END
LAYER
  NAME "nexrad-n0q-m05m-pr"
  GROUP "nexrad-n0q-m05m"
  STATUS ON
  DATA "/mesonet/ldmdata/gis/images/4326/PRCOMP/n0q_1.tif"
  TYPE RASTER
  MINSCALE 0
  MAXSCALE 465000000
  PROJECTION
   "init=epsg:4326"
  END
  METADATA
    "wms_title" "NEXRAD BASE REFLECT M5 MINS"
    "wms_srs"   "EPSG:4326 EPSG:26915"
    "wms_extent" "-126 24 -66 50"
  END
  OFFSITE 0 0 0
  PROCESSING "CLOSE_CONNECTION=NORMAL"
END
#----------------------------
LAYER
  NAME "nexrad-n0q-m10m-conus"
  GROUP "nexrad-n0q-m10m"
  STATUS ON
  DATA "/mesonet/ldmdata/gis/images/4326/USCOMP/n0q_2.tif"
  TYPE RASTER
  MINSCALE 0
  MAXSCALE 465000000
  PROJECTION
    "init=epsg:4326"
  END
  METADATA
    "wms_title" "NEXRAD BASE REFLECT M10 MINS"
    "wms_srs"   "EPSG:4326 EPSG:26915"
    "wms_extent" "-126 24 -66 50"
  END
  OFFSITE 0 0 0
  PROCESSING "CLOSE_CONNECTION=NORMAL"
END
LAYER
  NAME "nexrad-n0q-m10m-hi"
  GROUP "nexrad-n0q-m10m"
  STATUS ON
  DATA "/mesonet/ldmdata/gis/images/4326/HICOMP/n0q_2.tif"
  TYPE RASTER
  MINSCALE 0
  MAXSCALE 465000000
  PROJECTION
    "init=epsg:4326"
  END
  METADATA
    "wms_title" "NEXRAD BASE REFLECT M10 MINS"
    "wms_srs"   "EPSG:4326 EPSG:26915"
    "wms_extent" "-126 24 -66 50"
  END
  OFFSITE 0 0 0
  PROCESSING "CLOSE_CONNECTION=NORMAL"
END
LAYER
  NAME "nexrad-n0q-m10m-ak"
  GROUP "nexrad-n0q-m10m"
  STATUS ON
  DATA "/mesonet/ldmdata/gis/images/4326/AKCOMP/n0q_2.tif"
  TYPE RASTER
  MINSCALE 0
  MAXSCALE 465000000
  PROJECTION
    "init=epsg:4326"
  END
  METADATA
    "wms_title" "NEXRAD BASE REFLECT M10 MINS"
    "wms_srs"   "EPSG:4326 EPSG:26915"
    "wms_extent" "-126 24 -66 50"
  END
  OFFSITE 0 0 0
  PROCESSING "CLOSE_CONNECTION=NORMAL"
END
LAYER
  NAME "nexrad-n0q-m10m-pr"
  GROUP "nexrad-n0q-m10m"
  STATUS ON
  DATA "/mesonet/ldmdata/gis/images/4326/PRCOMP/n0q_2.tif"
  TYPE RASTER
  MINSCALE 0
  MAXSCALE 465000000
  PROJECTION
    "init=epsg:4326"
  END
  METADATA
    "wms_title" "NEXRAD BASE REFLECT M10 MINS"
    "wms_srs"   "EPSG:4326 EPSG:26915"
    "wms_extent" "-126 24 -66 50"
  END
  OFFSITE 0 0 0
  PROCESSING "CLOSE_CONNECTION=NORMAL"
END
#----------------------
LAYER
  NAME "nexrad-n0q-m15m-conus"
  GROUP "nexrad-n0q-m15m"
  STATUS ON
  DATA "/mesonet/ldmdata/gis/images/4326/USCOMP/n0q_3.tif"
  TYPE RASTER
  MINSCALE 0
  MAXSCALE 465000000
  PROJECTION
    "init=epsg:4326"
  END
  METADATA
    "wms_title" "NEXRAD BASE REFLECT M15 MINS"
    "wms_srs"   "EPSG:4326 EPSG:26915"
    "wms_extent" "-126 24 -66 50"
  END
  OFFSITE 0 0 0
  PROCESSING "CLOSE_CONNECTION=NORMAL"
END
LAYER
  NAME "nexrad-n0q-m15m-hi"
  GROUP "nexrad-n0q-m15m"
  STATUS ON
  DATA "/mesonet/ldmdata/gis/images/4326/HICOMP/n0q_3.tif"
  TYPE RASTER
  MINSCALE 0
  MAXSCALE 465000000
  PROJECTION
    "init=epsg:4326"
  END
  METADATA
    "wms_title" "NEXRAD BASE REFLECT M15 MINS"
    "wms_srs"   "EPSG:4326 EPSG:26915"
    "wms_extent" "-126 24 -66 50"
  END
  OFFSITE 0 0 0
  PROCESSING "CLOSE_CONNECTION=NORMAL"
END
LAYER
  NAME "nexrad-n0q-m15m-ak"
  GROUP "nexrad-n0q-m15m"
  STATUS ON
  DATA "/mesonet/ldmdata/gis/images/4326/AKCOMP/n0q_3.tif"
  TYPE RASTER
  MINSCALE 0
  MAXSCALE 465000000
  PROJECTION
    "init=epsg:4326"
  END
  METADATA
    "wms_title" "NEXRAD BASE REFLECT M15 MINS"
    "wms_srs"   "EPSG:4326 EPSG:26915"
    "wms_extent" "-126 24 -66 50"
  END
  OFFSITE 0 0 0
  PROCESSING "CLOSE_CONNECTION=NORMAL"
END
LAYER
  NAME "nexrad-n0q-m15m-pr"
  GROUP "nexrad-n0q-m15m"
  STATUS ON
  DATA "/mesonet/ldmdata/gis/images/4326/PRCOMP/n0q_3.tif"
  TYPE RASTER
  MINSCALE 0
  MAXSCALE 465000000
  PROJECTION
    "init=epsg:4326"
  END
  METADATA
    "wms_title" "NEXRAD BASE REFLECT M15 MINS"
    "wms_srs"   "EPSG:4326 EPSG:26915"
    "wms_extent" "-126 24 -66 50"
  END
  OFFSITE 0 0 0
  PROCESSING "CLOSE_CONNECTION=NORMAL"
END
#-----------------------------
LAYER
  NAME "nexrad-n0q-m20m-conus"
  GROUP "nexrad-n0q-m20m"
  STATUS ON
  DATA "/mesonet/ldmdata/gis/images/4326/USCOMP/n0q_4.tif"
  TYPE RASTER
  MINSCALE 0
  MAXSCALE 465000000
  PROJECTION
    "init=epsg:4326"
  END
  METADATA
    "wms_title" "NEXRAD BASE REFLECT M20 MINS"
    "wms_srs"   "EPSG:4326 EPSG:26915"
    "wms_extent" "-126 24 -66 50"
  END
  OFFSITE 0 0 0
  PROCESSING "CLOSE_CONNECTION=NORMAL"
END
LAYER
  NAME "nexrad-n0q-m20m-hi"
  GROUP "nexrad-n0q-m20m"
  STATUS ON
  DATA "/mesonet/ldmdata/gis/images/4326/HICOMP/n0q_4.tif"
  TYPE RASTER
  MINSCALE 0
  MAXSCALE 465000000
  PROJECTION
    "init=epsg:4326"
  END
  METADATA
    "wms_title" "NEXRAD BASE REFLECT M20 MINS"
    "wms_srs"   "EPSG:4326 EPSG:26915"
    "wms_extent" "-126 24 -66 50"
  END
  OFFSITE 0 0 0
  PROCESSING "CLOSE_CONNECTION=NORMAL"
END
LAYER
  NAME "nexrad-n0q-m20m-ak"
  GROUP "nexrad-n0q-m20m"
  STATUS ON
  DATA "/mesonet/ldmdata/gis/images/4326/AKCOMP/n0q_4.tif"
  TYPE RASTER
  MINSCALE 0
  MAXSCALE 465000000
  PROJECTION
    "init=epsg:4326"
  END
  METADATA
    "wms_title" "NEXRAD BASE REFLECT M20 MINS"
    "wms_srs"   "EPSG:4326 EPSG:26915"
    "wms_extent" "-126 24 -66 50"
  END
  OFFSITE 0 0 0
  PROCESSING "CLOSE_CONNECTION=NORMAL"
END
LAYER
  NAME "nexrad-n0q-m20m-pr"
  GROUP "nexrad-n0q-m20m"
  STATUS ON
  DATA "/mesonet/ldmdata/gis/images/4326/PRCOMP/n0q_4.tif"
  TYPE RASTER
  MINSCALE 0
  MAXSCALE 465000000
  PROJECTION
    "init=epsg:4326"
  END
  METADATA
    "wms_title" "NEXRAD BASE REFLECT M20 MINS"
    "wms_srs"   "EPSG:4326 EPSG:26915"
    "wms_extent" "-126 24 -66 50"
  END
  OFFSITE 0 0 0
  PROCESSING "CLOSE_CONNECTION=NORMAL"
END
#-------------------------------
LAYER
  NAME "nexrad-n0q-m25m-conus"
  GROUP "nexrad-n0q-m25m"
  STATUS ON
  DATA "/mesonet/ldmdata/gis/images/4326/USCOMP/n0q_5.tif"
  TYPE RASTER
  MINSCALE 0
  MAXSCALE 465000000
  PROJECTION
    "init=epsg:4326"
  END
  METADATA
    "wms_title" "NEXRAD BASE REFLECT M25 MINS"
    "wms_srs"   "EPSG:4326 EPSG:26915"
    "wms_extent" "-126 24 -66 50"
  END
  OFFSITE 0 0 0
  PROCESSING "CLOSE_CONNECTION=NORMAL"
END
LAYER
  NAME "nexrad-n0q-m25m-hi"
  GROUP "nexrad-n0q-m25m"
  STATUS ON
  DATA "/mesonet/ldmdata/gis/images/4326/HICOMP/n0q_5.tif"
  TYPE RASTER
  MINSCALE 0
  MAXSCALE 465000000
  PROJECTION
    "init=epsg:4326"
  END
  METADATA
    "wms_title" "NEXRAD BASE REFLECT M25 MINS"
    "wms_srs"   "EPSG:4326 EPSG:26915"
    "wms_extent" "-126 24 -66 50"
  END
  OFFSITE 0 0 0
  PROCESSING "CLOSE_CONNECTION=NORMAL"
END
LAYER
  NAME "nexrad-n0q-m25m-ak"
  GROUP "nexrad-n0q-m25m"
  STATUS ON
  DATA "/mesonet/ldmdata/gis/images/4326/AKCOMP/n0q_5.tif"
  TYPE RASTER
  MINSCALE 0
  MAXSCALE 465000000
  PROJECTION
    "init=epsg:4326"
  END
  METADATA
    "wms_title" "NEXRAD BASE REFLECT M25 MINS"
    "wms_srs"   "EPSG:4326 EPSG:26915"
    "wms_extent" "-126 24 -66 50"
  END
  OFFSITE 0 0 0
  PROCESSING "CLOSE_CONNECTION=NORMAL"
END
LAYER
  NAME "nexrad-n0q-m25m-pr"
  GROUP "nexrad-n0q-m25m"
  STATUS ON
  DATA "/mesonet/ldmdata/gis/images/4326/PRCOMP/n0q_5.tif"
  TYPE RASTER
  MINSCALE 0
  MAXSCALE 465000000
  PROJECTION
    "init=epsg:4326"
  END
  METADATA
    "wms_title" "NEXRAD BASE REFLECT M25 MINS"
    "wms_srs"   "EPSG:4326 EPSG:26915"
    "wms_extent" "-126 24 -66 50"
  END
  OFFSITE 0 0 0
  PROCESSING "CLOSE_CONNECTION=NORMAL"
END
#------------------------------------
LAYER
  NAME "nexrad-n0q-m30m-conus"
  GROUP "nexrad-n0q-m30m"
  STATUS ON
  DATA "/mesonet/ldmdata/gis/images/4326/USCOMP/n0q_6.tif"
  TYPE RASTER
  MINSCALE 0
  MAXSCALE 465000000
  PROJECTION
    "init=epsg:4326"
  END
  METADATA
    "wms_title" "NEXRAD BASE REFLECT M30 MINS"
    "wms_srs"   "EPSG:4326 EPSG:26915"
    "wms_extent" "-126 24 -66 50"
  END
  OFFSITE 0 0 0
  PROCESSING "CLOSE_CONNECTION=NORMAL"
END
LAYER
  NAME "nexrad-n0q-m30m-hi"
  GROUP "nexrad-n0q-m30m"
  STATUS ON
  DATA "/mesonet/ldmdata/gis/images/4326/HICOMP/n0q_6.tif"
  TYPE RASTER
  MINSCALE 0
  MAXSCALE 465000000
  PROJECTION
    "init=epsg:4326"
  END
  METADATA
    "wms_title" "NEXRAD BASE REFLECT M30 MINS"
    "wms_srs"   "EPSG:4326 EPSG:26915"
    "wms_extent" "-126 24 -66 50"
  END
  OFFSITE 0 0 0
  PROCESSING "CLOSE_CONNECTION=NORMAL"
END
LAYER
  NAME "nexrad-n0q-m30m-ak"
  GROUP "nexrad-n0q-m30m"
  STATUS ON
  DATA "/mesonet/ldmdata/gis/images/4326/AKCOMP/n0q_6.tif"
  TYPE RASTER
  MINSCALE 0
  MAXSCALE 465000000
  PROJECTION
    "init=epsg:4326"
  END
  METADATA
    "wms_title" "NEXRAD BASE REFLECT M30 MINS"
    "wms_srs"   "EPSG:4326 EPSG:26915"
    "wms_extent" "-126 24 -66 50"
  END
  OFFSITE 0 0 0
  PROCESSING "CLOSE_CONNECTION=NORMAL"
END
LAYER
  NAME "nexrad-n0q-m30m-pr"
  GROUP "nexrad-n0q-m30m"
  STATUS ON
  DATA "/mesonet/ldmdata/gis/images/4326/PRCOMP/n0q_6.tif"
  TYPE RASTER
  MINSCALE 0
  MAXSCALE 465000000
  PROJECTION
    "init=epsg:4326"
  END
  METADATA
    "wms_title" "NEXRAD BASE REFLECT M30 MINS"
    "wms_srs"   "EPSG:4326 EPSG:26915"
    "wms_extent" "-126 24 -66 50"
  END
  OFFSITE 0 0 0
  PROCESSING "CLOSE_CONNECTION=NORMAL"
END
#------------------------------
LAYER
  NAME "nexrad-n0q-m35m-conus"
  GROUP "nexrad-n0q-m35m"
  STATUS ON
  DATA "/mesonet/ldmdata/gis/images/4326/USCOMP/n0q_7.tif"
  TYPE RASTER
  MINSCALE 0
  MAXSCALE 465000000
  PROJECTION
    "init=epsg:4326"
  END
  METADATA
    "wms_title" "NEXRAD BASE REFLECT M35 MINS"
    "wms_srs"   "EPSG:4326 EPSG:26915"
    "wms_extent" "-126 24 -66 50"
  END
  OFFSITE 0 0 0
  PROCESSING "CLOSE_CONNECTION=NORMAL"
END
LAYER
  NAME "nexrad-n0q-m35m-hi"
  GROUP "nexrad-n0q-m35m"
  STATUS ON
  DATA "/mesonet/ldmdata/gis/images/4326/HICOMP/n0q_7.tif"
  TYPE RASTER
  MINSCALE 0
  MAXSCALE 465000000
  PROJECTION
    "init=epsg:4326"
  END
  METADATA
    "wms_title" "NEXRAD BASE REFLECT M35 MINS"
    "wms_srs"   "EPSG:4326 EPSG:26915"
    "wms_extent" "-126 24 -66 50"
  END
  OFFSITE 0 0 0
  PROCESSING "CLOSE_CONNECTION=NORMAL"
END
LAYER
  NAME "nexrad-n0q-m35m-ak"
  GROUP "nexrad-n0q-m35m"
  STATUS ON
  DATA "/mesonet/ldmdata/gis/images/4326/AKCOMP/n0q_7.tif"
  TYPE RASTER
  MINSCALE 0
  MAXSCALE 465000000
  PROJECTION
    "init=epsg:4326"
  END
  METADATA
    "wms_title" "NEXRAD BASE REFLECT M35 MINS"
    "wms_srs"   "EPSG:4326 EPSG:26915"
    "wms_extent" "-126 24 -66 50"
  END
  OFFSITE 0 0 0
  PROCESSING "CLOSE_CONNECTION=NORMAL"
END
LAYER
  NAME "nexrad-n0q-m35m-pr"
  GROUP "nexrad-n0q-m35m"
  STATUS ON
  DATA "/mesonet/ldmdata/gis/images/4326/PRCOMP/n0q_7.tif"
  TYPE RASTER
  MINSCALE 0
  MAXSCALE 465000000
  PROJECTION
    "init=epsg:4326"
  END
  METADATA
    "wms_title" "NEXRAD BASE REFLECT M35 MINS"
    "wms_srs"   "EPSG:4326 EPSG:26915"
    "wms_extent" "-126 24 -66 50"
  END
  OFFSITE 0 0 0
  PROCESSING "CLOSE_CONNECTION=NORMAL"
END
#---------------------------------------
LAYER
  GROUP "nexrad-n0q-m40m"
  NAME "nexrad-n0q-m40m-conus"
  STATUS ON
  DATA "/mesonet/ldmdata/gis/images/4326/USCOMP/n0q_8.tif"
  TYPE RASTER
  MINSCALE 0
  MAXSCALE 465000000
  PROJECTION
    "init=epsg:4326"
  END
  METADATA
    "wms_title" "NEXRAD BASE REFLECT M40 MINS"
    "wms_srs"   "EPSG:4326 EPSG:26915"
    "wms_extent" "-126 24 -66 50"
  END
  OFFSITE 0 0 0
  PROCESSING "CLOSE_CONNECTION=NORMAL"
END
LAYER
  GROUP "nexrad-n0q-m40m"
  NAME "nexrad-n0q-m40m-ak"
  STATUS ON
  DATA "/mesonet/ldmdata/gis/images/4326/AKCOMP/n0q_8.tif"
  TYPE RASTER
  MINSCALE 0
  MAXSCALE 465000000
  PROJECTION
    "init=epsg:4326"
  END
  METADATA
    "wms_title" "NEXRAD BASE REFLECT M40 MINS"
    "wms_srs"   "EPSG:4326 EPSG:26915"
    "wms_extent" "-126 24 -66 50"
  END
  OFFSITE 0 0 0
  PROCESSING "CLOSE_CONNECTION=NORMAL"
END
LAYER
  GROUP "nexrad-n0q-m40m"
  NAME "nexrad-n0q-m40m-hi"
  STATUS ON
  DATA "/mesonet/ldmdata/gis/images/4326/HICOMP/n0q_8.tif"
  TYPE RASTER
  MINSCALE 0
  MAXSCALE 465000000
  PROJECTION
    "init=epsg:4326"
  END
  METADATA
    "wms_title" "NEXRAD BASE REFLECT M40 MINS"
    "wms_srs"   "EPSG:4326 EPSG:26915"
    "wms_extent" "-126 24 -66 50"
  END
  OFFSITE 0 0 0
  PROCESSING "CLOSE_CONNECTION=NORMAL"
END
LAYER
  GROUP "nexrad-n0q-m40m"
  NAME "nexrad-n0q-m40m-pr"
  STATUS ON
  DATA "/mesonet/ldmdata/gis/images/4326/PRCOMP/n0q_8.tif"
  TYPE RASTER
  MINSCALE 0
  MAXSCALE 465000000
  PROJECTION
    "init=epsg:4326"
  END
  METADATA
    "wms_title" "NEXRAD BASE REFLECT M40 MINS"
    "wms_srs"   "EPSG:4326 EPSG:26915"
    "wms_extent" "-126 24 -66 50"
  END
  OFFSITE 0 0 0
  PROCESSING "CLOSE_CONNECTION=NORMAL"
END
#-------------------------------------------
LAYER
  NAME "nexrad-n0q-m45m-conus"
  GROUP "nexrad-n0q-m45m"
  STATUS ON
  DATA "/mesonet/ldmdata/gis/images/4326/USCOMP/n0q_9.tif"
  TYPE RASTER
  MINSCALE 0
  MAXSCALE 465000000
  PROJECTION
    "init=epsg:4326"
  END
  METADATA
    "wms_title" "NEXRAD BASE REFLECT M45 MINS"
    "wms_srs"   "EPSG:4326 EPSG:26915"
    "wms_extent" "-126 24 -66 50"
  END
  OFFSITE 0 0 0
  PROCESSING "CLOSE_CONNECTION=NORMAL"
END
LAYER
  NAME "nexrad-n0q-m45m-hi"
  GROUP "nexrad-n0q-m45m"
  STATUS ON
  DATA "/mesonet/ldmdata/gis/images/4326/HICOMP/n0q_9.tif"
  TYPE RASTER
  MINSCALE 0
  MAXSCALE 465000000
  PROJECTION
    "init=epsg:4326"
  END
  METADATA
    "wms_title" "NEXRAD BASE REFLECT M45 MINS"
    "wms_srs"   "EPSG:4326 EPSG:26915"
    "wms_extent" "-126 24 -66 50"
  END
  OFFSITE 0 0 0
  PROCESSING "CLOSE_CONNECTION=NORMAL"
END
LAYER
  NAME "nexrad-n0q-m45m-ak"
  GROUP "nexrad-n0q-m45m"
  STATUS ON
  DATA "/mesonet/ldmdata/gis/images/4326/AKCOMP/n0q_9.tif"
  TYPE RASTER
  MINSCALE 0
  MAXSCALE 465000000
  PROJECTION
    "init=epsg:4326"
  END
  METADATA
    "wms_title" "NEXRAD BASE REFLECT M45 MINS"
    "wms_srs"   "EPSG:4326 EPSG:26915"
    "wms_extent" "-126 24 -66 50"
  END
  OFFSITE 0 0 0
  PROCESSING "CLOSE_CONNECTION=NORMAL"
END
LAYER
  NAME "nexrad-n0q-m45m-pr"
  GROUP "nexrad-n0q-m45m"
  STATUS ON
  DATA "/mesonet/ldmdata/gis/images/4326/PRCOMP/n0q_9.tif"
  TYPE RASTER
  MINSCALE 0
  MAXSCALE 465000000
  PROJECTION
    "init=epsg:4326"
  END
  METADATA
    "wms_title" "NEXRAD BASE REFLECT M45 MINS"
    "wms_srs"   "EPSG:4326 EPSG:26915"
    "wms_extent" "-126 24 -66 50"
  END
  OFFSITE 0 0 0
  PROCESSING "CLOSE_CONNECTION=NORMAL"
END
#-----------------------------
LAYER
  GROUP "nexrad-n0q-m50m"
  NAME "nexrad-n0q-m50m-conus"
  STATUS ON
  DATA "/mesonet/ldmdata/gis/images/4326/USCOMP/n0q_10.tif"
  TYPE RASTER
  MINSCALE 0
  MAXSCALE 465000000
  PROJECTION
    "init=epsg:4326"
  END
  METADATA
    "wms_title" "NEXRAD BASE REFLECT M50 MINS"
    "wms_srs"   "EPSG:4326 EPSG:26915"
    "wms_extent" "-126 24 -66 50"
  END
  OFFSITE 0 0 0
  PROCESSING "CLOSE_CONNECTION=NORMAL"
END
LAYER
  GROUP "nexrad-n0q-m50m"
  NAME "nexrad-n0q-m50m-ak"
  STATUS ON
  DATA "/mesonet/ldmdata/gis/images/4326/AKCOMP/n0q_10.tif"
  TYPE RASTER
  MINSCALE 0
  MAXSCALE 465000000
  PROJECTION
    "init=epsg:4326"
  END
  METADATA
    "wms_title" "NEXRAD BASE REFLECT M50 MINS"
    "wms_srs"   "EPSG:4326 EPSG:26915"
    "wms_extent" "-126 24 -66 50"
  END
  OFFSITE 0 0 0
  PROCESSING "CLOSE_CONNECTION=NORMAL"
END
LAYER
  GROUP "nexrad-n0q-m50m"
  NAME "nexrad-n0q-m50m-pr"
  STATUS ON
  DATA "/mesonet/ldmdata/gis/images/4326/PRCOMP/n0q_10.tif"
  TYPE RASTER
  MINSCALE 0
  MAXSCALE 465000000
  PROJECTION
    "init=epsg:4326"
  END
  METADATA
    "wms_title" "NEXRAD BASE REFLECT M50 MINS"
    "wms_srs"   "EPSG:4326 EPSG:26915"
    "wms_extent" "-126 24 -66 50"
  END
  OFFSITE 0 0 0
  PROCESSING "CLOSE_CONNECTION=NORMAL"
END
LAYER
  GROUP "nexrad-n0q-m50m"
  NAME "nexrad-n0q-m50m-hi"
  STATUS ON
  DATA "/mesonet/ldmdata/gis/images/4326/HICOMP/n0q_10.tif"
  TYPE RASTER
  MINSCALE 0
  MAXSCALE 465000000
  PROJECTION
    "init=epsg:4326"
  END
  METADATA
    "wms_title" "NEXRAD BASE REFLECT M50 MINS"
    "wms_srs"   "EPSG:4326 EPSG:26915"
    "wms_extent" "-126 24 -66 50"
  END
  OFFSITE 0 0 0
  PROCESSING "CLOSE_CONNECTION=NORMAL"
END


END
