MAP
#
# Start of map file
#
NAME "nexrad_base_reflect"
STATUS ON
SIZE 800 600
#SYMBOLSET symbols/symbol.sym
EXTENT -126 24 -66 50
UNITS DD
SHAPEPATH "/mesonet/data/gis/"
IMAGECOLOR -1 -1 -1
#CONFIG "ON_MISSING_DATA" "IGNORE"


#
# Projection definition, consult the PROJ.4 documentation for parameter discussion
#
PROJECTION
   "init=epsg:4326"
END

#
# Start of web interface definition
#
WEB
#  HEADER ia_header.html
  TEMPLATE ia.html
#  FOOTER ia_footer.html
  MINSCALE 90000
  MAXSCALE 4650000
  IMAGEPATH "/var/webtmp/"
  IMAGEURL "/tmp/"
  #LOG "/tmp/w0.log"
  METADATA
   "wms_title" "IEM WMS Service"
   "wms_onlineresource" "https://mesonet.agron.iastate.edu/cgi-bin/wms/nexrad/n0r-t.cgi?"
   "wms_srs" "EPSG:4326 EPSG:900913 EPSG:102100 EPSG:3857"
   "wms_abstract" "IEM generated CONUS composite of NWS WSR-88D level III base reflectivity."
   "wms_keywords" "NEXRAD,N0R"
   "wms_accessconstraints" "None"
   "wms_contactperson" "Daryl Herzmann"
   "wms_contactorganization" "Iowa State University"
   "wms_enable_request" "*"
   "wms_timeformat" "YYYY-MM-DDTHH:MM:SSZ,YYYY-MM-DDTHH:MM"
    "ows_http_max_age" "86400"
  END
END

#  Tile Index
LAYER
  STATUS ON
  NAME "time_idx"
  #TYPE TILEINDEX  #No worky
  TYPE POLYGON
  DATA "the_geom from nexrad_n0r_tindex"
#  FILTER "datetime = '2006-06-23 03:10+00'"
  METADATA
    "wms_title" "NEXRAD BASE REFLECT"
    "wms_srs"   "EPSG:4326 EPSG:900913 EPSG:102100 EPSG:3857"
    "wms_extent" "-126 24 -66 50"
    "wms_timeextent" "1995-01-01/2021-12-31/PT5M"
    "wms_timeitem" "datetime"
    "wms_timedefault" "2006-06-23T03:10:00Z"
  END
  CONNECTION "user=nobody dbname=postgis host=iemdb-postgis.local"
  CONNECTIONTYPE postgis
  MAXFEATURES 5
END

# raster layer
LAYER
  NAME "nexrad-n0r-wmst"
  TYPE RASTER
  STATUS ON
  DEBUG ON
  PROJECTION
    "init=epsg:4326"
  END
  METADATA
    "wms_title" "NEXRAD BASE REFLECT"
    "wms_srs"   "EPSG:4326 EPSG:900913 EPSG:102100 EPSG:3857"
    "wms_extent" "-126 24 -66 50"
    "wms_timeextent" "1995-01-01/2021-12-31/PT5M"
    "wms_timeitem" "datetime"
    "wms_timedefault" "2006-06-23T03:10:00Z"
  END
  OFFSITE 0 0 0
  #TYPE POLYGON
  TILEITEM "filepath"
  TILEINDEX "time_idx"
END

END

