MAP
#
# Start of map file
#
NAME "nexrad_base_reflect"
STATUS ON
SIZE 450 350
#SYMBOLSET symbols/symbol.sym
EXTENT -126 24 -66 50
UNITS DD
SHAPEPATH "/mesonet/data/gis/"
IMAGECOLOR -1 -1 -1
#CONFIG "ON_MISSING_DATA" "IGNORE"


#
# Projection definition, consult the PROJ.4 documentation for parameter discussion
#
PROJECTION
   "init=epsg:4326"
END

#
# Start of web interface definition
#
WEB
#  HEADER ia_header.html
  TEMPLATE ia.html
#  FOOTER ia_footer.html
  MINSCALE 0
  MAXSCALE 465000000
  IMAGEPATH "/var/webtmp/"
  IMAGEURL "/tmp/"
  #LOG "/tmp/net-w0.log"
  METADATA
   "wms_title" "IEM WMS Service"
   "wms_onlineresource" "https://mesonet.agron.iastate.edu/cgi-bin/wms/nexrad/net.cgi?"
   "wms_srs" "EPSG:4326 epsg:900913 EPSG:102100 EPSG:3857"
   "wms_abstract" "IEM generated CONUS composite of NWS WSR-88D level III echo tops EET"
   "wms_keywords" "NEXRAD,NET"
   "wms_accessconstraints" "None"
   "wms_contactperson" "Daryl Herzmann"
   "wms_contactorganization" "Iowa State University"
   "wms_enable_request" "*"
    "ows_http_max_age" "300"
  END
END

#------------------------------------------------------
#
LAYER
  NAME "nexrad-net"
  STATUS ON
  DATA "/mesonet/ldmdata/gis/images/4326/USCOMP/eet_0.tif"
  TYPE RASTER
  MINSCALE 0
  MAXSCALE 465000000
  PROJECTION
   "init=epsg:4326"
  END
  METADATA
    "wms_title" "NEXRAD BASE REFLECT CURRENT"
    "wms_srs"   "EPSG:4326 EPSG:26915"
    "wms_extent" "-126 24 -66 50"
  END
  OFFSITE 0 0 0
  PROCESSING "CLOSE_CONNECTION=NORMAL"
END

LAYER
  NAME "nexrad-net-900913"
  STATUS ON
  DATA "/mesonet/ldmdata/gis/images/900913/USCOMP/eet_0.tif"
  TYPE RASTER
  MINSCALE 0
  MAXSCALE 4650000000000000
  PROJECTION
    "init=epsg:3857"
  END
  METADATA
    "wms_title" "NEXRAD BASE REFLECT (GOOGLE)"
    "wms_srs"   "EPSG:4326 EPSG:102100 EPSG:3857"
    "wms_extent" "-14026255 2753408 -7347086 6446275"
  END
  OFFSITE 0 0 0
  PROCESSING "CLOSE_CONNECTION=NORMAL"
END


LAYER
  NAME "nexrad-net-900913-m05m"
  STATUS ON
  DATA "/mesonet/ldmdata/gis/images/900913/USCOMP/eet_1.tif"
  TYPE RASTER
  MINSCALE 0
  MAXSCALE 4650000000000000
  PROJECTION
    "init=epsg:3857"
  END
  METADATA
    "wms_title" "NEXRAD BASE REFLECT (GOOGLE) M5 MINS"
    "wms_srs"   "EPSG:4326 EPSG:102100 EPSG:3857"
    "wms_extent" "-14026255 2753408 -7347086 6446275"
  END
  OFFSITE 0 0 0
  PROCESSING "CLOSE_CONNECTION=NORMAL"
END


LAYER
  NAME "nexrad-net-900913-m10m"
  STATUS ON
  DATA "/mesonet/ldmdata/gis/images/900913/USCOMP/eet_2.tif"
  TYPE RASTER
  MINSCALE 0
  MAXSCALE 4650000000000000
  PROJECTION
    "init=epsg:3857"
  END
  METADATA
    "wms_title" "NEXRAD BASE REFLECT (GOOGLE) M10 MINS"
    "wms_srs"   "EPSG:4326 EPSG:102100 EPSG:3857"
    "wms_extent" "-14026255 2753408 -7347086 6446275"
  END
  OFFSITE 0 0 0
  PROCESSING "CLOSE_CONNECTION=NORMAL"
END

LAYER
  NAME "nexrad-net-900913-m15m"
  STATUS ON
  DATA "/mesonet/ldmdata/gis/images/900913/USCOMP/eet_3.tif"
  TYPE RASTER
  MINSCALE 0
  MAXSCALE 4650000000000000
  PROJECTION
    "init=epsg:3857"
  END
  METADATA
    "wms_title" "NEXRAD BASE REFLECT (GOOGLE) M15 MINS"
    "wms_srs"   "EPSG:4326 EPSG:102100 EPSG:3857"
    "wms_extent" "-14026255 2753408 -7347086 6446275"
  END
  OFFSITE 0 0 0
  PROCESSING "CLOSE_CONNECTION=NORMAL"
END

LAYER
  NAME "nexrad-net-900913-m20m"
  STATUS ON
  DATA "/mesonet/ldmdata/gis/images/900913/USCOMP/eet_4.tif"
  TYPE RASTER
  MINSCALE 0
  MAXSCALE 4650000000000000
  PROJECTION
    "init=epsg:3857"
  END
  METADATA
    "wms_title" "NEXRAD BASE REFLECT (GOOGLE) M20 MINS"
    "wms_srs"   "EPSG:4326 EPSG:102100 EPSG:3857"
    "wms_extent" "-14026255 2753408 -7347086 6446275"
  END
  OFFSITE 0 0 0
  PROCESSING "CLOSE_CONNECTION=NORMAL"
END

LAYER
  NAME "nexrad-net-900913-m25m"
  STATUS ON
  DATA "/mesonet/ldmdata/gis/images/900913/USCOMP/eet_5.tif"
  TYPE RASTER
  MINSCALE 0
  MAXSCALE 4650000000000000
  PROJECTION
    "init=epsg:3857"
  END
  METADATA
    "wms_title" "NEXRAD BASE REFLECT (GOOGLE) M25 MINS"
    "wms_srs"   "EPSG:4326 EPSG:102100 EPSG:3857"
    "wms_extent" "-14026255 2753408 -7347086 6446275"
  END
  OFFSITE 0 0 0
  PROCESSING "CLOSE_CONNECTION=NORMAL"
END


LAYER
  NAME "nexrad-net-900913-m30m"
  STATUS ON
  DATA "/mesonet/ldmdata/gis/images/900913/USCOMP/eet_6.tif"
  TYPE RASTER
  MINSCALE 0
  MAXSCALE 4650000000000000
  PROJECTION
    "init=epsg:3857"
  END
  METADATA
    "wms_title" "NEXRAD BASE REFLECT (GOOGLE) M30 MINS"
    "wms_srs"   "EPSG:4326 EPSG:102100 EPSG:3857"
    "wms_extent" "-14026255 2753408 -7347086 6446275"
  END
  OFFSITE 0 0 0
  PROCESSING "CLOSE_CONNECTION=NORMAL"
END

LAYER
  NAME "nexrad-net-900913-m35m"
  STATUS ON
  DATA "/mesonet/ldmdata/gis/images/900913/USCOMP/eet_7.tif"
  TYPE RASTER
  MINSCALE 0
  MAXSCALE 4650000000000000
  PROJECTION
    "init=epsg:3857"
  END
  METADATA
    "wms_title" "NEXRAD BASE REFLECT (GOOGLE) M35 MINS"
    "wms_srs"   "EPSG:4326 EPSG:102100 EPSG:3857"
    "wms_extent" "-14026255 2753408 -7347086 6446275"
  END
  OFFSITE 0 0 0
  PROCESSING "CLOSE_CONNECTION=NORMAL"
END

LAYER
  NAME "nexrad-net-900913-m40m"
  STATUS ON
  DATA "/mesonet/ldmdata/gis/images/900913/USCOMP/eet_8.tif"
  TYPE RASTER
  MINSCALE 0
  MAXSCALE 4650000000000000
  PROJECTION
    "init=epsg:3857"
  END
  METADATA
    "wms_title" "NEXRAD BASE REFLECT (GOOGLE) M40 MINS"
    "wms_srs"   "EPSG:4326 EPSG:102100 EPSG:3857"
    "wms_extent" "-14026255 2753408 -7347086 6446275"
  END
  OFFSITE 0 0 0
  PROCESSING "CLOSE_CONNECTION=NORMAL"
END

LAYER
  NAME "nexrad-net-900913-m45m"
  STATUS ON
  DATA "/mesonet/ldmdata/gis/images/900913/USCOMP/eet_9.tif"
  TYPE RASTER
  MINSCALE 0
  MAXSCALE 4650000000000000
  PROJECTION
    "init=epsg:3857"
  END
  METADATA
    "wms_title" "NEXRAD BASE REFLECT (GOOGLE) M45 MINS"
    "wms_srs"   "EPSG:4326 EPSG:102100 EPSG:3857"
    "wms_extent" "-14026255 2753408 -7347086 6446275"
  END
  OFFSITE 0 0 0
  PROCESSING "CLOSE_CONNECTION=NORMAL"
END

LAYER
  NAME "nexrad-net-900913-m50m"
  STATUS ON
  DATA "/mesonet/ldmdata/gis/images/900913/USCOMP/eet_10.tif"
  TYPE RASTER
  MINSCALE 0
  MAXSCALE 4650000000000000
  PROJECTION
    "init=epsg:3857"
  END
  METADATA
    "wms_title" "NEXRAD BASE REFLECT (GOOGLE) M50 MINS"
    "wms_srs"   "EPSG:4326 EPSG:102100 EPSG:3857"
    "wms_extent" "-14026255 2753408 -7347086 6446275"
  END
  OFFSITE 0 0 0
  PROCESSING "CLOSE_CONNECTION=NORMAL"
END


LAYER
  NAME "nexrad-net-m05m"
  STATUS ON
  DATA "/mesonet/ldmdata/gis/images/4326/USCOMP/eet_1.tif"
  TYPE RASTER
  MINSCALE 0
  MAXSCALE 465000000
  PROJECTION
   "init=epsg:4326"
  END
  METADATA
    "wms_title" "NEXRAD BASE REFLECT M5 MINS"
    "wms_srs"   "EPSG:4326 EPSG:26915"
    "wms_extent" "-126 24 -66 50"
  END
  OFFSITE 0 0 0
  PROCESSING "CLOSE_CONNECTION=NORMAL"
END

LAYER
  NAME "nexrad-net-m10m"
  STATUS ON
  DATA "/mesonet/ldmdata/gis/images/4326/USCOMP/eet_2.tif"
  TYPE RASTER
  MINSCALE 0
  MAXSCALE 465000000
  PROJECTION
    "init=epsg:4326"
  END
  METADATA
    "wms_title" "NEXRAD BASE REFLECT M10 MINS"
    "wms_srs"   "EPSG:4326 EPSG:26915"
    "wms_extent" "-126 24 -66 50"
  END
  OFFSITE 0 0 0
  PROCESSING "CLOSE_CONNECTION=NORMAL"
END

LAYER
  NAME "nexrad-net-m15m"
  STATUS ON
  DATA "/mesonet/ldmdata/gis/images/4326/USCOMP/eet_3.tif"
  TYPE RASTER
  MINSCALE 0
  MAXSCALE 465000000
  PROJECTION
    "init=epsg:4326"
  END
  METADATA
    "wms_title" "NEXRAD BASE REFLECT M15 MINS"
    "wms_srs"   "EPSG:4326 EPSG:26915"
    "wms_extent" "-126 24 -66 50"
  END
  OFFSITE 0 0 0
  PROCESSING "CLOSE_CONNECTION=NORMAL"
END

LAYER
  NAME "nexrad-net-m20m"
  STATUS ON
  DATA "/mesonet/ldmdata/gis/images/4326/USCOMP/eet_4.tif"
  TYPE RASTER
  MINSCALE 0
  MAXSCALE 465000000
  PROJECTION
    "init=epsg:4326"
  END
  METADATA
    "wms_title" "NEXRAD BASE REFLECT M20 MINS"
    "wms_srs"   "EPSG:4326 EPSG:26915"
    "wms_extent" "-126 24 -66 50"
  END
  OFFSITE 0 0 0
  PROCESSING "CLOSE_CONNECTION=NORMAL"
END

LAYER
  NAME "nexrad-net-m25m"
  STATUS ON
  DATA "/mesonet/ldmdata/gis/images/4326/USCOMP/eet_5.tif"
  TYPE RASTER
  MINSCALE 0
  MAXSCALE 465000000
  PROJECTION
    "init=epsg:4326"
  END
  METADATA
    "wms_title" "NEXRAD BASE REFLECT M25 MINS"
    "wms_srs"   "EPSG:4326 EPSG:26915"
    "wms_extent" "-126 24 -66 50"
  END
  OFFSITE 0 0 0
  PROCESSING "CLOSE_CONNECTION=NORMAL"
END

LAYER
  NAME "nexrad-net-m30m"
  STATUS ON
  DATA "/mesonet/ldmdata/gis/images/4326/USCOMP/eet_6.tif"
  TYPE RASTER
  MINSCALE 0
  MAXSCALE 465000000
  PROJECTION
    "init=epsg:4326"
  END
  METADATA
    "wms_title" "NEXRAD BASE REFLECT M30 MINS"
    "wms_srs"   "EPSG:4326 EPSG:26915"
    "wms_extent" "-126 24 -66 50"
  END
  OFFSITE 0 0 0
  PROCESSING "CLOSE_CONNECTION=NORMAL"
END

LAYER
  NAME "nexrad-net-m35m"
  STATUS ON
  DATA "/mesonet/ldmdata/gis/images/4326/USCOMP/eet_7.tif"
  TYPE RASTER
  MINSCALE 0
  MAXSCALE 465000000
  PROJECTION
    "init=epsg:4326"
  END
  METADATA
    "wms_title" "NEXRAD BASE REFLECT M35 MINS"
    "wms_srs"   "EPSG:4326 EPSG:26915"
    "wms_extent" "-126 24 -66 50"
  END
  OFFSITE 0 0 0
  PROCESSING "CLOSE_CONNECTION=NORMAL"
END

LAYER
  NAME "nexrad-net-m40m"
  STATUS ON
  DATA "/mesonet/ldmdata/gis/images/4326/USCOMP/eet_8.tif"
  TYPE RASTER
  MINSCALE 0
  MAXSCALE 465000000
  PROJECTION
    "init=epsg:4326"
  END
  METADATA
    "wms_title" "NEXRAD BASE REFLECT M40 MINS"
    "wms_srs"   "EPSG:4326 EPSG:26915"
    "wms_extent" "-126 24 -66 50"
  END
  OFFSITE 0 0 0
  PROCESSING "CLOSE_CONNECTION=NORMAL"
END

LAYER
  NAME "nexrad-net-m45m"
  STATUS ON
  DATA "/mesonet/ldmdata/gis/images/4326/USCOMP/eet_9.tif"
  TYPE RASTER
  MINSCALE 0
  MAXSCALE 465000000
  PROJECTION
    "init=epsg:4326"
  END
  METADATA
    "wms_title" "NEXRAD BASE REFLECT M45 MINS"
    "wms_srs"   "EPSG:4326 EPSG:26915"
    "wms_extent" "-126 24 -66 50"
  END
  OFFSITE 0 0 0
  PROCESSING "CLOSE_CONNECTION=NORMAL"
END

LAYER
  NAME "nexrad-net-m50m"
  STATUS ON
  DATA "/mesonet/ldmdata/gis/images/4326/USCOMP/eet_10.tif"
  TYPE RASTER
  MINSCALE 0
  MAXSCALE 465000000
  PROJECTION
    "init=epsg:4326"
  END
  METADATA
    "wms_title" "NEXRAD BASE REFLECT M50 MINS"
    "wms_srs"   "EPSG:4326 EPSG:26915"
    "wms_extent" "-126 24 -66 50"
  END
  OFFSITE 0 0 0
  PROCESSING "CLOSE_CONNECTION=NORMAL"
END


END
