MAP
#
# Start of map file
#
NAME "nexrad_stormtotal_precip"
STATUS OFF
SIZE 450 350
#SYMBOLSET symbols/symbol.sym
EXTENT -126 24 -66 50
UNITS METERS
SHAPEPATH "/mesonet/data/gis/"
IMAGECOLOR -1 -1 -1


#
# Projection definition, consult the PROJ.4 documentation for parameter discussion
#
PROJECTION
   "init=epsg:4326"
END

#
# Start of web interface definition
#
WEB
#  HEADER ia_header.html
  TEMPLATE ia.html
#  FOOTER ia_footer.html
  IMAGEPATH "/var/webtmp/"
  IMAGEURL "/tmp/"
  #LOG "/tmp/ntp.log"
  METADATA
   "wms_title" "IEM NEXRAD NTP WMS"
   "wms_onlineresource" "https://mesonet.agron.iastate.edu/cgi-bin/wms/nexrad/ntp.cgi?"
   "wms_srs" "EPSG:4326"
   "wms_abstract" "IEM generated CONUS composite of NWS WSR-88D level III storm total precipitation."
   "wms_keywords" "NEXRAD,NTP"
   "wms_accessconstraints" "None"
   "wms_contactperson" "Daryl Herzmann"
   "wms_contactorganization" "Iowa State University"
      "wms_enable_request" "*"
    "ows_http_max_age" "300"
    "wms_allow_getmap_without_styles" "true"
  END
END

#------------------------------------------------------
#
LAYER
  NAME "nexrad-ntp"
  STATUS OFF
  DATA "/mesonet/ldmdata/gis/images/4326/USCOMP/ntp_0.tif"
  TYPE RASTER
  PROJECTION
    "init=epsg:4326"
  END
  METADATA
    "wms_title" "NEXRAD STORM TOTAL PRECIP"
    "wms_srs"   "EPSG:4326 EPSG:26915"
    "wms_extent" "-126 24 -66 50"
  END
  OFFSITE 0 0 0
END

END
